******************************************************************************
                  TI ARM Linker PC v20.2.1                     
******************************************************************************
>> Linked Wed Oct  7 21:41:35 2020

OUTPUT FILE NAME:   <lab4_1.1.out>
ENTRY POINT SYMBOL: "_c_int00_noargs"  address: 0000296d


MEMORY CONFIGURATION

         name            origin    length      used     unused   attr    fill
----------------------  --------  ---------  --------  --------  ----  --------
  MAIN                  00000000   00040000  00002d76  0003d28a  R  X
  INFO                  00200000   00004000  00000000  00004000  R  X
  SRAM_CODE             01000000   00010000  00000dbc  0000f244  RW X
  SRAM_DATA             20000000   00010000  00000dbc  0000f244  RW  


SEGMENT ALLOCATION MAP

run origin  load origin   length   init length attrs members
----------  ----------- ---------- ----------- ----- -------
00000000    00000000    00002d78   00002d78    r-x
  00000000    00000000    000000e4   000000e4    r-- .intvecs
  000000e4    000000e4    00002af0   00002af0    r-x .text
  00002bd4    00002bd4    0000010a   0000010a    r-- .const
  00002ce0    00002ce0    00000098   00000098    r-- .cinit
20000000    20000000    00000bbc   00000000    rw-
  20000000    20000000    00000800   00000000    rw- .sysmem
  20000800    20000800    000001f4   00000000    rw- .data
  200009f4    200009f4    000001c8   00000000    rw- .bss
2000fe00    2000fe00    00000200   00000000    rw-
  2000fe00    2000fe00    00000200   00000000    rw- .stack


SECTION ALLOCATION MAP

 output                                  attributes/
section   page    origin      length       input sections
--------  ----  ----------  ----------   ----------------
.intvecs   0    00000000    000000e4     
                  00000000    000000e4     startup_msp432p401r_ccs.obj (.intvecs:retain)

.text      0    000000e4    00002af0     
                  000000e4    00000a4e     rtsv7M4_T_le_v4SPD16_eabi.lib : _printfi.c.obj (.text:__TI_printfi)
                  00000b32    00000002     startup_msp432p401r_ccs.obj (.text:Default_Handler)
                  00000b34    00000270     rtsv7M4_T_le_v4SPD16_eabi.lib : _printfi.c.obj (.text:_pconv_a)
                  00000da4    000001d0                                   : _printfi.c.obj (.text:_pconv_g)
                  00000f74    000001b6                                   : fd_add_t2.asm.obj (.text)
                  0000112a    00000002                                   : _lock.c.obj (.text:_nop)
                  0000112c    0000013c                                   : _printfi.c.obj (.text:_pconv_e)
                  00001268    00000136                                   : fd_div_t2.asm.obj (.text)
                  0000139e    00000002                                   : div0.asm.obj (.text)
                  000013a0    00000124                                   : _printfi.c.obj (.text:fcvt)
                  000014c4    00000114                                   : fputs.c.obj (.text:fputs)
                  000015d8    00000110                                   : s_scalbn.c.obj (.text:scalbn)
                  000016e8    00000108                                   : memory.c.obj (.text:aligned_alloc)
                  000017f0    000000fc                                   : fd_mul_t2.asm.obj (.text)
                  000018ec    000000e4                                   : memory.c.obj (.text:free)
                  000019d0    000000dc                                   : setvbuf.c.obj (.text:setvbuf)
                  00001aac    000000b1                                   : _printfi.c.obj (.text:_ltostr)
                  00001b5d    00000001     --HOLE-- [fill = 0]
                  00001b5e    0000009c                                   : memcpy_t2.asm.obj (.text)
                  00001bfa    00000096                                   : ull_div_t2.asm.obj (.text)
                  00001c90    0000008c                                   : fputc.c.obj (.text:fputc)
                  00001d1c    00000086                                   : fd_cmp_t2.asm.obj (.text:__aeabi_cdcmple)
                  00001da2    00000086                                   : fd_cmp_t2.asm.obj (.text:__aeabi_cdrcmple)
                  00001e28    0000007a                                   : memset_t2.asm.obj (.text)
                  00001ea2    00000002     --HOLE-- [fill = 0]
                  00001ea4    00000078     system_msp432p401r.obj (.text:SystemInit)
                  00001f1c    00000074     rtsv7M4_T_le_v4SPD16_eabi.lib : fclose.c.obj (.text:__TI_closefile)
                  00001f90    00000074     main.obj (.text:main)
                  00002004    00000070     rtsv7M4_T_le_v4SPD16_eabi.lib : memory.c.obj (.text:split)
                  00002074    0000006e                                   : _printfi.c.obj (.text:_mcpy)
                  000020e2    00000002     --HOLE-- [fill = 0]
                  000020e4    0000006c                                   : hostrename.c.obj (.text:HOSTrename)
                  00002150    00000068                                   : hostlseek.c.obj (.text:HOSTlseek)
                  000021b8    00000068                                   : copy_decompress_lzss.c.obj (.text:decompress:lzss:__TI_decompress_lzss)
                  00002220    00000068                                   : printf.c.obj (.text:printf)
                  00002288    00000064                                   : s_frexp.c.obj (.text:frexp)
                  000022ec    00000064                                   : fseek.c.obj (.text:fseek)
                  00002350    00000062                                   : _io_perm.c.obj (.text:__TI_wrt_ok)
                  000023b2    00000002     --HOLE-- [fill = 0]
                  000023b4    00000060                                   : hostopen.c.obj (.text:HOSTopen)
                  00002414    0000005c                                   : close.c.obj (.text:close)
                  00002470    00000058                                   : hostread.c.obj (.text:HOSTread)
                  000024c8    00000058                                   : hostwrite.c.obj (.text:HOSTwrite)
                  00002520    00000056                                   : _printfi.c.obj (.text:_pconv_f)
                  00002576    00000054                                   : _ltoa.c.obj (.text:__TI_ltoa)
                  000025ca    00000052                                   : _printfi.c.obj (.text:_ecpy)
                  0000261c    0000004c                                   : fflush.c.obj (.text:__TI_doflush)
                  00002668    0000004c                                   : atoi.c.obj (.text:atoi)
                  000026b4    00000048                                   : exit.c.obj (.text:exit)
                  000026fc    00000048                                   : fd_toi_t2.asm.obj (.text)
                  00002744    00000044                                   : hostclose.c.obj (.text:HOSTclose)
                  00002788    00000044                                   : hostunlink.c.obj (.text:HOSTunlink)
                  000027cc    00000044                                   : autoinit.c.obj (.text:__TI_auto_init_nobinit_nopinit:__TI_auto_init_nobinit_nopinit)
                  00002810    00000044                                   : getdevice.c.obj (.text:getdevice)
                  00002854    0000003e                                   : _printfi.c.obj (.text:_fcpy)
                  00002892    00000002     --HOLE-- [fill = 0]
                  00002894    00000038                                   : trgmsg.c.obj (.text:__TI_writemsg)
                  000028cc    00000036                                   : strncpy.c.obj (.text:strncpy)
                  00002902    00000002     --HOLE-- [fill = 0]
                  00002904    00000034                                   : fopen.c.obj (.text:__TI_cleanup)
                  00002938    00000034                                   : trgmsg.c.obj (.text:__TI_readmsg)
                  0000296c    00000034                                   : boot_cortex_m.c.obj (.text:_c_int00_noargs:_c_int00_noargs)
                  000029a0    00000030                                   : getdevice.c.obj (.text:finddevice)
                  000029d0    0000002e                                   : i_tofd_t2.asm.obj (.text)
                  000029fe    00000002     --HOLE-- [fill = 0]
                  00002a00    0000002c                                   : unlink.c.obj (.text:unlink)
                  00002a2c    00000028                                   : memory.c.obj (.text:free_list_insert)
                  00002a54    00000028                                   : lseek.c.obj (.text:lseek)
                  00002a7c    00000028                                   : write.c.obj (.text:write)
                  00002aa4    00000020                                   : memchr.c.obj (.text:memchr)
                  00002ac4    0000001c                                   : copy_zero_init.c.obj (.text:decompress:ZI:__TI_zero_init_nomemset:__TI_zero_init_nomemset)
                  00002ae0    0000001c                                   : memory.c.obj (.text:free_list_remove)
                  00002afc    0000001c                                   : memccpy.c.obj (.text:memccpy)
                  00002b18    0000001a                                   : s_copysign.c.obj (.text:copysign)
                  00002b32    00000018                                   : strcmp.c.obj (.text:strcmp)
                  00002b4a    00000016                                   : strchr.c.obj (.text:strchr)
                  00002b60    00000014                                   : strcpy.c.obj (.text:strcpy)
                  00002b74    00000014                                   : strlen.c.obj (.text:strlen)
                  00002b88    00000012                                   : wcslen.c.obj (.text:wcslen)
                  00002b9a    0000000e                                   : copy_decompress_none.c.obj (.text:decompress:none:__TI_decompress_none)
                  00002ba8    0000000c     startup_msp432p401r_ccs.obj (.text:Reset_Handler)
                  00002bb4    00000008     rtsv7M4_T_le_v4SPD16_eabi.lib : errno.c.obj (.text:__aeabi_errno_addr)
                  00002bbc    00000008                                   : memory.c.obj (.text:malloc)
                  00002bc4    00000004                                   : printf.c.obj (.text:_outc)
                  00002bc8    00000004                                   : printf.c.obj (.text:_outs)
                  00002bcc    00000004                                   : pre_init.c.obj (.text:_system_pre_init)
                  00002bd0    00000004                                   : exit.c.obj (.text:abort:abort)

.const     0    00002bd4    0000010a     
                  00002bd4    00000101     rtsv7M4_T_le_v4SPD16_eabi.lib : ctype.c.obj (.const:.string:_ctypes_)
                  00002cd5    00000003     --HOLE-- [fill = 0]
                  00002cd8    00000006     main.obj (.const:.string)

.cinit     0    00002ce0    00000098     
                  00002ce0    00000073     (.cinit..data.load) [load image, compression = lzss]
                  00002d53    00000001     --HOLE-- [fill = 0]
                  00002d54    0000000c     (__TI_handler_table)
                  00002d60    00000008     (.cinit..bss.load) [load image, compression = zero_init]
                  00002d68    00000010     (__TI_cinit_table)

.init_array 
*          0    00000000    00000000     UNINITIALIZED

.binit     0    00000000    00000000     

.sysmem    0    20000000    00000800     UNINITIALIZED
                  20000000    00000010     rtsv7M4_T_le_v4SPD16_eabi.lib : memory.c.obj (.sysmem)
                  20000010    000007f0     --HOLE--

.data      0    20000800    000001f4     UNINITIALIZED
                  20000800    000000f0     rtsv7M4_T_le_v4SPD16_eabi.lib : defs.c.obj (.data:_ftable)
                  200008f0    00000078                                   : host_device.c.obj (.data:_device)
                  20000968    00000050                                   : host_device.c.obj (.data:_stream)
                  200009b8    00000010                                   : defs.c.obj (.data)
                  200009c8    0000000c                                   : exit.c.obj (.data:$O1$$)
                  200009d4    00000008                                   : _lock.c.obj (.data:$O1$$)
                  200009dc    00000008                                   : memory.c.obj (.data:$O1$$)
                  200009e4    00000006     main.obj (.data:string2)
                  200009ea    00000002     --HOLE--
                  200009ec    00000004     main.obj (.data)
                  200009f0    00000004     rtsv7M4_T_le_v4SPD16_eabi.lib : errno.c.obj (.data)

.bss       0    200009f4    000001c8     UNINITIALIZED
                  200009f4    00000120     rtsv7M4_T_le_v4SPD16_eabi.lib : trgmsg.c.obj (.bss:_CIOBUF_)
                  20000b14    000000a0     (.common:__TI_tmpnams)
                  20000bb4    00000008     (.common:parmbuf)

.stack     0    2000fe00    00000200     UNINITIALIZED
                  2000fe00    00000004     rtsv7M4_T_le_v4SPD16_eabi.lib : boot_cortex_m.c.obj (.stack)
                  2000fe04    000001fc     --HOLE--

__llvm_prf_cnts 
*          0    20000000    00000000     UNINITIALIZED

MODULE SUMMARY

       Module                        code    ro data   rw data
       ------                        ----    -------   -------
    .\
       main.obj                      116     6         20     
       system_msp432p401r.obj        120     0         0      
    +--+-----------------------------+-------+---------+---------+
       Total:                        236     6         20     
                                                              
    .\ccs\
       startup_msp432p401r_ccs.obj   14      228       0      
    +--+-----------------------------+-------+---------+---------+
       Total:                        14      228       0      
                                                              
    C:\ti\ccs1010\ccs\tools\compiler\ti-cgt-arm_20.2.1.LTS\lib\rtsv7M4_T_le_v4SPD16_eabi.lib
       _printfi.c.obj                4851    0         0      
       defs.c.obj                    0       0         832    
       memory.c.obj                  680     0         16     
       trgmsg.c.obj                  108     0         576    
       fd_add_t2.asm.obj             438     0         0      
       host_device.c.obj             0       0         400    
       fd_div_t2.asm.obj             310     0         0      
       fputs.c.obj                   276     0         0      
       s_scalbn.c.obj                272     0         0      
       fd_cmp_t2.asm.obj             268     0         0      
       ctype.c.obj                   0       257       0      
       fd_mul_t2.asm.obj             252     0         0      
       setvbuf.c.obj                 220     0         0      
       memcpy_t2.asm.obj             156     0         0      
       ull_div_t2.asm.obj            150     0         0      
       fputc.c.obj                   140     0         0      
       memset_t2.asm.obj             122     0         0      
       fclose.c.obj                  116     0         0      
       getdevice.c.obj               116     0         0      
       hostopen.c.obj                96      0         16     
       printf.c.obj                  112     0         0      
       hostrename.c.obj              108     0         0      
       copy_decompress_lzss.c.obj    104     0         0      
       hostlseek.c.obj               104     0         0      
       exit.c.obj                    76      0         24     
       fseek.c.obj                   100     0         0      
       s_frexp.c.obj                 100     0         0      
       _io_perm.c.obj                98      0         0      
       close.c.obj                   92      0         0      
       hostread.c.obj                88      0         0      
       hostwrite.c.obj               88      0         0      
       _ltoa.c.obj                   84      0         0      
       atoi.c.obj                    76      0         0      
       fflush.c.obj                  76      0         0      
       fd_toi_t2.asm.obj             72      0         0      
       autoinit.c.obj                68      0         0      
       hostclose.c.obj               68      0         0      
       hostunlink.c.obj              68      0         0      
       strncpy.c.obj                 54      0         0      
       boot_cortex_m.c.obj           52      0         0      
       fopen.c.obj                   52      0         0      
       i_tofd_t2.asm.obj             46      0         0      
       unlink.c.obj                  44      0         0      
       lseek.c.obj                   40      0         0      
       write.c.obj                   40      0         0      
       memchr.c.obj                  32      0         0      
       copy_zero_init.c.obj          28      0         0      
       memccpy.c.obj                 28      0         0      
       s_copysign.c.obj              26      0         0      
       strcmp.c.obj                  24      0         0      
       strchr.c.obj                  22      0         0      
       strcpy.c.obj                  20      0         0      
       strlen.c.obj                  20      0         0      
       _lock.c.obj                   2       0         16     
       wcslen.c.obj                  18      0         0      
       errno.c.obj                   8       0         8      
       copy_decompress_none.c.obj    14      0         0      
       pre_init.c.obj                4       0         0      
       div0.asm.obj                  2       0         0      
    +--+-----------------------------+-------+---------+---------+
       Total:                        10729   257       1888   
                                                              
       Heap:                         0       0         4096   
       Stack:                        0       0         1024   
       Linker Generated:             0       151       0      
    +--+-----------------------------+-------+---------+---------+
       Grand Total:                  10979   642       7028   


LINKER GENERATED COPY TABLES

__TI_cinit_table @ 00002d68 records: 2, size/record: 8, table size: 16
	.data: load addr=00002ce0, load size=00000073 bytes, run addr=20000800, run size=000001f4 bytes, compression=lzss
	.bss: load addr=00002d60, load size=00000008 bytes, run addr=200009f4, run size=000001c8 bytes, compression=zero_init


LINKER GENERATED HANDLER TABLE

__TI_handler_table @ 00002d54 records: 3, size/record: 4, table size: 12
	index: 0, handler: __TI_decompress_lzss
	index: 1, handler: __TI_decompress_none
	index: 2, handler: __TI_zero_init


GLOBAL SYMBOLS: SORTED ALPHABETICALLY BY Name 

address   name                           
-------   ----                           
00000b33  ADC14_IRQHandler               
00000b33  AES256_IRQHandler              
00000b33  BusFault_Handler               
00002bd1  C$$EXIT                        
000028c3  C$$IO$$                        
00000b33  COMP_E0_IRQHandler             
00000b33  COMP_E1_IRQHandler             
00000b33  CS_IRQHandler                  
00000b33  DMA_ERR_IRQHandler             
00000b33  DMA_INT0_IRQHandler            
00000b33  DMA_INT1_IRQHandler            
00000b33  DMA_INT2_IRQHandler            
00000b33  DMA_INT3_IRQHandler            
00000b33  DebugMon_Handler               
00000b33  Default_Handler                
00000b33  EUSCIA0_IRQHandler             
00000b33  EUSCIA1_IRQHandler             
00000b33  EUSCIA2_IRQHandler             
00000b33  EUSCIA3_IRQHandler             
00000b33  EUSCIB0_IRQHandler             
00000b33  EUSCIB1_IRQHandler             
00000b33  EUSCIB2_IRQHandler             
00000b33  EUSCIB3_IRQHandler             
00000b33  FLCTL_IRQHandler               
00000b33  FPU_IRQHandler                 
00002745  HOSTclose                      
00002151  HOSTlseek                      
000023b5  HOSTopen                       
00002471  HOSTread                       
000020e5  HOSTrename                     
00002789  HOSTunlink                     
000024c9  HOSTwrite                      
00000b33  HardFault_Handler              
00000b33  MemManage_Handler              
00000b33  NMI_Handler                    
00000b33  PCM_IRQHandler                 
00000b33  PORT1_IRQHandler               
00000b33  PORT2_IRQHandler               
00000b33  PORT3_IRQHandler               
00000b33  PORT4_IRQHandler               
00000b33  PORT5_IRQHandler               
00000b33  PORT6_IRQHandler               
00000b33  PSS_IRQHandler                 
00000b33  PendSV_Handler                 
00000b33  RTC_C_IRQHandler               
00002ba9  Reset_Handler                  
00000b33  SVC_Handler                    
00000b33  SysTick_Handler                
00001ea5  SystemInit                     
00000b33  T32_INT1_IRQHandler            
00000b33  T32_INT2_IRQHandler            
00000b33  T32_INTC_IRQHandler            
00000b33  TA0_0_IRQHandler               
00000b33  TA0_N_IRQHandler               
00000b33  TA1_0_IRQHandler               
00000b33  TA1_N_IRQHandler               
00000b33  TA2_0_IRQHandler               
00000b33  TA2_N_IRQHandler               
00000b33  TA3_0_IRQHandler               
00000b33  TA3_N_IRQHandler               
00000b33  UsageFault_Handler             
4000480c  WDTCTL_SYM                     
00000b33  WDT_A_IRQHandler               
200009f4  __CIOBUF_                      
20010000  __STACK_END                    
00000200  __STACK_SIZE                   
00000800  __SYSMEM_SIZE                  
00002d68  __TI_CINIT_Base                
00002d78  __TI_CINIT_Limit               
00002d54  __TI_Handler_Table_Base        
00002d60  __TI_Handler_Table_Limit       
000027cd  __TI_auto_init_nobinit_nopinit 
00002905  __TI_cleanup                   
200009c8  __TI_cleanup_ptr               
00001f1d  __TI_closefile                 
000021b9  __TI_decompress_lzss           
00002b9b  __TI_decompress_none           
0000261d  __TI_doflush                   
200009cc  __TI_dtors_ptr                 
200009d0  __TI_enable_exit_profile_output
200009b8  __TI_ft_end                    
00002577  __TI_ltoa                      
ffffffff  __TI_pprof_out_hndl            
000000e5  __TI_printfi                   
ffffffff  __TI_prof_data_size            
ffffffff  __TI_prof_data_start           
00002939  __TI_readmsg                   
00000000  __TI_static_base__             
20000b14  __TI_tmpnams                   
00002895  __TI_writemsg                  
00002351  __TI_wrt_ok                    
00002ac5  __TI_zero_init_nomemset        
00001d1d  __aeabi_cdcmpeq                
00001d1d  __aeabi_cdcmple                
00001da3  __aeabi_cdrcmple               
000026fd  __aeabi_d2iz                   
00000f7f  __aeabi_dadd                   
00001269  __aeabi_ddiv                   
000017f1  __aeabi_dmul                   
00000f75  __aeabi_dsub                   
00002bb5  __aeabi_errno_addr             
000029d1  __aeabi_i2d                    
0000139f  __aeabi_idiv0                  
0000139f  __aeabi_ldiv0                  
00001e29  __aeabi_memclr                 
00001e29  __aeabi_memclr4                
00001e29  __aeabi_memclr8                
00001b5f  __aeabi_memcpy                 
00001b5f  __aeabi_memcpy4                
00001b5f  __aeabi_memcpy8                
00001e2b  __aeabi_memset                 
00001e2b  __aeabi_memset4                
00001e2b  __aeabi_memset8                
200009c4  __aeabi_stderr                 
200009bc  __aeabi_stdin                  
200009c0  __aeabi_stdout                 
00001bfb  __aeabi_uldivmod               
ffffffff  __binit__                      
ffffffff  __c_args__                     
UNDEFED   __mpu_init                     
2000fe00  __stack                        
20000000  __start___llvm_prf_cnts        
20000000  __stop___llvm_prf_cnts         
0000296d  _c_int00_noargs                
00002bd4  _ctypes_                       
200008f0  _device                        
20000800  _ftable                        
200009d4  _lock                          
0000112b  _nop                           
20000968  _stream                        
20000000  _sys_memory                    
UNDEFED   _system_post_cinit             
00002bcd  _system_pre_init               
200009d8  _unlock                        
00002bd1  abort                          
000016e9  aligned_alloc                  
00002669  atoi                           
ffffffff  binit                          
00002415  close                          
00002b19  copysign                       
00002b19  copysignl                      
200009f0  errno                          
000026b5  exit                           
000029a1  finddevice                     
00001c91  fputc                          
000014c5  fputs                          
000018ed  free                           
00002289  frexp                          
00002289  frexpl                         
000022ed  fseek                          
00002811  getdevice                      
00000000  interruptVectors               
000015d9  ldexp                          
000015d9  ldexpl                         
00002a55  lseek                          
00001f91  main                           
00002bbd  malloc                         
000016e9  memalign                       
00002afd  memccpy                        
00002aa5  memchr                         
00001b5f  memcpy                         
00001e31  memset                         
20000bb4  parmbuf                        
00002221  printf                         
00001c91  putc                           
00002a01  remove                         
000015d9  scalbn                         
000015d9  scalbnl                        
000019d1  setvbuf                        
00002b4b  strchr                         
00002b33  strcmp                         
00002b61  strcpy                         
200009ec  string1                        
200009e4  string2                        
00002b75  strlen                         
000028cd  strncpy                        
00002a01  unlink                         
00002b89  wcslen                         
00002a7d  write                          


GLOBAL SYMBOLS: SORTED BY Symbol Address 

address   name                           
-------   ----                           
00000000  __TI_static_base__             
00000000  interruptVectors               
000000e5  __TI_printfi                   
00000200  __STACK_SIZE                   
00000800  __SYSMEM_SIZE                  
00000b33  ADC14_IRQHandler               
00000b33  AES256_IRQHandler              
00000b33  BusFault_Handler               
00000b33  COMP_E0_IRQHandler             
00000b33  COMP_E1_IRQHandler             
00000b33  CS_IRQHandler                  
00000b33  DMA_ERR_IRQHandler             
00000b33  DMA_INT0_IRQHandler            
00000b33  DMA_INT1_IRQHandler            
00000b33  DMA_INT2_IRQHandler            
00000b33  DMA_INT3_IRQHandler            
00000b33  DebugMon_Handler               
00000b33  Default_Handler                
00000b33  EUSCIA0_IRQHandler             
00000b33  EUSCIA1_IRQHandler             
00000b33  EUSCIA2_IRQHandler             
00000b33  EUSCIA3_IRQHandler             
00000b33  EUSCIB0_IRQHandler             
00000b33  EUSCIB1_IRQHandler             
00000b33  EUSCIB2_IRQHandler             
00000b33  EUSCIB3_IRQHandler             
00000b33  FLCTL_IRQHandler               
00000b33  FPU_IRQHandler                 
00000b33  HardFault_Handler              
00000b33  MemManage_Handler              
00000b33  NMI_Handler                    
00000b33  PCM_IRQHandler                 
00000b33  PORT1_IRQHandler               
00000b33  PORT2_IRQHandler               
00000b33  PORT3_IRQHandler               
00000b33  PORT4_IRQHandler               
00000b33  PORT5_IRQHandler               
00000b33  PORT6_IRQHandler               
00000b33  PSS_IRQHandler                 
00000b33  PendSV_Handler                 
00000b33  RTC_C_IRQHandler               
00000b33  SVC_Handler                    
00000b33  SysTick_Handler                
00000b33  T32_INT1_IRQHandler            
00000b33  T32_INT2_IRQHandler            
00000b33  T32_INTC_IRQHandler            
00000b33  TA0_0_IRQHandler               
00000b33  TA0_N_IRQHandler               
00000b33  TA1_0_IRQHandler               
00000b33  TA1_N_IRQHandler               
00000b33  TA2_0_IRQHandler               
00000b33  TA2_N_IRQHandler               
00000b33  TA3_0_IRQHandler               
00000b33  TA3_N_IRQHandler               
00000b33  UsageFault_Handler             
00000b33  WDT_A_IRQHandler               
00000f75  __aeabi_dsub                   
00000f7f  __aeabi_dadd                   
0000112b  _nop                           
00001269  __aeabi_ddiv                   
0000139f  __aeabi_idiv0                  
0000139f  __aeabi_ldiv0                  
000014c5  fputs                          
000015d9  ldexp                          
000015d9  ldexpl                         
000015d9  scalbn                         
000015d9  scalbnl                        
000016e9  aligned_alloc                  
000016e9  memalign                       
000017f1  __aeabi_dmul                   
000018ed  free                           
000019d1  setvbuf                        
00001b5f  __aeabi_memcpy                 
00001b5f  __aeabi_memcpy4                
00001b5f  __aeabi_memcpy8                
00001b5f  memcpy                         
00001bfb  __aeabi_uldivmod               
00001c91  fputc                          
00001c91  putc                           
00001d1d  __aeabi_cdcmpeq                
00001d1d  __aeabi_cdcmple                
00001da3  __aeabi_cdrcmple               
00001e29  __aeabi_memclr                 
00001e29  __aeabi_memclr4                
00001e29  __aeabi_memclr8                
00001e2b  __aeabi_memset                 
00001e2b  __aeabi_memset4                
00001e2b  __aeabi_memset8                
00001e31  memset                         
00001ea5  SystemInit                     
00001f1d  __TI_closefile                 
00001f91  main                           
000020e5  HOSTrename                     
00002151  HOSTlseek                      
000021b9  __TI_decompress_lzss           
00002221  printf                         
00002289  frexp                          
00002289  frexpl                         
000022ed  fseek                          
00002351  __TI_wrt_ok                    
000023b5  HOSTopen                       
00002415  close                          
00002471  HOSTread                       
000024c9  HOSTwrite                      
00002577  __TI_ltoa                      
0000261d  __TI_doflush                   
00002669  atoi                           
000026b5  exit                           
000026fd  __aeabi_d2iz                   
00002745  HOSTclose                      
00002789  HOSTunlink                     
000027cd  __TI_auto_init_nobinit_nopinit 
00002811  getdevice                      
00002895  __TI_writemsg                  
000028c3  C$$IO$$                        
000028cd  strncpy                        
00002905  __TI_cleanup                   
00002939  __TI_readmsg                   
0000296d  _c_int00_noargs                
000029a1  finddevice                     
000029d1  __aeabi_i2d                    
00002a01  remove                         
00002a01  unlink                         
00002a55  lseek                          
00002a7d  write                          
00002aa5  memchr                         
00002ac5  __TI_zero_init_nomemset        
00002afd  memccpy                        
00002b19  copysign                       
00002b19  copysignl                      
00002b33  strcmp                         
00002b4b  strchr                         
00002b61  strcpy                         
00002b75  strlen                         
00002b89  wcslen                         
00002b9b  __TI_decompress_none           
00002ba9  Reset_Handler                  
00002bb5  __aeabi_errno_addr             
00002bbd  malloc                         
00002bcd  _system_pre_init               
00002bd1  C$$EXIT                        
00002bd1  abort                          
00002bd4  _ctypes_                       
00002d54  __TI_Handler_Table_Base        
00002d60  __TI_Handler_Table_Limit       
00002d68  __TI_CINIT_Base                
00002d78  __TI_CINIT_Limit               
20000000  __start___llvm_prf_cnts        
20000000  __stop___llvm_prf_cnts         
20000000  _sys_memory                    
20000800  _ftable                        
200008f0  _device                        
20000968  _stream                        
200009b8  __TI_ft_end                    
200009bc  __aeabi_stdin                  
200009c0  __aeabi_stdout                 
200009c4  __aeabi_stderr                 
200009c8  __TI_cleanup_ptr               
200009cc  __TI_dtors_ptr                 
200009d0  __TI_enable_exit_profile_output
200009d4  _lock                          
200009d8  _unlock                        
200009e4  string2                        
200009ec  string1                        
200009f0  errno                          
200009f4  __CIOBUF_                      
20000b14  __TI_tmpnams                   
20000bb4  parmbuf                        
2000fe00  __stack                        
20010000  __STACK_END                    
4000480c  WDTCTL_SYM                     
ffffffff  __TI_pprof_out_hndl            
ffffffff  __TI_prof_data_size            
ffffffff  __TI_prof_data_start           
ffffffff  __binit__                      
ffffffff  __c_args__                     
ffffffff  binit                          
UNDEFED   __mpu_init                     
UNDEFED   _system_post_cinit             

[179 symbols]
