******************************************************************************
                  TI ARM Linker PC v20.2.1                     
******************************************************************************
>> Linked Sun Sep 27 18:50:05 2020

OUTPUT FILE NAME:   <lab3_3.out>
ENTRY POINT SYMBOL: "_c_int00_noargs"  address: 00003079


MEMORY CONFIGURATION

         name            origin    length      used     unused   attr    fill
----------------------  --------  ---------  --------  --------  ----  --------
  MAIN                  00000000   00040000  0000351d  0003cae3  R  X
  INFO                  00200000   00004000  00000000  00004000  R  X
  SRAM_CODE             01000000   00010000  000015e4  0000ea1c  RW X
  SRAM_DATA             20000000   00010000  000015e4  0000ea1c  RW  


SEGMENT ALLOCATION MAP

run origin  load origin   length   init length attrs members
----------  ----------- ---------- ----------- ----- -------
00000000    00000000    00003520   00003520    r-x
  00000000    00000000    000000e4   000000e4    r-- .intvecs
  000000e4    000000e4    00003290   00003290    r-x .text
  00003374    00003374    00000101   00000101    r-- .const
  00003478    00003478    000000a8   000000a8    r-- .cinit
20000000    20000000    000013e4   00000000    rw-
  20000000    20000000    000009d8   00000000    rw- .bss
  200009d8    200009d8    00000800   00000000    rw- .sysmem
  200011d8    200011d8    0000020c   00000000    rw- .data
2000fe00    2000fe00    00000200   00000000    rw-
  2000fe00    2000fe00    00000200   00000000    rw- .stack


SECTION ALLOCATION MAP

 output                                  attributes/
section   page    origin      length       input sections
--------  ----  ----------  ----------   ----------------
.intvecs   0    00000000    000000e4     
                  00000000    000000e4     startup_msp432p401r_ccs.obj (.intvecs:retain)

.text      0    000000e4    00003290     
                  000000e4    00000a4e     rtsv7M4_T_le_v4SPD16_eabi.lib : _printfi.c.obj (.text:__TI_printfi)
                  00000b32    00000002     startup_msp432p401r_ccs.obj (.text:Default_Handler)
                  00000b34    000002ec     dma_crc32_transfer_calculation.obj (.text:main)
                  00000e20    00000270     rtsv7M4_T_le_v4SPD16_eabi.lib : _printfi.c.obj (.text:_pconv_a)
                  00001090    000001d0                                   : _printfi.c.obj (.text:_pconv_g)
                  00001260    000001b6                                   : fd_add_t2.asm.obj (.text)
                  00001416    00000002                                   : _lock.c.obj (.text:_nop)
                  00001418    0000013c                                   : _printfi.c.obj (.text:_pconv_e)
                  00001554    00000136                                   : fd_div_t2.asm.obj (.text)
                  0000168a    00000002                                   : div0.asm.obj (.text)
                  0000168c    00000124                                   : _printfi.c.obj (.text:fcvt)
                  000017b0    00000114                                   : fputs.c.obj (.text:fputs)
                  000018c4    00000110                                   : s_scalbn.c.obj (.text:scalbn)
                  000019d4    00000108                                   : memory.c.obj (.text:aligned_alloc)
                  00001adc    00000104     msp432p4xx_driverlib.lib : cs.o (.text:_CSComputeCLKFrequency)
                  00001be0    000000fc     rtsv7M4_T_le_v4SPD16_eabi.lib : fd_mul_t2.asm.obj (.text)
                  00001cdc    000000f8     msp432p4xx_driverlib.lib : cs.o (.text:CS_getDCOFrequency)
                  00001dd4    000000f0                              : dma.o (.text:DMA_setChannelTransfer)
                  00001ec4    000000e4     rtsv7M4_T_le_v4SPD16_eabi.lib : memory.c.obj (.text:free)
                  00001fa8    000000dc                                   : setvbuf.c.obj (.text:setvbuf)
                  00002084    000000b1                                   : _printfi.c.obj (.text:_ltostr)
                  00002135    00000001     --HOLE-- [fill = 0]
                  00002136    0000009c                                   : memcpy_t2.asm.obj (.text)
                  000021d2    00000096                                   : ull_div_t2.asm.obj (.text)
                  00002268    00000094     msp432p4xx_driverlib.lib : sysctl_a.o (.text:SysCtl_A_getTLVInfo)
                  000022fc    0000008c     rtsv7M4_T_le_v4SPD16_eabi.lib : fputc.c.obj (.text:fputc)
                  00002388    00000086                                   : fd_cmp_t2.asm.obj (.text:__aeabi_cdcmple)
                  0000240e    00000086                                   : fd_cmp_t2.asm.obj (.text:__aeabi_cdrcmple)
                  00002494    0000007c     msp432p4xx_driverlib.lib : cs.o (.text:_CSGetDOCFrequency)
                  00002510    0000007a     rtsv7M4_T_le_v4SPD16_eabi.lib : memset_t2.asm.obj (.text)
                  0000258a    00000002     --HOLE-- [fill = 0]
                  0000258c    00000078     system_msp432p401r.obj (.text:SystemInit)
                  00002604    00000074     rtsv7M4_T_le_v4SPD16_eabi.lib : fclose.c.obj (.text:__TI_closefile)
                  00002678    00000070                                   : memory.c.obj (.text:split)
                  000026e8    0000006e                                   : _printfi.c.obj (.text:_mcpy)
                  00002756    00000002     --HOLE-- [fill = 0]
                  00002758    0000006c                                   : hostrename.c.obj (.text:HOSTrename)
                  000027c4    00000068                                   : hostlseek.c.obj (.text:HOSTlseek)
                  0000282c    00000068                                   : copy_decompress_lzss.c.obj (.text:decompress:lzss:__TI_decompress_lzss)
                  00002894    00000068                                   : printf.c.obj (.text:printf)
                  000028fc    00000064                                   : s_frexp.c.obj (.text:frexp)
                  00002960    00000064                                   : fseek.c.obj (.text:fseek)
                  000029c4    00000062     msp432p4xx_driverlib.lib : cs.o (.text:_CSGetDividerValue)
                  00002a26    00000062     rtsv7M4_T_le_v4SPD16_eabi.lib : _io_perm.c.obj (.text:__TI_wrt_ok)
                  00002a88    00000060                                   : hostopen.c.obj (.text:HOSTopen)
                  00002ae8    0000005c                                   : close.c.obj (.text:close)
                  00002b44    00000058                                   : hostread.c.obj (.text:HOSTread)
                  00002b9c    00000058                                   : hostwrite.c.obj (.text:HOSTwrite)
                  00002bf4    00000056                                   : _printfi.c.obj (.text:_pconv_f)
                  00002c4a    00000054                                   : _ltoa.c.obj (.text:__TI_ltoa)
                  00002c9e    00000052                                   : _printfi.c.obj (.text:_ecpy)
                  00002cf0    0000004c                                   : fflush.c.obj (.text:__TI_doflush)
                  00002d3c    0000004c                                   : atoi.c.obj (.text:atoi)
                  00002d88    00000048                                   : exit.c.obj (.text:exit)
                  00002dd0    00000048                                   : fd_toi_t2.asm.obj (.text)
                  00002e18    00000044                                   : hostclose.c.obj (.text:HOSTclose)
                  00002e5c    00000044                                   : hostunlink.c.obj (.text:HOSTunlink)
                  00002ea0    00000044                                   : autoinit.c.obj (.text:__TI_auto_init_nobinit_nopinit:__TI_auto_init_nobinit_nopinit)
                  00002ee4    00000044                                   : getdevice.c.obj (.text:getdevice)
                  00002f28    0000003e                                   : _printfi.c.obj (.text:_fcpy)
                  00002f66    00000002     --HOLE-- [fill = 0]
                  00002f68    00000038     msp432p4xx_driverlib.lib : crc32.o (.text:CRC32_getResult)
                  00002fa0    00000038     rtsv7M4_T_le_v4SPD16_eabi.lib : trgmsg.c.obj (.text:__TI_writemsg)
                  00002fd8    00000036                                   : strncpy.c.obj (.text:strncpy)
                  0000300e    00000002     --HOLE-- [fill = 0]
                  00003010    00000034                                   : fopen.c.obj (.text:__TI_cleanup)
                  00003044    00000034                                   : trgmsg.c.obj (.text:__TI_readmsg)
                  00003078    00000034                                   : boot_cortex_m.c.obj (.text:_c_int00_noargs:_c_int00_noargs)
                  000030ac    00000030     msp432p4xx_driverlib.lib : cs.o (.text:CS_clearInterruptFlag)
                  000030dc    00000030     rtsv7M4_T_le_v4SPD16_eabi.lib : getdevice.c.obj (.text:finddevice)
                  0000310c    0000002e                                   : i_tofd_t2.asm.obj (.text)
                  0000313a    00000002     --HOLE-- [fill = 0]
                  0000313c    0000002c     dma_crc32_transfer_calculation.obj (.text:DMA_INT1_IRQHandler)
                  00003168    0000002c     rtsv7M4_T_le_v4SPD16_eabi.lib : unlink.c.obj (.text:unlink)
                  00003194    00000028     msp432p4xx_driverlib.lib : cs.o (.text:CS_getMCLK)
                  000031bc    00000028     rtsv7M4_T_le_v4SPD16_eabi.lib : memory.c.obj (.text:free_list_insert)
                  000031e4    00000028                                   : lseek.c.obj (.text:lseek)
                  0000320c    00000028                                   : write.c.obj (.text:write)
                  00003234    00000020                                   : memchr.c.obj (.text:memchr)
                  00003254    00000020                                   : u_tofd_t2.asm.obj (.text)
                  00003274    0000001c                                   : memory.c.obj (.text:free_list_remove)
                  00003290    0000001c                                   : memccpy.c.obj (.text:memccpy)
                  000032ac    0000001a                                   : s_copysign.c.obj (.text:copysign)
                  000032c6    00000018                                   : strcmp.c.obj (.text:strcmp)
                  000032de    00000016                                   : strchr.c.obj (.text:strchr)
                  000032f4    00000014                                   : strcpy.c.obj (.text:strcpy)
                  00003308    00000014                                   : strlen.c.obj (.text:strlen)
                  0000331c    00000012                                   : wcslen.c.obj (.text:wcslen)
                  0000332e    0000000e                                   : copy_decompress_none.c.obj (.text:decompress:none:__TI_decompress_none)
                  0000333c    0000000c     startup_msp432p401r_ccs.obj (.text:Reset_Handler)
                  00003348    0000000c     rtsv7M4_T_le_v4SPD16_eabi.lib : copy_zero_init.c.obj (.text:decompress:ZI:__TI_zero_init)
                  00003354    00000008                                   : errno.c.obj (.text:__aeabi_errno_addr)
                  0000335c    00000008                                   : memory.c.obj (.text:malloc)
                  00003364    00000004                                   : printf.c.obj (.text:_outc)
                  00003368    00000004                                   : printf.c.obj (.text:_outs)
                  0000336c    00000004                                   : pre_init.c.obj (.text:_system_pre_init)
                  00003370    00000004                                   : exit.c.obj (.text:abort:abort)

.const     0    00003374    00000101     
                  00003374    00000101     rtsv7M4_T_le_v4SPD16_eabi.lib : ctype.c.obj (.const:.string:_ctypes_)

.cinit     0    00003478    000000a8     
                  00003478    00000080     (.cinit..data.load) [load image, compression = lzss]
                  000034f8    0000000c     (__TI_handler_table)
                  00003504    00000004     --HOLE-- [fill = 0]
                  00003508    00000008     (.cinit..bss.load) [load image, compression = zero_init]
                  00003510    00000010     (__TI_cinit_table)

.init_array 
*          0    00000000    00000000     UNINITIALIZED

.binit     0    00000000    00000000     

.bss       0    20000000    000009d8     UNINITIALIZED
                  20000000    00000400     (.common:controlTable)
                  20000400    00000400     (.common:data_array)
                  20000800    00000120     rtsv7M4_T_le_v4SPD16_eabi.lib : trgmsg.c.obj (.bss:_CIOBUF_)
                  20000920    000000a0     (.common:__TI_tmpnams)
                  200009c0    00000008     msp432p4xx_driverlib.lib : cs.o (.bss)
                  200009c8    00000008     (.common:parmbuf)
                  200009d0    00000004     dma_crc32_transfer_calculation.obj (.bss)
                  200009d4    00000004     (.common:dma_done)

.sysmem    0    200009d8    00000800     UNINITIALIZED
                  200009d8    00000010     rtsv7M4_T_le_v4SPD16_eabi.lib : memory.c.obj (.sysmem)
                  200009e8    000007f0     --HOLE--

.data      0    200011d8    0000020c     UNINITIALIZED
                  200011d8    000000f0     rtsv7M4_T_le_v4SPD16_eabi.lib : defs.c.obj (.data:_ftable)
                  200012c8    00000078                                   : host_device.c.obj (.data:_device)
                  20001340    00000050                                   : host_device.c.obj (.data:_stream)
                  20001390    00000024     dma_crc32_transfer_calculation.obj (.data:size_array)
                  200013b4    00000010     rtsv7M4_T_le_v4SPD16_eabi.lib : defs.c.obj (.data)
                  200013c4    0000000c                                   : exit.c.obj (.data:$O1$$)
                  200013d0    00000008                                   : _lock.c.obj (.data:$O1$$)
                  200013d8    00000008                                   : memory.c.obj (.data:$O1$$)
                  200013e0    00000004                                   : errno.c.obj (.data)

.stack     0    2000fe00    00000200     UNINITIALIZED
                  2000fe00    00000004     rtsv7M4_T_le_v4SPD16_eabi.lib : boot_cortex_m.c.obj (.stack)
                  2000fe04    000001fc     --HOLE--

__llvm_prf_cnts 
*          0    20000000    00000000     UNINITIALIZED

MODULE SUMMARY

       Module                               code    ro data   rw data
       ------                               ----    -------   -------
    .\
       dma_crc32_transfer_calculation.obj   792     0         4184   
       system_msp432p401r.obj               120     0         0      
    +--+------------------------------------+-------+---------+---------+
       Total:                               912     0         4184   
                                                                     
    .\ccs\
       startup_msp432p401r_ccs.obj          14      228       0      
    +--+------------------------------------+-------+---------+---------+
       Total:                               14      228       0      
                                                                     
    C:/ti/simplelink_msp432p4_sdk_3_40_01_02/source/ti/devices/msp432p4xx/driverlib/ccs/msp432p4xx_driverlib.lib
       cs.o                                 818     0         16     
       dma.o                                240     0         0      
       sysctl_a.o                           148     0         0      
       crc32.o                              56      0         0      
    +--+------------------------------------+-------+---------+---------+
       Total:                               1262    0         16     
                                                                     
    C:\ti\ccs1010\ccs\tools\compiler\ti-cgt-arm_20.2.1.LTS\lib\rtsv7M4_T_le_v4SPD16_eabi.lib
       _printfi.c.obj                       4851    0         0      
       defs.c.obj                           0       0         832    
       memory.c.obj                         680     0         16     
       trgmsg.c.obj                         108     0         576    
       fd_add_t2.asm.obj                    438     0         0      
       host_device.c.obj                    0       0         400    
       fd_div_t2.asm.obj                    310     0         0      
       fputs.c.obj                          276     0         0      
       s_scalbn.c.obj                       272     0         0      
       fd_cmp_t2.asm.obj                    268     0         0      
       ctype.c.obj                          0       257       0      
       fd_mul_t2.asm.obj                    252     0         0      
       setvbuf.c.obj                        220     0         0      
       memcpy_t2.asm.obj                    156     0         0      
       ull_div_t2.asm.obj                   150     0         0      
       fputc.c.obj                          140     0         0      
       memset_t2.asm.obj                    122     0         0      
       fclose.c.obj                         116     0         0      
       getdevice.c.obj                      116     0         0      
       hostopen.c.obj                       96      0         16     
       printf.c.obj                         112     0         0      
       hostrename.c.obj                     108     0         0      
       copy_decompress_lzss.c.obj           104     0         0      
       hostlseek.c.obj                      104     0         0      
       exit.c.obj                           76      0         24     
       fseek.c.obj                          100     0         0      
       s_frexp.c.obj                        100     0         0      
       _io_perm.c.obj                       98      0         0      
       close.c.obj                          92      0         0      
       hostread.c.obj                       88      0         0      
       hostwrite.c.obj                      88      0         0      
       _ltoa.c.obj                          84      0         0      
       atoi.c.obj                           76      0         0      
       fflush.c.obj                         76      0         0      
       fd_toi_t2.asm.obj                    72      0         0      
       autoinit.c.obj                       68      0         0      
       hostclose.c.obj                      68      0         0      
       hostunlink.c.obj                     68      0         0      
       strncpy.c.obj                        54      0         0      
       boot_cortex_m.c.obj                  52      0         0      
       fopen.c.obj                          52      0         0      
       i_tofd_t2.asm.obj                    46      0         0      
       unlink.c.obj                         44      0         0      
       lseek.c.obj                          40      0         0      
       write.c.obj                          40      0         0      
       memchr.c.obj                         32      0         0      
       u_tofd_t2.asm.obj                    32      0         0      
       memccpy.c.obj                        28      0         0      
       s_copysign.c.obj                     26      0         0      
       strcmp.c.obj                         24      0         0      
       strchr.c.obj                         22      0         0      
       strcpy.c.obj                         20      0         0      
       strlen.c.obj                         20      0         0      
       _lock.c.obj                          2       0         16     
       wcslen.c.obj                         18      0         0      
       errno.c.obj                          8       0         8      
       copy_decompress_none.c.obj           14      0         0      
       copy_zero_init.c.obj                 12      0         0      
       pre_init.c.obj                       4       0         0      
       div0.asm.obj                         2       0         0      
    +--+------------------------------------+-------+---------+---------+
       Total:                               10745   257       1888   
                                                                     
       Heap:                                0       0         4096   
       Stack:                               0       0         1024   
       Linker Generated:                    0       164       0      
    +--+------------------------------------+-------+---------+---------+
       Grand Total:                         12933   649       11208  


LINKER GENERATED COPY TABLES

__TI_cinit_table @ 00003510 records: 2, size/record: 8, table size: 16
	.data: load addr=00003478, load size=00000080 bytes, run addr=200011d8, run size=0000020c bytes, compression=lzss
	.bss: load addr=00003508, load size=00000008 bytes, run addr=20000000, run size=000009d8 bytes, compression=zero_init


LINKER GENERATED HANDLER TABLE

__TI_handler_table @ 000034f8 records: 3, size/record: 4, table size: 12
	index: 0, handler: __TI_decompress_lzss
	index: 1, handler: __TI_decompress_none
	index: 2, handler: __TI_zero_init


GLOBAL SYMBOLS: SORTED ALPHABETICALLY BY Name 

address   name                           
-------   ----                           
00000b33  ADC14_IRQHandler               
00000b33  AES256_IRQHandler              
00000b33  BusFault_Handler               
00003371  C$$EXIT                        
00002fcf  C$$IO$$                        
00000b33  COMP_E0_IRQHandler             
00000b33  COMP_E1_IRQHandler             
00002f69  CRC32_getResult                
00000b33  CS_IRQHandler                  
000030ad  CS_clearInterruptFlag          
00001cdd  CS_getDCOFrequency             
00003195  CS_getMCLK                     
00000b33  DMA_ERR_IRQHandler             
00000b33  DMA_INT0_IRQHandler            
0000313d  DMA_INT1_IRQHandler            
0000313d  DMA_INT1_IRQHandler            
00000b33  DMA_INT2_IRQHandler            
00000b33  DMA_INT3_IRQHandler            
00001dd5  DMA_setChannelTransfer         
00000b33  DebugMon_Handler               
00000b33  Default_Handler                
00000b33  EUSCIA0_IRQHandler             
00000b33  EUSCIA1_IRQHandler             
00000b33  EUSCIA2_IRQHandler             
00000b33  EUSCIA3_IRQHandler             
00000b33  EUSCIB0_IRQHandler             
00000b33  EUSCIB1_IRQHandler             
00000b33  EUSCIB2_IRQHandler             
00000b33  EUSCIB3_IRQHandler             
00000b33  FLCTL_IRQHandler               
00000b33  FPU_IRQHandler                 
00002e19  HOSTclose                      
000027c5  HOSTlseek                      
00002a89  HOSTopen                       
00002b45  HOSTread                       
00002759  HOSTrename                     
00002e5d  HOSTunlink                     
00002b9d  HOSTwrite                      
00000b33  HardFault_Handler              
00000b33  MemManage_Handler              
00000b33  NMI_Handler                    
00000b33  PCM_IRQHandler                 
00000b33  PORT1_IRQHandler               
00000b33  PORT2_IRQHandler               
00000b33  PORT3_IRQHandler               
00000b33  PORT4_IRQHandler               
00000b33  PORT5_IRQHandler               
00000b33  PORT6_IRQHandler               
00000b33  PSS_IRQHandler                 
00000b33  PendSV_Handler                 
00000b33  RTC_C_IRQHandler               
0000333d  Reset_Handler                  
00000b33  SVC_Handler                    
00002269  SysCtl_A_getTLVInfo            
00000b33  SysTick_Handler                
0000258d  SystemInit                     
00000b33  T32_INT1_IRQHandler            
00000b33  T32_INT2_IRQHandler            
00000b33  T32_INTC_IRQHandler            
00000b33  TA0_0_IRQHandler               
00000b33  TA0_N_IRQHandler               
00000b33  TA1_0_IRQHandler               
00000b33  TA1_N_IRQHandler               
00000b33  TA2_0_IRQHandler               
00000b33  TA2_N_IRQHandler               
00000b33  TA3_0_IRQHandler               
00000b33  TA3_N_IRQHandler               
00000b33  UsageFault_Handler             
4000480c  WDTCTL_SYM                     
00000b33  WDT_A_IRQHandler               
20000800  __CIOBUF_                      
20010000  __STACK_END                    
00000200  __STACK_SIZE                   
00000800  __SYSMEM_SIZE                  
00003510  __TI_CINIT_Base                
00003520  __TI_CINIT_Limit               
000034f8  __TI_Handler_Table_Base        
00003504  __TI_Handler_Table_Limit       
00002ea1  __TI_auto_init_nobinit_nopinit 
00003011  __TI_cleanup                   
200013c4  __TI_cleanup_ptr               
00002605  __TI_closefile                 
0000282d  __TI_decompress_lzss           
0000332f  __TI_decompress_none           
00002cf1  __TI_doflush                   
200013c8  __TI_dtors_ptr                 
200013cc  __TI_enable_exit_profile_output
200013b4  __TI_ft_end                    
00002c4b  __TI_ltoa                      
ffffffff  __TI_pprof_out_hndl            
000000e5  __TI_printfi                   
ffffffff  __TI_prof_data_size            
ffffffff  __TI_prof_data_start           
00003045  __TI_readmsg                   
00000000  __TI_static_base__             
20000920  __TI_tmpnams                   
00002fa1  __TI_writemsg                  
00002a27  __TI_wrt_ok                    
00003349  __TI_zero_init                 
00002389  __aeabi_cdcmpeq                
00002389  __aeabi_cdcmple                
0000240f  __aeabi_cdrcmple               
00002dd1  __aeabi_d2iz                   
0000126b  __aeabi_dadd                   
00001555  __aeabi_ddiv                   
00001be1  __aeabi_dmul                   
00001261  __aeabi_dsub                   
00003355  __aeabi_errno_addr             
0000310d  __aeabi_i2d                    
0000168b  __aeabi_idiv0                  
0000168b  __aeabi_ldiv0                  
00002511  __aeabi_memclr                 
00002511  __aeabi_memclr4                
00002511  __aeabi_memclr8                
00002137  __aeabi_memcpy                 
00002137  __aeabi_memcpy4                
00002137  __aeabi_memcpy8                
00002513  __aeabi_memset                 
00002513  __aeabi_memset4                
00002513  __aeabi_memset8                
200013c0  __aeabi_stderr                 
200013b8  __aeabi_stdin                  
200013bc  __aeabi_stdout                 
00003255  __aeabi_ui2d                   
000021d3  __aeabi_uldivmod               
ffffffff  __binit__                      
ffffffff  __c_args__                     
UNDEFED   __mpu_init                     
2000fe00  __stack                        
20000000  __start___llvm_prf_cnts        
20000000  __stop___llvm_prf_cnts         
00003079  _c_int00_noargs                
00003374  _ctypes_                       
200012c8  _device                        
200011d8  _ftable                        
200013d0  _lock                          
00001417  _nop                           
20001340  _stream                        
200009d8  _sys_memory                    
UNDEFED   _system_post_cinit             
0000336d  _system_pre_init               
200013d4  _unlock                        
00003371  abort                          
000019d5  aligned_alloc                  
00002d3d  atoi                           
ffffffff  binit                          
00002ae9  close                          
20000000  controlTable                   
000032ad  copysign                       
000032ad  copysignl                      
20000400  data_array                     
200009d4  dma_done                       
200013e0  errno                          
00002d89  exit                           
000030dd  finddevice                     
000022fd  fputc                          
000017b1  fputs                          
00001ec5  free                           
000028fd  frexp                          
000028fd  frexpl                         
00002961  fseek                          
00002ee5  getdevice                      
00000000  interruptVectors               
000018c5  ldexp                          
000018c5  ldexpl                         
000031e5  lseek                          
00000b35  main                           
0000335d  malloc                         
000019d5  memalign                       
00003291  memccpy                        
00003235  memchr                         
00002137  memcpy                         
00002519  memset                         
200009c8  parmbuf                        
00002895  printf                         
000022fd  putc                           
00003169  remove                         
000018c5  scalbn                         
000018c5  scalbnl                        
00001fa9  setvbuf                        
20001390  size_array                     
000032df  strchr                         
000032c7  strcmp                         
000032f5  strcpy                         
00003309  strlen                         
00002fd9  strncpy                        
00003169  unlink                         
0000331d  wcslen                         
0000320d  write                          


GLOBAL SYMBOLS: SORTED BY Symbol Address 

address   name                           
-------   ----                           
00000000  __TI_static_base__             
00000000  interruptVectors               
000000e5  __TI_printfi                   
00000200  __STACK_SIZE                   
00000800  __SYSMEM_SIZE                  
00000b33  ADC14_IRQHandler               
00000b33  AES256_IRQHandler              
00000b33  BusFault_Handler               
00000b33  COMP_E0_IRQHandler             
00000b33  COMP_E1_IRQHandler             
00000b33  CS_IRQHandler                  
00000b33  DMA_ERR_IRQHandler             
00000b33  DMA_INT0_IRQHandler            
00000b33  DMA_INT2_IRQHandler            
00000b33  DMA_INT3_IRQHandler            
00000b33  DebugMon_Handler               
00000b33  Default_Handler                
00000b33  EUSCIA0_IRQHandler             
00000b33  EUSCIA1_IRQHandler             
00000b33  EUSCIA2_IRQHandler             
00000b33  EUSCIA3_IRQHandler             
00000b33  EUSCIB0_IRQHandler             
00000b33  EUSCIB1_IRQHandler             
00000b33  EUSCIB2_IRQHandler             
00000b33  EUSCIB3_IRQHandler             
00000b33  FLCTL_IRQHandler               
00000b33  FPU_IRQHandler                 
00000b33  HardFault_Handler              
00000b33  MemManage_Handler              
00000b33  NMI_Handler                    
00000b33  PCM_IRQHandler                 
00000b33  PORT1_IRQHandler               
00000b33  PORT2_IRQHandler               
00000b33  PORT3_IRQHandler               
00000b33  PORT4_IRQHandler               
00000b33  PORT5_IRQHandler               
00000b33  PORT6_IRQHandler               
00000b33  PSS_IRQHandler                 
00000b33  PendSV_Handler                 
00000b33  RTC_C_IRQHandler               
00000b33  SVC_Handler                    
00000b33  SysTick_Handler                
00000b33  T32_INT1_IRQHandler            
00000b33  T32_INT2_IRQHandler            
00000b33  T32_INTC_IRQHandler            
00000b33  TA0_0_IRQHandler               
00000b33  TA0_N_IRQHandler               
00000b33  TA1_0_IRQHandler               
00000b33  TA1_N_IRQHandler               
00000b33  TA2_0_IRQHandler               
00000b33  TA2_N_IRQHandler               
00000b33  TA3_0_IRQHandler               
00000b33  TA3_N_IRQHandler               
00000b33  UsageFault_Handler             
00000b33  WDT_A_IRQHandler               
00000b35  main                           
00001261  __aeabi_dsub                   
0000126b  __aeabi_dadd                   
00001417  _nop                           
00001555  __aeabi_ddiv                   
0000168b  __aeabi_idiv0                  
0000168b  __aeabi_ldiv0                  
000017b1  fputs                          
000018c5  ldexp                          
000018c5  ldexpl                         
000018c5  scalbn                         
000018c5  scalbnl                        
000019d5  aligned_alloc                  
000019d5  memalign                       
00001be1  __aeabi_dmul                   
00001cdd  CS_getDCOFrequency             
00001dd5  DMA_setChannelTransfer         
00001ec5  free                           
00001fa9  setvbuf                        
00002137  __aeabi_memcpy                 
00002137  __aeabi_memcpy4                
00002137  __aeabi_memcpy8                
00002137  memcpy                         
000021d3  __aeabi_uldivmod               
00002269  SysCtl_A_getTLVInfo            
000022fd  fputc                          
000022fd  putc                           
00002389  __aeabi_cdcmpeq                
00002389  __aeabi_cdcmple                
0000240f  __aeabi_cdrcmple               
00002511  __aeabi_memclr                 
00002511  __aeabi_memclr4                
00002511  __aeabi_memclr8                
00002513  __aeabi_memset                 
00002513  __aeabi_memset4                
00002513  __aeabi_memset8                
00002519  memset                         
0000258d  SystemInit                     
00002605  __TI_closefile                 
00002759  HOSTrename                     
000027c5  HOSTlseek                      
0000282d  __TI_decompress_lzss           
00002895  printf                         
000028fd  frexp                          
000028fd  frexpl                         
00002961  fseek                          
00002a27  __TI_wrt_ok                    
00002a89  HOSTopen                       
00002ae9  close                          
00002b45  HOSTread                       
00002b9d  HOSTwrite                      
00002c4b  __TI_ltoa                      
00002cf1  __TI_doflush                   
00002d3d  atoi                           
00002d89  exit                           
00002dd1  __aeabi_d2iz                   
00002e19  HOSTclose                      
00002e5d  HOSTunlink                     
00002ea1  __TI_auto_init_nobinit_nopinit 
00002ee5  getdevice                      
00002f69  CRC32_getResult                
00002fa1  __TI_writemsg                  
00002fcf  C$$IO$$                        
00002fd9  strncpy                        
00003011  __TI_cleanup                   
00003045  __TI_readmsg                   
00003079  _c_int00_noargs                
000030ad  CS_clearInterruptFlag          
000030dd  finddevice                     
0000310d  __aeabi_i2d                    
0000313d  DMA_INT1_IRQHandler            
0000313d  DMA_INT1_IRQHandler            
00003169  remove                         
00003169  unlink                         
00003195  CS_getMCLK                     
000031e5  lseek                          
0000320d  write                          
00003235  memchr                         
00003255  __aeabi_ui2d                   
00003291  memccpy                        
000032ad  copysign                       
000032ad  copysignl                      
000032c7  strcmp                         
000032df  strchr                         
000032f5  strcpy                         
00003309  strlen                         
0000331d  wcslen                         
0000332f  __TI_decompress_none           
0000333d  Reset_Handler                  
00003349  __TI_zero_init                 
00003355  __aeabi_errno_addr             
0000335d  malloc                         
0000336d  _system_pre_init               
00003371  C$$EXIT                        
00003371  abort                          
00003374  _ctypes_                       
000034f8  __TI_Handler_Table_Base        
00003504  __TI_Handler_Table_Limit       
00003510  __TI_CINIT_Base                
00003520  __TI_CINIT_Limit               
20000000  __start___llvm_prf_cnts        
20000000  __stop___llvm_prf_cnts         
20000000  controlTable                   
20000400  data_array                     
20000800  __CIOBUF_                      
20000920  __TI_tmpnams                   
200009c8  parmbuf                        
200009d4  dma_done                       
200009d8  _sys_memory                    
200011d8  _ftable                        
200012c8  _device                        
20001340  _stream                        
20001390  size_array                     
200013b4  __TI_ft_end                    
200013b8  __aeabi_stdin                  
200013bc  __aeabi_stdout                 
200013c0  __aeabi_stderr                 
200013c4  __TI_cleanup_ptr               
200013c8  __TI_dtors_ptr                 
200013cc  __TI_enable_exit_profile_output
200013d0  _lock                          
200013d4  _unlock                        
200013e0  errno                          
2000fe00  __stack                        
20010000  __STACK_END                    
4000480c  WDTCTL_SYM                     
ffffffff  __TI_pprof_out_hndl            
ffffffff  __TI_prof_data_size            
ffffffff  __TI_prof_data_start           
ffffffff  __binit__                      
ffffffff  __c_args__                     
ffffffff  binit                          
UNDEFED   __mpu_init                     
UNDEFED   _system_post_cinit             

[189 symbols]
