******************************************************************************
                  TI ARM Linker PC v20.2.1                     
******************************************************************************
>> Linked Thu Sep 24 13:01:57 2020

OUTPUT FILE NAME:   <dma_crc32_transfer_calculation_MSP_EXP432P401R_nortos_ccs.out>
ENTRY POINT SYMBOL: "_c_int00_noargs"  address: 00002041


MEMORY CONFIGURATION

         name            origin    length      used     unused   attr    fill
----------------------  --------  ---------  --------  --------  ----  --------
  MAIN                  00000000   00040000  000020cc  0003df34  R  X
  INFO                  00200000   00004000  00000000  00004000  R  X
  SRAM_CODE             01000000   00010000  00000604  0000f9fc  RW X
  SRAM_DATA             20000000   00010000  00000604  0000f9fc  RW  


SEGMENT ALLOCATION MAP

run origin  load origin   length   init length attrs members
----------  ----------- ---------- ----------- ----- -------
00000000    00000000    000020cc   000020cc    r-x
  00000000    00000000    000000e4   000000e4    r-- .intvecs
  000000e4    000000e4    00001c5c   00001c5c    r-- .const
  00001d40    00001d40    00000378   00000378    r-x .text
  000020b8    000020b8    00000014   00000014    r-- .cinit
20000000    20000000    00000404   00000000    rw-
  20000000    20000000    00000404   00000000    rw- .bss
2000fe00    2000fe00    00000200   00000000    rw-
  2000fe00    2000fe00    00000200   00000000    rw- .stack


SECTION ALLOCATION MAP

 output                                  attributes/
section   page    origin      length       input sections
--------  ----  ----------  ----------   ----------------
.intvecs   0    00000000    000000e4     
                  00000000    000000e4     startup_msp432p401r_ccs.obj (.intvecs:retain)

.const     0    000000e4    00001c5c     
                  000000e4    00001c5c     dataarray.obj (.const:.string:data_array)

.text      0    00001d40    00000378     
                  00001d40    000000f0     msp432p4xx_driverlib.lib : dma.o (.text:DMA_setChannelTransfer)
                  00001e30    000000a0     dma_crc32_transfer_calculation.obj (.text:main)
                  00001ed0    0000007a     rtsv7M4_T_le_v4SPD16_eabi.lib : memset_t2.asm.obj (.text)
                  00001f4a    00000002     startup_msp432p401r_ccs.obj (.text:Default_Handler)
                  00001f4c    00000078     system_msp432p401r.obj (.text:SystemInit)
                  00001fc4    00000044     rtsv7M4_T_le_v4SPD16_eabi.lib : autoinit.c.obj (.text:__TI_auto_init_nobinit_nopinit:__TI_auto_init_nobinit_nopinit)
                  00002008    00000038     msp432p4xx_driverlib.lib : crc32.o (.text:CRC32_getResult)
                  00002040    00000034     rtsv7M4_T_le_v4SPD16_eabi.lib : boot_cortex_m.c.obj (.text:_c_int00_noargs:_c_int00_noargs)
                  00002074    00000024     dma_crc32_transfer_calculation.obj (.text:DMA_INT1_IRQHandler)
                  00002098    0000000c     startup_msp432p401r_ccs.obj (.text:Reset_Handler)
                  000020a4    0000000c     rtsv7M4_T_le_v4SPD16_eabi.lib : copy_zero_init.c.obj (.text:decompress:ZI:__TI_zero_init)
                  000020b0    00000004                                   : pre_init.c.obj (.text:_system_pre_init)
                  000020b4    00000004                                   : exit.c.obj (.text:abort:abort)

.cinit     0    000020b8    00000014     
                  000020b8    00000008     (.cinit..bss.load) [load image, compression = zero_init]
                  000020c0    00000004     (__TI_handler_table)
                  000020c4    00000008     (__TI_cinit_table)

.init_array 
*          0    00000000    00000000     UNINITIALIZED

.binit     0    00000000    00000000     

.bss       0    20000000    00000404     UNINITIALIZED
                  20000000    00000400     (.common:controlTable)
                  20000400    00000004     dma_crc32_transfer_calculation.obj (.bss)

.stack     0    2000fe00    00000200     UNINITIALIZED
                  2000fe00    00000004     rtsv7M4_T_le_v4SPD16_eabi.lib : boot_cortex_m.c.obj (.stack)
                  2000fe04    000001fc     --HOLE--

__llvm_prf_cnts 
*          0    20000000    00000000     UNINITIALIZED

MODULE SUMMARY

       Module                               code   ro data   rw data
       ------                               ----   -------   -------
    .\
       dataarray.obj                        0      7260      0      
       dma_crc32_transfer_calculation.obj   196    0         2056   
       system_msp432p401r.obj               120    0         0      
    +--+------------------------------------+------+---------+---------+
       Total:                               316    7260      2056   
                                                                    
    .\ccs\
       startup_msp432p401r_ccs.obj          14     228       0      
    +--+------------------------------------+------+---------+---------+
       Total:                               14     228       0      
                                                                    
    C:/ti/simplelink_msp432p4_sdk_3_40_01_02/source/ti/devices/msp432p4xx/driverlib/ccs/msp432p4xx_driverlib.lib
       dma.o                                240    0         0      
       crc32.o                              56     0         0      
    +--+------------------------------------+------+---------+---------+
       Total:                               296    0         0      
                                                                    
    C:\ti\ccs1010\ccs\tools\compiler\ti-cgt-arm_20.2.1.LTS\lib\rtsv7M4_T_le_v4SPD16_eabi.lib
       memset_t2.asm.obj                    122    0         0      
       autoinit.c.obj                       68     0         0      
       boot_cortex_m.c.obj                  52     0         0      
       copy_zero_init.c.obj                 12     0         0      
       exit.c.obj                           4      0         0      
       pre_init.c.obj                       4      0         0      
    +--+------------------------------------+------+---------+---------+
       Total:                               262    0         0      
                                                                    
       Stack:                               0      0         1024   
       Linker Generated:                    0      20        0      
    +--+------------------------------------+------+---------+---------+
       Grand Total:                         888    7508      3080   


LINKER GENERATED COPY TABLES

__TI_cinit_table @ 000020c4 records: 1, size/record: 8, table size: 8
	.bss: load addr=000020b8, load size=00000008 bytes, run addr=20000000, run size=00000404 bytes, compression=zero_init


LINKER GENERATED HANDLER TABLE

__TI_handler_table @ 000020c0 records: 1, size/record: 4, table size: 4
	index: 0, handler: __TI_zero_init


GLOBAL SYMBOLS: SORTED ALPHABETICALLY BY Name 

address   name                          
-------   ----                          
00001f4b  ADC14_IRQHandler              
00001f4b  AES256_IRQHandler             
00001f4b  BusFault_Handler              
000020b5  C$$EXIT                       
00001f4b  COMP_E0_IRQHandler            
00001f4b  COMP_E1_IRQHandler            
00002009  CRC32_getResult               
00001f4b  CS_IRQHandler                 
00001f4b  DMA_ERR_IRQHandler            
00001f4b  DMA_INT0_IRQHandler           
00002075  DMA_INT1_IRQHandler           
00002075  DMA_INT1_IRQHandler           
00001f4b  DMA_INT2_IRQHandler           
00001f4b  DMA_INT3_IRQHandler           
00001d41  DMA_setChannelTransfer        
00001f4b  DebugMon_Handler              
00001f4b  Default_Handler               
00001f4b  EUSCIA0_IRQHandler            
00001f4b  EUSCIA1_IRQHandler            
00001f4b  EUSCIA2_IRQHandler            
00001f4b  EUSCIA3_IRQHandler            
00001f4b  EUSCIB0_IRQHandler            
00001f4b  EUSCIB1_IRQHandler            
00001f4b  EUSCIB2_IRQHandler            
00001f4b  EUSCIB3_IRQHandler            
00001f4b  FLCTL_IRQHandler              
00001f4b  FPU_IRQHandler                
00001f4b  HardFault_Handler             
00001f4b  MemManage_Handler             
00001f4b  NMI_Handler                   
00001f4b  PCM_IRQHandler                
00001f4b  PORT1_IRQHandler              
00001f4b  PORT2_IRQHandler              
00001f4b  PORT3_IRQHandler              
00001f4b  PORT4_IRQHandler              
00001f4b  PORT5_IRQHandler              
00001f4b  PORT6_IRQHandler              
00001f4b  PSS_IRQHandler                
00001f4b  PendSV_Handler                
00001f4b  RTC_C_IRQHandler              
00002099  Reset_Handler                 
00001f4b  SVC_Handler                   
00001f4b  SysTick_Handler               
00001f4d  SystemInit                    
00001f4b  T32_INT1_IRQHandler           
00001f4b  T32_INT2_IRQHandler           
00001f4b  T32_INTC_IRQHandler           
00001f4b  TA0_0_IRQHandler              
00001f4b  TA0_N_IRQHandler              
00001f4b  TA1_0_IRQHandler              
00001f4b  TA1_N_IRQHandler              
00001f4b  TA2_0_IRQHandler              
00001f4b  TA2_N_IRQHandler              
00001f4b  TA3_0_IRQHandler              
00001f4b  TA3_N_IRQHandler              
00001f4b  UsageFault_Handler            
4000480c  WDTCTL_SYM                    
00001f4b  WDT_A_IRQHandler              
20010000  __STACK_END                   
00000200  __STACK_SIZE                  
000020c4  __TI_CINIT_Base               
000020cc  __TI_CINIT_Limit              
000020c0  __TI_Handler_Table_Base       
000020c4  __TI_Handler_Table_Limit      
00001fc5  __TI_auto_init_nobinit_nopinit
ffffffff  __TI_pprof_out_hndl           
ffffffff  __TI_prof_data_size           
ffffffff  __TI_prof_data_start          
00000000  __TI_static_base__            
000020a5  __TI_zero_init                
00001ed1  __aeabi_memclr                
00001ed1  __aeabi_memclr4               
00001ed1  __aeabi_memclr8               
00001ed3  __aeabi_memset                
00001ed3  __aeabi_memset4               
00001ed3  __aeabi_memset8               
ffffffff  __binit__                     
ffffffff  __c_args__                    
UNDEFED   __mpu_init                    
2000fe00  __stack                       
20000000  __start___llvm_prf_cnts       
20000000  __stop___llvm_prf_cnts        
00002041  _c_int00_noargs               
UNDEFED   _system_post_cinit            
000020b1  _system_pre_init              
000020b5  abort                         
ffffffff  binit                         
20000000  controlTable                  
000000e4  data_array                    
00000000  interruptVectors              
00001e31  main                          
00001ed9  memset                        


GLOBAL SYMBOLS: SORTED BY Symbol Address 

address   name                          
-------   ----                          
00000000  __TI_static_base__            
00000000  interruptVectors              
000000e4  data_array                    
00000200  __STACK_SIZE                  
00001d41  DMA_setChannelTransfer        
00001e31  main                          
00001ed1  __aeabi_memclr                
00001ed1  __aeabi_memclr4               
00001ed1  __aeabi_memclr8               
00001ed3  __aeabi_memset                
00001ed3  __aeabi_memset4               
00001ed3  __aeabi_memset8               
00001ed9  memset                        
00001f4b  ADC14_IRQHandler              
00001f4b  AES256_IRQHandler             
00001f4b  BusFault_Handler              
00001f4b  COMP_E0_IRQHandler            
00001f4b  COMP_E1_IRQHandler            
00001f4b  CS_IRQHandler                 
00001f4b  DMA_ERR_IRQHandler            
00001f4b  DMA_INT0_IRQHandler           
00001f4b  DMA_INT2_IRQHandler           
00001f4b  DMA_INT3_IRQHandler           
00001f4b  DebugMon_Handler              
00001f4b  Default_Handler               
00001f4b  EUSCIA0_IRQHandler            
00001f4b  EUSCIA1_IRQHandler            
00001f4b  EUSCIA2_IRQHandler            
00001f4b  EUSCIA3_IRQHandler            
00001f4b  EUSCIB0_IRQHandler            
00001f4b  EUSCIB1_IRQHandler            
00001f4b  EUSCIB2_IRQHandler            
00001f4b  EUSCIB3_IRQHandler            
00001f4b  FLCTL_IRQHandler              
00001f4b  FPU_IRQHandler                
00001f4b  HardFault_Handler             
00001f4b  MemManage_Handler             
00001f4b  NMI_Handler                   
00001f4b  PCM_IRQHandler                
00001f4b  PORT1_IRQHandler              
00001f4b  PORT2_IRQHandler              
00001f4b  PORT3_IRQHandler              
00001f4b  PORT4_IRQHandler              
00001f4b  PORT5_IRQHandler              
00001f4b  PORT6_IRQHandler              
00001f4b  PSS_IRQHandler                
00001f4b  PendSV_Handler                
00001f4b  RTC_C_IRQHandler              
00001f4b  SVC_Handler                   
00001f4b  SysTick_Handler               
00001f4b  T32_INT1_IRQHandler           
00001f4b  T32_INT2_IRQHandler           
00001f4b  T32_INTC_IRQHandler           
00001f4b  TA0_0_IRQHandler              
00001f4b  TA0_N_IRQHandler              
00001f4b  TA1_0_IRQHandler              
00001f4b  TA1_N_IRQHandler              
00001f4b  TA2_0_IRQHandler              
00001f4b  TA2_N_IRQHandler              
00001f4b  TA3_0_IRQHandler              
00001f4b  TA3_N_IRQHandler              
00001f4b  UsageFault_Handler            
00001f4b  WDT_A_IRQHandler              
00001f4d  SystemInit                    
00001fc5  __TI_auto_init_nobinit_nopinit
00002009  CRC32_getResult               
00002041  _c_int00_noargs               
00002075  DMA_INT1_IRQHandler           
00002075  DMA_INT1_IRQHandler           
00002099  Reset_Handler                 
000020a5  __TI_zero_init                
000020b1  _system_pre_init              
000020b5  C$$EXIT                       
000020b5  abort                         
000020c0  __TI_Handler_Table_Base       
000020c4  __TI_CINIT_Base               
000020c4  __TI_Handler_Table_Limit      
000020cc  __TI_CINIT_Limit              
20000000  __start___llvm_prf_cnts       
20000000  __stop___llvm_prf_cnts        
20000000  controlTable                  
2000fe00  __stack                       
20010000  __STACK_END                   
4000480c  WDTCTL_SYM                    
ffffffff  __TI_pprof_out_hndl           
ffffffff  __TI_prof_data_size           
ffffffff  __TI_prof_data_start          
ffffffff  __binit__                     
ffffffff  __c_args__                    
ffffffff  binit                         
UNDEFED   __mpu_init                    
UNDEFED   _system_post_cinit            

[92 symbols]
