******************************************************************************
                  TI ARM Linker PC v20.2.1                     
******************************************************************************
>> Linked Sun Oct 11 11:53:13 2020

OUTPUT FILE NAME:   <lab4_1.2.out>
ENTRY POINT SYMBOL: "_c_int00_noargs"  address: 0002836d


MEMORY CONFIGURATION

         name            origin    length      used     unused   attr    fill
----------------------  --------  ---------  --------  --------  ----  --------
  MAIN                  00000000   00040000  0002866a  00017996  R  X
  INFO                  00200000   00004000  00000000  00004000  R  X
  SRAM_CODE             01000000   00010000  00000dc4  0000f23c  RW X
  SRAM_DATA             20000000   00010000  00000dc4  0000f23c  RW  


SEGMENT ALLOCATION MAP

run origin  load origin   length   init length attrs members
----------  ----------- ---------- ----------- ----- -------
00000000    00000000    00028670   00028670    r-x
  00000000    00000000    000000e4   000000e4    r-- .intvecs
  000000e4    000000e4    0002590a   0002590a    r-- .const
  000259f0    000259f0    00002be4   00002be4    r-x .text
  000285d8    000285d8    00000098   00000098    r-- .cinit
20000000    20000000    00000bc4   00000000    rw-
  20000000    20000000    00000800   00000000    rw- .sysmem
  20000800    20000800    000001f4   00000000    rw- .data
  200009f4    200009f4    000001d0   00000000    rw- .bss
2000fe00    2000fe00    00000200   00000000    rw-
  2000fe00    2000fe00    00000200   00000000    rw- .stack


SECTION ALLOCATION MAP

 output                                  attributes/
section   page    origin      length       input sections
--------  ----  ----------  ----------   ----------------
.intvecs   0    00000000    000000e4     
                  00000000    000000e4     startup_msp432p401r_ccs.obj (.intvecs:retain)

.const     0    000000e4    0002590a     
                  000000e4    00025800     main.obj (.const:.string:string3)
                  000258e4    00000101     rtsv7M4_T_le_v4SPD16_eabi.lib : ctype.c.obj (.const:.string:_ctypes_)
                  000259e5    00000003     --HOLE-- [fill = 0]
                  000259e8    00000006     main.obj (.const:.string)

.text      0    000259f0    00002be4     
                  000259f0    00000a4e     rtsv7M4_T_le_v4SPD16_eabi.lib : _printfi.c.obj (.text:__TI_printfi)
                  0002643e    00000002     startup_msp432p401r_ccs.obj (.text:Default_Handler)
                  00026440    00000270     rtsv7M4_T_le_v4SPD16_eabi.lib : _printfi.c.obj (.text:_pconv_a)
                  000266b0    000001d0                                   : _printfi.c.obj (.text:_pconv_g)
                  00026880    000001b6                                   : fd_add_t2.asm.obj (.text)
                  00026a36    00000002                                   : _lock.c.obj (.text:_nop)
                  00026a38    0000013c                                   : _printfi.c.obj (.text:_pconv_e)
                  00026b74    00000136                                   : fd_div_t2.asm.obj (.text)
                  00026caa    00000002                                   : div0.asm.obj (.text)
                  00026cac    00000124                                   : _printfi.c.obj (.text:fcvt)
                  00026dd0    00000124     main.obj (.text:main)
                  00026ef4    00000114     rtsv7M4_T_le_v4SPD16_eabi.lib : fputs.c.obj (.text:fputs)
                  00027008    00000110                                   : s_scalbn.c.obj (.text:scalbn)
                  00027118    00000108                                   : memory.c.obj (.text:aligned_alloc)
                  00027220    000000fc                                   : fd_mul_t2.asm.obj (.text)
                  0002731c    000000e4                                   : memory.c.obj (.text:free)
                  00027400    000000dc                                   : setvbuf.c.obj (.text:setvbuf)
                  000274dc    000000b1                                   : _printfi.c.obj (.text:_ltostr)
                  0002758d    00000001     --HOLE-- [fill = 0]
                  0002758e    0000009c                                   : memcpy_t2.asm.obj (.text)
                  0002762a    00000096                                   : ull_div_t2.asm.obj (.text)
                  000276c0    0000008c                                   : fputc.c.obj (.text:fputc)
                  0002774c    00000086                                   : fd_cmp_t2.asm.obj (.text:__aeabi_cdcmple)
                  000277d2    00000086                                   : fd_cmp_t2.asm.obj (.text:__aeabi_cdrcmple)
                  00027858    0000007a                                   : memset_t2.asm.obj (.text)
                  000278d2    00000002     --HOLE-- [fill = 0]
                  000278d4    00000078     system_msp432p401r.obj (.text:SystemInit)
                  0002794c    00000074     rtsv7M4_T_le_v4SPD16_eabi.lib : fclose.c.obj (.text:__TI_closefile)
                  000279c0    00000070                                   : memory.c.obj (.text:split)
                  00027a30    0000006e                                   : _printfi.c.obj (.text:_mcpy)
                  00027a9e    00000002     --HOLE-- [fill = 0]
                  00027aa0    0000006c                                   : hostrename.c.obj (.text:HOSTrename)
                  00027b0c    00000068                                   : hostlseek.c.obj (.text:HOSTlseek)
                  00027b74    00000068                                   : copy_decompress_lzss.c.obj (.text:decompress:lzss:__TI_decompress_lzss)
                  00027bdc    00000068                                   : printf.c.obj (.text:printf)
                  00027c44    00000064                                   : s_frexp.c.obj (.text:frexp)
                  00027ca8    00000064                                   : fseek.c.obj (.text:fseek)
                  00027d0c    00000062                                   : _io_perm.c.obj (.text:__TI_wrt_ok)
                  00027d6e    00000002     --HOLE-- [fill = 0]
                  00027d70    00000060                                   : hostopen.c.obj (.text:HOSTopen)
                  00027dd0    0000005c                                   : close.c.obj (.text:close)
                  00027e2c    00000058                                   : hostread.c.obj (.text:HOSTread)
                  00027e84    00000058                                   : hostwrite.c.obj (.text:HOSTwrite)
                  00027edc    00000056                                   : _printfi.c.obj (.text:_pconv_f)
                  00027f32    00000054                                   : _ltoa.c.obj (.text:__TI_ltoa)
                  00027f86    00000052                                   : _printfi.c.obj (.text:_ecpy)
                  00027fd8    0000004c                                   : fflush.c.obj (.text:__TI_doflush)
                  00028024    0000004c                                   : atoi.c.obj (.text:atoi)
                  00028070    00000048                                   : exit.c.obj (.text:exit)
                  000280b8    00000048                                   : fd_toi_t2.asm.obj (.text)
                  00028100    00000044                                   : hostclose.c.obj (.text:HOSTclose)
                  00028144    00000044                                   : hostunlink.c.obj (.text:HOSTunlink)
                  00028188    00000044                                   : autoinit.c.obj (.text:__TI_auto_init_nobinit_nopinit:__TI_auto_init_nobinit_nopinit)
                  000281cc    00000044     main.obj (.text:convertToBankAndSector)
                  00028210    00000044     rtsv7M4_T_le_v4SPD16_eabi.lib : getdevice.c.obj (.text:getdevice)
                  00028254    0000003e                                   : _printfi.c.obj (.text:_fcpy)
                  00028292    00000002     --HOLE-- [fill = 0]
                  00028294    00000038                                   : trgmsg.c.obj (.text:__TI_writemsg)
                  000282cc    00000036                                   : strncpy.c.obj (.text:strncpy)
                  00028302    00000002     --HOLE-- [fill = 0]
                  00028304    00000034                                   : fopen.c.obj (.text:__TI_cleanup)
                  00028338    00000034                                   : trgmsg.c.obj (.text:__TI_readmsg)
                  0002836c    00000034                                   : boot_cortex_m.c.obj (.text:_c_int00_noargs:_c_int00_noargs)
                  000283a0    00000030                                   : getdevice.c.obj (.text:finddevice)
                  000283d0    0000002e                                   : i_tofd_t2.asm.obj (.text)
                  000283fe    00000002     --HOLE-- [fill = 0]
                  00028400    0000002c                                   : unlink.c.obj (.text:unlink)
                  0002842c    00000028                                   : memory.c.obj (.text:free_list_insert)
                  00028454    00000028                                   : lseek.c.obj (.text:lseek)
                  0002847c    00000028                                   : write.c.obj (.text:write)
                  000284a4    00000020                                   : memchr.c.obj (.text:memchr)
                  000284c4    0000001c                                   : copy_zero_init.c.obj (.text:decompress:ZI:__TI_zero_init_nomemset:__TI_zero_init_nomemset)
                  000284e0    0000001c                                   : memory.c.obj (.text:free_list_remove)
                  000284fc    0000001c                                   : memccpy.c.obj (.text:memccpy)
                  00028518    0000001a                                   : s_copysign.c.obj (.text:copysign)
                  00028532    00000018                                   : strcmp.c.obj (.text:strcmp)
                  0002854a    00000016                                   : strchr.c.obj (.text:strchr)
                  00028560    00000014                                   : strcpy.c.obj (.text:strcpy)
                  00028574    00000014                                   : strlen.c.obj (.text:strlen)
                  00028588    00000012                                   : wcslen.c.obj (.text:wcslen)
                  0002859a    0000000e                                   : copy_decompress_none.c.obj (.text:decompress:none:__TI_decompress_none)
                  000285a8    0000000c     startup_msp432p401r_ccs.obj (.text:Reset_Handler)
                  000285b4    00000008     rtsv7M4_T_le_v4SPD16_eabi.lib : errno.c.obj (.text:__aeabi_errno_addr)
                  000285bc    00000008                                   : memory.c.obj (.text:malloc)
                  000285c4    00000004                                   : printf.c.obj (.text:_outc)
                  000285c8    00000004                                   : printf.c.obj (.text:_outs)
                  000285cc    00000004                                   : pre_init.c.obj (.text:_system_pre_init)
                  000285d0    00000004                                   : exit.c.obj (.text:abort:abort)

.cinit     0    000285d8    00000098     
                  000285d8    00000074     (.cinit..data.load) [load image, compression = lzss]
                  0002864c    0000000c     (__TI_handler_table)
                  00028658    00000008     (.cinit..bss.load) [load image, compression = zero_init]
                  00028660    00000010     (__TI_cinit_table)

.init_array 
*          0    00000000    00000000     UNINITIALIZED

.binit     0    00000000    00000000     

.sysmem    0    20000000    00000800     UNINITIALIZED
                  20000000    00000010     rtsv7M4_T_le_v4SPD16_eabi.lib : memory.c.obj (.sysmem)
                  20000010    000007f0     --HOLE--

.data      0    20000800    000001f4     UNINITIALIZED
                  20000800    000000f0     rtsv7M4_T_le_v4SPD16_eabi.lib : defs.c.obj (.data:_ftable)
                  200008f0    00000078                                   : host_device.c.obj (.data:_device)
                  20000968    00000050                                   : host_device.c.obj (.data:_stream)
                  200009b8    00000010                                   : defs.c.obj (.data)
                  200009c8    0000000c                                   : exit.c.obj (.data:$O1$$)
                  200009d4    00000008                                   : _lock.c.obj (.data:$O1$$)
                  200009dc    00000008                                   : memory.c.obj (.data:$O1$$)
                  200009e4    00000006     main.obj (.data:string2)
                  200009ea    00000002     --HOLE--
                  200009ec    00000004     main.obj (.data)
                  200009f0    00000004     rtsv7M4_T_le_v4SPD16_eabi.lib : errno.c.obj (.data)

.bss       0    200009f4    000001d0     UNINITIALIZED
                  200009f4    00000120     rtsv7M4_T_le_v4SPD16_eabi.lib : trgmsg.c.obj (.bss:_CIOBUF_)
                  20000b14    000000a0     (.common:__TI_tmpnams)
                  20000bb4    00000008     (.common:parmbuf)
                  20000bbc    00000004     (.common:bankSpace)
                  20000bc0    00000004     (.common:secMask)

.stack     0    2000fe00    00000200     UNINITIALIZED
                  2000fe00    00000004     rtsv7M4_T_le_v4SPD16_eabi.lib : boot_cortex_m.c.obj (.stack)
                  2000fe04    000001fc     --HOLE--

__llvm_prf_cnts 
*          0    20000000    00000000     UNINITIALIZED

MODULE SUMMARY

       Module                        code    ro data   rw data
       ------                        ----    -------   -------
    .\
       main.obj                      360     153606    36     
       system_msp432p401r.obj        120     0         0      
    +--+-----------------------------+-------+---------+---------+
       Total:                        480     153606    36     
                                                              
    .\ccs\
       startup_msp432p401r_ccs.obj   14      228       0      
    +--+-----------------------------+-------+---------+---------+
       Total:                        14      228       0      
                                                              
    C:\ti\ccs1010\ccs\tools\compiler\ti-cgt-arm_20.2.1.LTS\lib\rtsv7M4_T_le_v4SPD16_eabi.lib
       _printfi.c.obj                4851    0         0      
       defs.c.obj                    0       0         832    
       memory.c.obj                  680     0         16     
       trgmsg.c.obj                  108     0         576    
       fd_add_t2.asm.obj             438     0         0      
       host_device.c.obj             0       0         400    
       fd_div_t2.asm.obj             310     0         0      
       fputs.c.obj                   276     0         0      
       s_scalbn.c.obj                272     0         0      
       fd_cmp_t2.asm.obj             268     0         0      
       ctype.c.obj                   0       257       0      
       fd_mul_t2.asm.obj             252     0         0      
       setvbuf.c.obj                 220     0         0      
       memcpy_t2.asm.obj             156     0         0      
       ull_div_t2.asm.obj            150     0         0      
       fputc.c.obj                   140     0         0      
       memset_t2.asm.obj             122     0         0      
       fclose.c.obj                  116     0         0      
       getdevice.c.obj               116     0         0      
       hostopen.c.obj                96      0         16     
       printf.c.obj                  112     0         0      
       hostrename.c.obj              108     0         0      
       copy_decompress_lzss.c.obj    104     0         0      
       hostlseek.c.obj               104     0         0      
       exit.c.obj                    76      0         24     
       fseek.c.obj                   100     0         0      
       s_frexp.c.obj                 100     0         0      
       _io_perm.c.obj                98      0         0      
       close.c.obj                   92      0         0      
       hostread.c.obj                88      0         0      
       hostwrite.c.obj               88      0         0      
       _ltoa.c.obj                   84      0         0      
       atoi.c.obj                    76      0         0      
       fflush.c.obj                  76      0         0      
       fd_toi_t2.asm.obj             72      0         0      
       autoinit.c.obj                68      0         0      
       hostclose.c.obj               68      0         0      
       hostunlink.c.obj              68      0         0      
       strncpy.c.obj                 54      0         0      
       boot_cortex_m.c.obj           52      0         0      
       fopen.c.obj                   52      0         0      
       i_tofd_t2.asm.obj             46      0         0      
       unlink.c.obj                  44      0         0      
       lseek.c.obj                   40      0         0      
       write.c.obj                   40      0         0      
       memchr.c.obj                  32      0         0      
       copy_zero_init.c.obj          28      0         0      
       memccpy.c.obj                 28      0         0      
       s_copysign.c.obj              26      0         0      
       strcmp.c.obj                  24      0         0      
       strchr.c.obj                  22      0         0      
       strcpy.c.obj                  20      0         0      
       strlen.c.obj                  20      0         0      
       _lock.c.obj                   2       0         16     
       wcslen.c.obj                  18      0         0      
       errno.c.obj                   8       0         8      
       copy_decompress_none.c.obj    14      0         0      
       pre_init.c.obj                4       0         0      
       div0.asm.obj                  2       0         0      
    +--+-----------------------------+-------+---------+---------+
       Total:                        10729   257       1888   
                                                              
       Heap:                         0       0         4096   
       Stack:                        0       0         1024   
       Linker Generated:             0       152       0      
    +--+-----------------------------+-------+---------+---------+
       Grand Total:                  11223   154243    7044   


LINKER GENERATED COPY TABLES

__TI_cinit_table @ 00028660 records: 2, size/record: 8, table size: 16
	.data: load addr=000285d8, load size=00000074 bytes, run addr=20000800, run size=000001f4 bytes, compression=lzss
	.bss: load addr=00028658, load size=00000008 bytes, run addr=200009f4, run size=000001d0 bytes, compression=zero_init


LINKER GENERATED HANDLER TABLE

__TI_handler_table @ 0002864c records: 3, size/record: 4, table size: 12
	index: 0, handler: __TI_decompress_lzss
	index: 1, handler: __TI_decompress_none
	index: 2, handler: __TI_zero_init


GLOBAL SYMBOLS: SORTED ALPHABETICALLY BY Name 

address   name                           
-------   ----                           
0002643f  ADC14_IRQHandler               
0002643f  AES256_IRQHandler              
0002643f  BusFault_Handler               
000285d1  C$$EXIT                        
000282c3  C$$IO$$                        
0002643f  COMP_E0_IRQHandler             
0002643f  COMP_E1_IRQHandler             
0002643f  CS_IRQHandler                  
0002643f  DMA_ERR_IRQHandler             
0002643f  DMA_INT0_IRQHandler            
0002643f  DMA_INT1_IRQHandler            
0002643f  DMA_INT2_IRQHandler            
0002643f  DMA_INT3_IRQHandler            
0002643f  DebugMon_Handler               
0002643f  Default_Handler                
0002643f  EUSCIA0_IRQHandler             
0002643f  EUSCIA1_IRQHandler             
0002643f  EUSCIA2_IRQHandler             
0002643f  EUSCIA3_IRQHandler             
0002643f  EUSCIB0_IRQHandler             
0002643f  EUSCIB1_IRQHandler             
0002643f  EUSCIB2_IRQHandler             
0002643f  EUSCIB3_IRQHandler             
0002643f  FLCTL_IRQHandler               
0002643f  FPU_IRQHandler                 
00028101  HOSTclose                      
00027b0d  HOSTlseek                      
00027d71  HOSTopen                       
00027e2d  HOSTread                       
00027aa1  HOSTrename                     
00028145  HOSTunlink                     
00027e85  HOSTwrite                      
0002643f  HardFault_Handler              
0002643f  MemManage_Handler              
0002643f  NMI_Handler                    
0002643f  PCM_IRQHandler                 
0002643f  PORT1_IRQHandler               
0002643f  PORT2_IRQHandler               
0002643f  PORT3_IRQHandler               
0002643f  PORT4_IRQHandler               
0002643f  PORT5_IRQHandler               
0002643f  PORT6_IRQHandler               
0002643f  PSS_IRQHandler                 
0002643f  PendSV_Handler                 
0002643f  RTC_C_IRQHandler               
000285a9  Reset_Handler                  
0002643f  SVC_Handler                    
0002643f  SysTick_Handler                
000278d5  SystemInit                     
0002643f  T32_INT1_IRQHandler            
0002643f  T32_INT2_IRQHandler            
0002643f  T32_INTC_IRQHandler            
0002643f  TA0_0_IRQHandler               
0002643f  TA0_N_IRQHandler               
0002643f  TA1_0_IRQHandler               
0002643f  TA1_N_IRQHandler               
0002643f  TA2_0_IRQHandler               
0002643f  TA2_N_IRQHandler               
0002643f  TA3_0_IRQHandler               
0002643f  TA3_N_IRQHandler               
0002643f  UsageFault_Handler             
4000480c  WDTCTL_SYM                     
0002643f  WDT_A_IRQHandler               
200009f4  __CIOBUF_                      
20010000  __STACK_END                    
00000200  __STACK_SIZE                   
00000800  __SYSMEM_SIZE                  
00028660  __TI_CINIT_Base                
00028670  __TI_CINIT_Limit               
0002864c  __TI_Handler_Table_Base        
00028658  __TI_Handler_Table_Limit       
00028189  __TI_auto_init_nobinit_nopinit 
00028305  __TI_cleanup                   
200009c8  __TI_cleanup_ptr               
0002794d  __TI_closefile                 
00027b75  __TI_decompress_lzss           
0002859b  __TI_decompress_none           
00027fd9  __TI_doflush                   
200009cc  __TI_dtors_ptr                 
200009d0  __TI_enable_exit_profile_output
200009b8  __TI_ft_end                    
00027f33  __TI_ltoa                      
ffffffff  __TI_pprof_out_hndl            
000259f1  __TI_printfi                   
ffffffff  __TI_prof_data_size            
ffffffff  __TI_prof_data_start           
00028339  __TI_readmsg                   
00000000  __TI_static_base__             
20000b14  __TI_tmpnams                   
00028295  __TI_writemsg                  
00027d0d  __TI_wrt_ok                    
000284c5  __TI_zero_init_nomemset        
0002774d  __aeabi_cdcmpeq                
0002774d  __aeabi_cdcmple                
000277d3  __aeabi_cdrcmple               
000280b9  __aeabi_d2iz                   
0002688b  __aeabi_dadd                   
00026b75  __aeabi_ddiv                   
00027221  __aeabi_dmul                   
00026881  __aeabi_dsub                   
000285b5  __aeabi_errno_addr             
000283d1  __aeabi_i2d                    
00026cab  __aeabi_idiv0                  
00026cab  __aeabi_ldiv0                  
00027859  __aeabi_memclr                 
00027859  __aeabi_memclr4                
00027859  __aeabi_memclr8                
0002758f  __aeabi_memcpy                 
0002758f  __aeabi_memcpy4                
0002758f  __aeabi_memcpy8                
0002785b  __aeabi_memset                 
0002785b  __aeabi_memset4                
0002785b  __aeabi_memset8                
200009c4  __aeabi_stderr                 
200009bc  __aeabi_stdin                  
200009c0  __aeabi_stdout                 
0002762b  __aeabi_uldivmod               
ffffffff  __binit__                      
ffffffff  __c_args__                     
UNDEFED   __mpu_init                     
2000fe00  __stack                        
20000000  __start___llvm_prf_cnts        
20000000  __stop___llvm_prf_cnts         
0002836d  _c_int00_noargs                
000258e4  _ctypes_                       
200008f0  _device                        
20000800  _ftable                        
200009d4  _lock                          
00026a37  _nop                           
20000968  _stream                        
20000000  _sys_memory                    
UNDEFED   _system_post_cinit             
000285cd  _system_pre_init               
200009d8  _unlock                        
000285d1  abort                          
00027119  aligned_alloc                  
00028025  atoi                           
20000bbc  bankSpace                      
ffffffff  binit                          
00027dd1  close                          
000281cd  convertToBankAndSector         
00028519  copysign                       
00028519  copysignl                      
200009f0  errno                          
00028071  exit                           
000283a1  finddevice                     
000276c1  fputc                          
00026ef5  fputs                          
0002731d  free                           
00027c45  frexp                          
00027c45  frexpl                         
00027ca9  fseek                          
00028211  getdevice                      
00000000  interruptVectors               
00027009  ldexp                          
00027009  ldexpl                         
00028455  lseek                          
00026dd1  main                           
000285bd  malloc                         
00027119  memalign                       
000284fd  memccpy                        
000284a5  memchr                         
0002758f  memcpy                         
00027861  memset                         
20000bb4  parmbuf                        
00027bdd  printf                         
000276c1  putc                           
00028401  remove                         
00027009  scalbn                         
00027009  scalbnl                        
20000bc0  secMask                        
00027401  setvbuf                        
0002854b  strchr                         
00028533  strcmp                         
00028561  strcpy                         
200009ec  string1                        
200009e4  string2                        
000000e4  string3                        
00028575  strlen                         
000282cd  strncpy                        
00028401  unlink                         
00028589  wcslen                         
0002847d  write                          


GLOBAL SYMBOLS: SORTED BY Symbol Address 

address   name                           
-------   ----                           
00000000  __TI_static_base__             
00000000  interruptVectors               
000000e4  string3                        
00000200  __STACK_SIZE                   
00000800  __SYSMEM_SIZE                  
000258e4  _ctypes_                       
000259f1  __TI_printfi                   
0002643f  ADC14_IRQHandler               
0002643f  AES256_IRQHandler              
0002643f  BusFault_Handler               
0002643f  COMP_E0_IRQHandler             
0002643f  COMP_E1_IRQHandler             
0002643f  CS_IRQHandler                  
0002643f  DMA_ERR_IRQHandler             
0002643f  DMA_INT0_IRQHandler            
0002643f  DMA_INT1_IRQHandler            
0002643f  DMA_INT2_IRQHandler            
0002643f  DMA_INT3_IRQHandler            
0002643f  DebugMon_Handler               
0002643f  Default_Handler                
0002643f  EUSCIA0_IRQHandler             
0002643f  EUSCIA1_IRQHandler             
0002643f  EUSCIA2_IRQHandler             
0002643f  EUSCIA3_IRQHandler             
0002643f  EUSCIB0_IRQHandler             
0002643f  EUSCIB1_IRQHandler             
0002643f  EUSCIB2_IRQHandler             
0002643f  EUSCIB3_IRQHandler             
0002643f  FLCTL_IRQHandler               
0002643f  FPU_IRQHandler                 
0002643f  HardFault_Handler              
0002643f  MemManage_Handler              
0002643f  NMI_Handler                    
0002643f  PCM_IRQHandler                 
0002643f  PORT1_IRQHandler               
0002643f  PORT2_IRQHandler               
0002643f  PORT3_IRQHandler               
0002643f  PORT4_IRQHandler               
0002643f  PORT5_IRQHandler               
0002643f  PORT6_IRQHandler               
0002643f  PSS_IRQHandler                 
0002643f  PendSV_Handler                 
0002643f  RTC_C_IRQHandler               
0002643f  SVC_Handler                    
0002643f  SysTick_Handler                
0002643f  T32_INT1_IRQHandler            
0002643f  T32_INT2_IRQHandler            
0002643f  T32_INTC_IRQHandler            
0002643f  TA0_0_IRQHandler               
0002643f  TA0_N_IRQHandler               
0002643f  TA1_0_IRQHandler               
0002643f  TA1_N_IRQHandler               
0002643f  TA2_0_IRQHandler               
0002643f  TA2_N_IRQHandler               
0002643f  TA3_0_IRQHandler               
0002643f  TA3_N_IRQHandler               
0002643f  UsageFault_Handler             
0002643f  WDT_A_IRQHandler               
00026881  __aeabi_dsub                   
0002688b  __aeabi_dadd                   
00026a37  _nop                           
00026b75  __aeabi_ddiv                   
00026cab  __aeabi_idiv0                  
00026cab  __aeabi_ldiv0                  
00026dd1  main                           
00026ef5  fputs                          
00027009  ldexp                          
00027009  ldexpl                         
00027009  scalbn                         
00027009  scalbnl                        
00027119  aligned_alloc                  
00027119  memalign                       
00027221  __aeabi_dmul                   
0002731d  free                           
00027401  setvbuf                        
0002758f  __aeabi_memcpy                 
0002758f  __aeabi_memcpy4                
0002758f  __aeabi_memcpy8                
0002758f  memcpy                         
0002762b  __aeabi_uldivmod               
000276c1  fputc                          
000276c1  putc                           
0002774d  __aeabi_cdcmpeq                
0002774d  __aeabi_cdcmple                
000277d3  __aeabi_cdrcmple               
00027859  __aeabi_memclr                 
00027859  __aeabi_memclr4                
00027859  __aeabi_memclr8                
0002785b  __aeabi_memset                 
0002785b  __aeabi_memset4                
0002785b  __aeabi_memset8                
00027861  memset                         
000278d5  SystemInit                     
0002794d  __TI_closefile                 
00027aa1  HOSTrename                     
00027b0d  HOSTlseek                      
00027b75  __TI_decompress_lzss           
00027bdd  printf                         
00027c45  frexp                          
00027c45  frexpl                         
00027ca9  fseek                          
00027d0d  __TI_wrt_ok                    
00027d71  HOSTopen                       
00027dd1  close                          
00027e2d  HOSTread                       
00027e85  HOSTwrite                      
00027f33  __TI_ltoa                      
00027fd9  __TI_doflush                   
00028025  atoi                           
00028071  exit                           
000280b9  __aeabi_d2iz                   
00028101  HOSTclose                      
00028145  HOSTunlink                     
00028189  __TI_auto_init_nobinit_nopinit 
000281cd  convertToBankAndSector         
00028211  getdevice                      
00028295  __TI_writemsg                  
000282c3  C$$IO$$                        
000282cd  strncpy                        
00028305  __TI_cleanup                   
00028339  __TI_readmsg                   
0002836d  _c_int00_noargs                
000283a1  finddevice                     
000283d1  __aeabi_i2d                    
00028401  remove                         
00028401  unlink                         
00028455  lseek                          
0002847d  write                          
000284a5  memchr                         
000284c5  __TI_zero_init_nomemset        
000284fd  memccpy                        
00028519  copysign                       
00028519  copysignl                      
00028533  strcmp                         
0002854b  strchr                         
00028561  strcpy                         
00028575  strlen                         
00028589  wcslen                         
0002859b  __TI_decompress_none           
000285a9  Reset_Handler                  
000285b5  __aeabi_errno_addr             
000285bd  malloc                         
000285cd  _system_pre_init               
000285d1  C$$EXIT                        
000285d1  abort                          
0002864c  __TI_Handler_Table_Base        
00028658  __TI_Handler_Table_Limit       
00028660  __TI_CINIT_Base                
00028670  __TI_CINIT_Limit               
20000000  __start___llvm_prf_cnts        
20000000  __stop___llvm_prf_cnts         
20000000  _sys_memory                    
20000800  _ftable                        
200008f0  _device                        
20000968  _stream                        
200009b8  __TI_ft_end                    
200009bc  __aeabi_stdin                  
200009c0  __aeabi_stdout                 
200009c4  __aeabi_stderr                 
200009c8  __TI_cleanup_ptr               
200009cc  __TI_dtors_ptr                 
200009d0  __TI_enable_exit_profile_output
200009d4  _lock                          
200009d8  _unlock                        
200009e4  string2                        
200009ec  string1                        
200009f0  errno                          
200009f4  __CIOBUF_                      
20000b14  __TI_tmpnams                   
20000bb4  parmbuf                        
20000bbc  bankSpace                      
20000bc0  secMask                        
2000fe00  __stack                        
20010000  __STACK_END                    
4000480c  WDTCTL_SYM                     
ffffffff  __TI_pprof_out_hndl            
ffffffff  __TI_prof_data_size            
ffffffff  __TI_prof_data_start           
ffffffff  __binit__                      
ffffffff  __c_args__                     
ffffffff  binit                          
UNDEFED   __mpu_init                     
UNDEFED   _system_post_cinit             

[183 symbols]
