******************************************************************************
                  TI ARM Linker PC v20.2.1                     
******************************************************************************
>> Linked Sun Oct 11 20:17:19 2020

OUTPUT FILE NAME:   <lab4_2.3.out>
ENTRY POINT SYMBOL: "_c_int00_noargs"  address: 00002f79


MEMORY CONFIGURATION

         name            origin    length      used     unused   attr    fill
----------------------  --------  ---------  --------  --------  ----  --------
  MAIN                  00000000   00040000  000033e9  0003cc17  R  X
  INFO                  00200000   00004000  00000000  00004000  R  X
  SRAM_CODE             01000000   00010000  00000e00  0000f200  RW X
  SRAM_DATA             20000000   00010000  00000e00  0000f200  RW  


SEGMENT ALLOCATION MAP

run origin  load origin   length   init length attrs members
----------  ----------- ---------- ----------- ----- -------
00000000    00000000    000033f0   000033f0    r-x
  00000000    00000000    000000e4   000000e4    r-- .intvecs
  000000e4    000000e4    00003154   00003154    r-x .text
  00003238    00003238    00000101   00000101    r-- .const
  00003340    00003340    000000b0   000000b0    r-- .cinit
20000000    20000000    00000c00   00000000    rw-
  20000000    20000000    00000800   00000000    rw- .sysmem
  20000800    20000800    00000210   00000000    rw- .data
  20000a10    20000a10    000001f0   00000000    rw- .bss
2000fe00    2000fe00    00000200   00000000    rw-
  2000fe00    2000fe00    00000200   00000000    rw- .stack


SECTION ALLOCATION MAP

 output                                  attributes/
section   page    origin      length       input sections
--------  ----  ----------  ----------   ----------------
.intvecs   0    00000000    000000e4     
                  00000000    000000e4     startup_msp432p401r_ccs.obj (.intvecs:retain)

.text      0    000000e4    00003154     
                  000000e4    00000a4e     rtsv7M4_T_le_v4SPD16_eabi.lib : _printfi.c.obj (.text:__TI_printfi)
                  00000b32    00000002     startup_msp432p401r_ccs.obj (.text:Default_Handler)
                  00000b34    00000270     rtsv7M4_T_le_v4SPD16_eabi.lib : _printfi.c.obj (.text:_pconv_a)
                  00000da4    000001d0                                   : _printfi.c.obj (.text:_pconv_g)
                  00000f74    000001b6                                   : fd_add_t2.asm.obj (.text)
                  0000112a    00000002                                   : _lock.c.obj (.text:_nop)
                  0000112c    00000190     main.obj (.text:main)
                  000012bc    0000014c     main.obj (.text:delay_ms)
                  00001408    0000013c     rtsv7M4_T_le_v4SPD16_eabi.lib : _printfi.c.obj (.text:_pconv_e)
                  00001544    00000136                                   : fd_div_t2.asm.obj (.text)
                  0000167a    00000002                                   : div0.asm.obj (.text)
                  0000167c    00000124                                   : _printfi.c.obj (.text:fcvt)
                  000017a0    00000114                                   : fputs.c.obj (.text:fputs)
                  000018b4    00000110                                   : s_scalbn.c.obj (.text:scalbn)
                  000019c4    00000108                                   : memory.c.obj (.text:aligned_alloc)
                  00001acc    00000104     msp432p4xx_driverlib.lib : cs.o (.text:_CSComputeCLKFrequency)
                  00001bd0    000000fc     rtsv7M4_T_le_v4SPD16_eabi.lib : fd_mul_t2.asm.obj (.text)
                  00001ccc    000000f8     msp432p4xx_driverlib.lib : cs.o (.text:CS_getDCOFrequency)
                  00001dc4    000000e4     rtsv7M4_T_le_v4SPD16_eabi.lib : memory.c.obj (.text:free)
                  00001ea8    000000dc                                   : setvbuf.c.obj (.text:setvbuf)
                  00001f84    000000b1                                   : _printfi.c.obj (.text:_ltostr)
                  00002035    00000001     --HOLE-- [fill = 0]
                  00002036    0000009c                                   : memcpy_t2.asm.obj (.text)
                  000020d2    00000096                                   : ull_div_t2.asm.obj (.text)
                  00002168    00000094     msp432p4xx_driverlib.lib : sysctl_a.o (.text:SysCtl_A_getTLVInfo)
                  000021fc    0000008c     rtsv7M4_T_le_v4SPD16_eabi.lib : fputc.c.obj (.text:fputc)
                  00002288    00000086                                   : fd_cmp_t2.asm.obj (.text:__aeabi_cdcmple)
                  0000230e    00000086                                   : fd_cmp_t2.asm.obj (.text:__aeabi_cdrcmple)
                  00002394    0000007c     msp432p4xx_driverlib.lib : cs.o (.text:_CSGetDOCFrequency)
                  00002410    0000007a     rtsv7M4_T_le_v4SPD16_eabi.lib : memset_t2.asm.obj (.text)
                  0000248a    00000002     --HOLE-- [fill = 0]
                  0000248c    00000078     system_msp432p401r.obj (.text:SystemInit)
                  00002504    00000074     rtsv7M4_T_le_v4SPD16_eabi.lib : fclose.c.obj (.text:__TI_closefile)
                  00002578    00000070                                   : memory.c.obj (.text:split)
                  000025e8    0000006e                                   : _printfi.c.obj (.text:_mcpy)
                  00002656    00000002     --HOLE-- [fill = 0]
                  00002658    0000006c                                   : hostrename.c.obj (.text:HOSTrename)
                  000026c4    00000068                                   : hostlseek.c.obj (.text:HOSTlseek)
                  0000272c    00000068                                   : copy_decompress_lzss.c.obj (.text:decompress:lzss:__TI_decompress_lzss)
                  00002794    00000068                                   : printf.c.obj (.text:printf)
                  000027fc    00000064                                   : s_frexp.c.obj (.text:frexp)
                  00002860    00000064                                   : fseek.c.obj (.text:fseek)
                  000028c4    00000062     msp432p4xx_driverlib.lib : cs.o (.text:_CSGetDividerValue)
                  00002926    00000062     rtsv7M4_T_le_v4SPD16_eabi.lib : _io_perm.c.obj (.text:__TI_wrt_ok)
                  00002988    00000060                                   : hostopen.c.obj (.text:HOSTopen)
                  000029e8    0000005c                                   : close.c.obj (.text:close)
                  00002a44    00000058                                   : hostread.c.obj (.text:HOSTread)
                  00002a9c    00000058                                   : hostwrite.c.obj (.text:HOSTwrite)
                  00002af4    00000056                                   : _printfi.c.obj (.text:_pconv_f)
                  00002b4a    00000054                                   : _ltoa.c.obj (.text:__TI_ltoa)
                  00002b9e    00000052                                   : _printfi.c.obj (.text:_ecpy)
                  00002bf0    0000004c                                   : fflush.c.obj (.text:__TI_doflush)
                  00002c3c    0000004c                                   : atoi.c.obj (.text:atoi)
                  00002c88    00000048                                   : exit.c.obj (.text:exit)
                  00002cd0    00000048                                   : fd_toi_t2.asm.obj (.text)
                  00002d18    00000044                                   : hostclose.c.obj (.text:HOSTclose)
                  00002d5c    00000044                                   : hostunlink.c.obj (.text:HOSTunlink)
                  00002da0    00000044                                   : autoinit.c.obj (.text:__TI_auto_init_nobinit_nopinit:__TI_auto_init_nobinit_nopinit)
                  00002de4    00000044                                   : getdevice.c.obj (.text:getdevice)
                  00002e28    0000003e                                   : _printfi.c.obj (.text:_fcpy)
                  00002e66    00000002     --HOLE-- [fill = 0]
                  00002e68    00000038                                   : trgmsg.c.obj (.text:__TI_writemsg)
                  00002ea0    00000038                                   : fs_tod_t2.asm.obj (.text)
                  00002ed8    00000036                                   : strncpy.c.obj (.text:strncpy)
                  00002f0e    00000002     --HOLE-- [fill = 0]
                  00002f10    00000034                                   : fopen.c.obj (.text:__TI_cleanup)
                  00002f44    00000034                                   : trgmsg.c.obj (.text:__TI_readmsg)
                  00002f78    00000034                                   : boot_cortex_m.c.obj (.text:_c_int00_noargs:_c_int00_noargs)
                  00002fac    00000030     msp432p4xx_driverlib.lib : cs.o (.text:CS_clearInterruptFlag)
                  00002fdc    00000030     rtsv7M4_T_le_v4SPD16_eabi.lib : getdevice.c.obj (.text:finddevice)
                  0000300c    0000002e                                   : i_tofd_t2.asm.obj (.text)
                  0000303a    00000002     --HOLE-- [fill = 0]
                  0000303c    0000002c                                   : unlink.c.obj (.text:unlink)
                  00003068    00000028     msp432p4xx_driverlib.lib : cs.o (.text:CS_getMCLK)
                  00003090    00000028     rtsv7M4_T_le_v4SPD16_eabi.lib : memory.c.obj (.text:free_list_insert)
                  000030b8    00000028                                   : lseek.c.obj (.text:lseek)
                  000030e0    00000028                                   : write.c.obj (.text:write)
                  00003108    00000020                                   : memchr.c.obj (.text:memchr)
                  00003128    0000001c                                   : copy_zero_init.c.obj (.text:decompress:ZI:__TI_zero_init_nomemset:__TI_zero_init_nomemset)
                  00003144    0000001c                                   : memory.c.obj (.text:free_list_remove)
                  00003160    0000001c                                   : memccpy.c.obj (.text:memccpy)
                  0000317c    0000001a                                   : s_copysign.c.obj (.text:copysign)
                  00003196    00000018                                   : strcmp.c.obj (.text:strcmp)
                  000031ae    00000016                                   : strchr.c.obj (.text:strchr)
                  000031c4    00000014                                   : strcpy.c.obj (.text:strcpy)
                  000031d8    00000014                                   : strlen.c.obj (.text:strlen)
                  000031ec    00000012                                   : wcslen.c.obj (.text:wcslen)
                  000031fe    0000000e                                   : copy_decompress_none.c.obj (.text:decompress:none:__TI_decompress_none)
                  0000320c    0000000c     startup_msp432p401r_ccs.obj (.text:Reset_Handler)
                  00003218    00000008     rtsv7M4_T_le_v4SPD16_eabi.lib : errno.c.obj (.text:__aeabi_errno_addr)
                  00003220    00000008                                   : memory.c.obj (.text:malloc)
                  00003228    00000004                                   : printf.c.obj (.text:_outc)
                  0000322c    00000004                                   : printf.c.obj (.text:_outs)
                  00003230    00000004                                   : pre_init.c.obj (.text:_system_pre_init)
                  00003234    00000004                                   : exit.c.obj (.text:abort:abort)

.const     0    00003238    00000101     
                  00003238    00000101     rtsv7M4_T_le_v4SPD16_eabi.lib : ctype.c.obj (.const:.string:_ctypes_)

.cinit     0    00003340    000000b0     
                  00003340    00000086     (.cinit..data.load) [load image, compression = lzss]
                  000033c6    00000002     --HOLE-- [fill = 0]
                  000033c8    0000000c     (__TI_handler_table)
                  000033d4    00000004     --HOLE-- [fill = 0]
                  000033d8    00000008     (.cinit..bss.load) [load image, compression = zero_init]
                  000033e0    00000010     (__TI_cinit_table)

.init_array 
*          0    00000000    00000000     UNINITIALIZED

.binit     0    00000000    00000000     

.sysmem    0    20000000    00000800     UNINITIALIZED
                  20000000    00000010     rtsv7M4_T_le_v4SPD16_eabi.lib : memory.c.obj (.sysmem)
                  20000010    000007f0     --HOLE--

.data      0    20000800    00000210     UNINITIALIZED
                  20000800    000000f0     rtsv7M4_T_le_v4SPD16_eabi.lib : defs.c.obj (.data:_ftable)
                  200008f0    00000078                                   : host_device.c.obj (.data:_device)
                  20000968    00000050                                   : host_device.c.obj (.data:_stream)
                  200009b8    00000028     main.obj (.data:delayValues)
                  200009e0    00000010     rtsv7M4_T_le_v4SPD16_eabi.lib : defs.c.obj (.data)
                  200009f0    0000000c                                   : exit.c.obj (.data:$O1$$)
                  200009fc    00000008                                   : _lock.c.obj (.data:$O1$$)
                  20000a04    00000008                                   : memory.c.obj (.data:$O1$$)
                  20000a0c    00000004                                   : errno.c.obj (.data)

.bss       0    20000a10    000001f0     UNINITIALIZED
                  20000a10    00000120     rtsv7M4_T_le_v4SPD16_eabi.lib : trgmsg.c.obj (.bss:_CIOBUF_)
                  20000b30    000000a0     (.common:__TI_tmpnams)
                  20000bd0    00000008     msp432p4xx_driverlib.lib : cs.o (.bss)
                  20000bd8    00000008     (.common:parmbuf)
                  20000be0    00000004     (.common:current)
                  20000be4    00000004     (.common:delay)
                  20000be8    00000004     (.common:duration)
                  20000bec    00000004     (.common:frequency)
                  20000bf0    00000004     (.common:previous)
                  20000bf4    00000004     (.common:t0)
                  20000bf8    00000004     (.common:t1)
                  20000bfc    00000004     (.common:timer)

.stack     0    2000fe00    00000200     UNINITIALIZED
                  2000fe00    00000004     rtsv7M4_T_le_v4SPD16_eabi.lib : boot_cortex_m.c.obj (.stack)
                  2000fe04    000001fc     --HOLE--

__llvm_prf_cnts 
*          0    20000000    00000000     UNINITIALIZED

MODULE SUMMARY

       Module                        code    ro data   rw data
       ------                        ----    -------   -------
    .\
       main.obj                      732     0         144    
       system_msp432p401r.obj        120     0         0      
    +--+-----------------------------+-------+---------+---------+
       Total:                        852     0         144    
                                                              
    .\ccs\
       startup_msp432p401r_ccs.obj   14      228       0      
    +--+-----------------------------+-------+---------+---------+
       Total:                        14      228       0      
                                                              
    C:/ti/simplelink_msp432p4_sdk_3_40_01_02/source/ti/devices/msp432p4xx/driverlib/ccs/msp432p4xx_driverlib.lib
       cs.o                          818     0         16     
       sysctl_a.o                    148     0         0      
    +--+-----------------------------+-------+---------+---------+
       Total:                        966     0         16     
                                                              
    C:\ti\ccs1010\ccs\tools\compiler\ti-cgt-arm_20.2.1.LTS\lib\rtsv7M4_T_le_v4SPD16_eabi.lib
       _printfi.c.obj                4851    0         0      
       defs.c.obj                    0       0         832    
       memory.c.obj                  680     0         16     
       trgmsg.c.obj                  108     0         576    
       fd_add_t2.asm.obj             438     0         0      
       host_device.c.obj             0       0         400    
       fd_div_t2.asm.obj             310     0         0      
       fputs.c.obj                   276     0         0      
       s_scalbn.c.obj                272     0         0      
       fd_cmp_t2.asm.obj             268     0         0      
       ctype.c.obj                   0       257       0      
       fd_mul_t2.asm.obj             252     0         0      
       setvbuf.c.obj                 220     0         0      
       memcpy_t2.asm.obj             156     0         0      
       ull_div_t2.asm.obj            150     0         0      
       fputc.c.obj                   140     0         0      
       memset_t2.asm.obj             122     0         0      
       fclose.c.obj                  116     0         0      
       getdevice.c.obj               116     0         0      
       hostopen.c.obj                96      0         16     
       printf.c.obj                  112     0         0      
       hostrename.c.obj              108     0         0      
       copy_decompress_lzss.c.obj    104     0         0      
       hostlseek.c.obj               104     0         0      
       exit.c.obj                    76      0         24     
       fseek.c.obj                   100     0         0      
       s_frexp.c.obj                 100     0         0      
       _io_perm.c.obj                98      0         0      
       close.c.obj                   92      0         0      
       hostread.c.obj                88      0         0      
       hostwrite.c.obj               88      0         0      
       _ltoa.c.obj                   84      0         0      
       atoi.c.obj                    76      0         0      
       fflush.c.obj                  76      0         0      
       fd_toi_t2.asm.obj             72      0         0      
       autoinit.c.obj                68      0         0      
       hostclose.c.obj               68      0         0      
       hostunlink.c.obj              68      0         0      
       fs_tod_t2.asm.obj             56      0         0      
       strncpy.c.obj                 54      0         0      
       boot_cortex_m.c.obj           52      0         0      
       fopen.c.obj                   52      0         0      
       i_tofd_t2.asm.obj             46      0         0      
       unlink.c.obj                  44      0         0      
       lseek.c.obj                   40      0         0      
       write.c.obj                   40      0         0      
       memchr.c.obj                  32      0         0      
       copy_zero_init.c.obj          28      0         0      
       memccpy.c.obj                 28      0         0      
       s_copysign.c.obj              26      0         0      
       strcmp.c.obj                  24      0         0      
       strchr.c.obj                  22      0         0      
       strcpy.c.obj                  20      0         0      
       strlen.c.obj                  20      0         0      
       _lock.c.obj                   2       0         16     
       wcslen.c.obj                  18      0         0      
       errno.c.obj                   8       0         8      
       copy_decompress_none.c.obj    14      0         0      
       pre_init.c.obj                4       0         0      
       div0.asm.obj                  2       0         0      
    +--+-----------------------------+-------+---------+---------+
       Total:                        10785   257       1888   
                                                              
       Heap:                         0       0         4096   
       Stack:                        0       0         1024   
       Linker Generated:             0       170       0      
    +--+-----------------------------+-------+---------+---------+
       Grand Total:                  12617   655       7168   


LINKER GENERATED COPY TABLES

__TI_cinit_table @ 000033e0 records: 2, size/record: 8, table size: 16
	.data: load addr=00003340, load size=00000086 bytes, run addr=20000800, run size=00000210 bytes, compression=lzss
	.bss: load addr=000033d8, load size=00000008 bytes, run addr=20000a10, run size=000001f0 bytes, compression=zero_init


LINKER GENERATED HANDLER TABLE

__TI_handler_table @ 000033c8 records: 3, size/record: 4, table size: 12
	index: 0, handler: __TI_decompress_lzss
	index: 1, handler: __TI_decompress_none
	index: 2, handler: __TI_zero_init


GLOBAL SYMBOLS: SORTED ALPHABETICALLY BY Name 

address   name                           
-------   ----                           
00000b33  ADC14_IRQHandler               
00000b33  AES256_IRQHandler              
00000b33  BusFault_Handler               
00003235  C$$EXIT                        
00002e97  C$$IO$$                        
00000b33  COMP_E0_IRQHandler             
00000b33  COMP_E1_IRQHandler             
00000b33  CS_IRQHandler                  
00002fad  CS_clearInterruptFlag          
00001ccd  CS_getDCOFrequency             
00003069  CS_getMCLK                     
00000b33  DMA_ERR_IRQHandler             
00000b33  DMA_INT0_IRQHandler            
00000b33  DMA_INT1_IRQHandler            
00000b33  DMA_INT2_IRQHandler            
00000b33  DMA_INT3_IRQHandler            
00000b33  DebugMon_Handler               
00000b33  Default_Handler                
00000b33  EUSCIA0_IRQHandler             
00000b33  EUSCIA1_IRQHandler             
00000b33  EUSCIA2_IRQHandler             
00000b33  EUSCIA3_IRQHandler             
00000b33  EUSCIB0_IRQHandler             
00000b33  EUSCIB1_IRQHandler             
00000b33  EUSCIB2_IRQHandler             
00000b33  EUSCIB3_IRQHandler             
00000b33  FLCTL_IRQHandler               
00000b33  FPU_IRQHandler                 
00002d19  HOSTclose                      
000026c5  HOSTlseek                      
00002989  HOSTopen                       
00002a45  HOSTread                       
00002659  HOSTrename                     
00002d5d  HOSTunlink                     
00002a9d  HOSTwrite                      
00000b33  HardFault_Handler              
00000b33  MemManage_Handler              
00000b33  NMI_Handler                    
00000b33  PCM_IRQHandler                 
00000b33  PORT1_IRQHandler               
00000b33  PORT2_IRQHandler               
00000b33  PORT3_IRQHandler               
00000b33  PORT4_IRQHandler               
00000b33  PORT5_IRQHandler               
00000b33  PORT6_IRQHandler               
00000b33  PSS_IRQHandler                 
00000b33  PendSV_Handler                 
00000b33  RTC_C_IRQHandler               
0000320d  Reset_Handler                  
00000b33  SVC_Handler                    
00002169  SysCtl_A_getTLVInfo            
00000b33  SysTick_Handler                
0000248d  SystemInit                     
00000b33  T32_INT1_IRQHandler            
00000b33  T32_INT2_IRQHandler            
00000b33  T32_INTC_IRQHandler            
00000b33  TA0_0_IRQHandler               
00000b33  TA0_N_IRQHandler               
00000b33  TA1_0_IRQHandler               
00000b33  TA1_N_IRQHandler               
00000b33  TA2_0_IRQHandler               
00000b33  TA2_N_IRQHandler               
00000b33  TA3_0_IRQHandler               
00000b33  TA3_N_IRQHandler               
00000b33  UsageFault_Handler             
4000480c  WDTCTL_SYM                     
00000b33  WDT_A_IRQHandler               
20000a10  __CIOBUF_                      
20010000  __STACK_END                    
00000200  __STACK_SIZE                   
00000800  __SYSMEM_SIZE                  
000033e0  __TI_CINIT_Base                
000033f0  __TI_CINIT_Limit               
000033c8  __TI_Handler_Table_Base        
000033d4  __TI_Handler_Table_Limit       
00002da1  __TI_auto_init_nobinit_nopinit 
00002f11  __TI_cleanup                   
200009f0  __TI_cleanup_ptr               
00002505  __TI_closefile                 
0000272d  __TI_decompress_lzss           
000031ff  __TI_decompress_none           
00002bf1  __TI_doflush                   
200009f4  __TI_dtors_ptr                 
200009f8  __TI_enable_exit_profile_output
200009e0  __TI_ft_end                    
00002b4b  __TI_ltoa                      
ffffffff  __TI_pprof_out_hndl            
000000e5  __TI_printfi                   
ffffffff  __TI_prof_data_size            
ffffffff  __TI_prof_data_start           
00002f45  __TI_readmsg                   
00000000  __TI_static_base__             
20000b30  __TI_tmpnams                   
00002e69  __TI_writemsg                  
00002927  __TI_wrt_ok                    
00003129  __TI_zero_init_nomemset        
00002289  __aeabi_cdcmpeq                
00002289  __aeabi_cdcmple                
0000230f  __aeabi_cdrcmple               
00002cd1  __aeabi_d2iz                   
00000f7f  __aeabi_dadd                   
00001545  __aeabi_ddiv                   
00001bd1  __aeabi_dmul                   
00000f75  __aeabi_dsub                   
00003219  __aeabi_errno_addr             
00002ea1  __aeabi_f2d                    
0000300d  __aeabi_i2d                    
0000167b  __aeabi_idiv0                  
0000167b  __aeabi_ldiv0                  
00002411  __aeabi_memclr                 
00002411  __aeabi_memclr4                
00002411  __aeabi_memclr8                
00002037  __aeabi_memcpy                 
00002037  __aeabi_memcpy4                
00002037  __aeabi_memcpy8                
00002413  __aeabi_memset                 
00002413  __aeabi_memset4                
00002413  __aeabi_memset8                
200009ec  __aeabi_stderr                 
200009e4  __aeabi_stdin                  
200009e8  __aeabi_stdout                 
000020d3  __aeabi_uldivmod               
ffffffff  __binit__                      
ffffffff  __c_args__                     
UNDEFED   __mpu_init                     
2000fe00  __stack                        
20000000  __start___llvm_prf_cnts        
20000000  __stop___llvm_prf_cnts         
00002f79  _c_int00_noargs                
00003238  _ctypes_                       
200008f0  _device                        
20000800  _ftable                        
200009fc  _lock                          
0000112b  _nop                           
20000968  _stream                        
20000000  _sys_memory                    
UNDEFED   _system_post_cinit             
00003231  _system_pre_init               
20000a00  _unlock                        
00003235  abort                          
000019c5  aligned_alloc                  
00002c3d  atoi                           
ffffffff  binit                          
000029e9  close                          
0000317d  copysign                       
0000317d  copysignl                      
20000be0  current                        
20000be4  delay                          
200009b8  delayValues                    
000012bd  delay_ms                       
20000be8  duration                       
20000a0c  errno                          
00002c89  exit                           
00002fdd  finddevice                     
000021fd  fputc                          
000017a1  fputs                          
00001dc5  free                           
20000bec  frequency                      
000027fd  frexp                          
000027fd  frexpl                         
00002861  fseek                          
00002de5  getdevice                      
00000000  interruptVectors               
000018b5  ldexp                          
000018b5  ldexpl                         
000030b9  lseek                          
0000112d  main                           
00003221  malloc                         
000019c5  memalign                       
00003161  memccpy                        
00003109  memchr                         
00002037  memcpy                         
00002419  memset                         
20000bd8  parmbuf                        
20000bf0  previous                       
00002795  printf                         
000021fd  putc                           
0000303d  remove                         
000018b5  scalbn                         
000018b5  scalbnl                        
00001ea9  setvbuf                        
000031af  strchr                         
00003197  strcmp                         
000031c5  strcpy                         
000031d9  strlen                         
00002ed9  strncpy                        
20000bf4  t0                             
20000bf8  t1                             
20000bfc  timer                          
0000303d  unlink                         
000031ed  wcslen                         
000030e1  write                          


GLOBAL SYMBOLS: SORTED BY Symbol Address 

address   name                           
-------   ----                           
00000000  __TI_static_base__             
00000000  interruptVectors               
000000e5  __TI_printfi                   
00000200  __STACK_SIZE                   
00000800  __SYSMEM_SIZE                  
00000b33  ADC14_IRQHandler               
00000b33  AES256_IRQHandler              
00000b33  BusFault_Handler               
00000b33  COMP_E0_IRQHandler             
00000b33  COMP_E1_IRQHandler             
00000b33  CS_IRQHandler                  
00000b33  DMA_ERR_IRQHandler             
00000b33  DMA_INT0_IRQHandler            
00000b33  DMA_INT1_IRQHandler            
00000b33  DMA_INT2_IRQHandler            
00000b33  DMA_INT3_IRQHandler            
00000b33  DebugMon_Handler               
00000b33  Default_Handler                
00000b33  EUSCIA0_IRQHandler             
00000b33  EUSCIA1_IRQHandler             
00000b33  EUSCIA2_IRQHandler             
00000b33  EUSCIA3_IRQHandler             
00000b33  EUSCIB0_IRQHandler             
00000b33  EUSCIB1_IRQHandler             
00000b33  EUSCIB2_IRQHandler             
00000b33  EUSCIB3_IRQHandler             
00000b33  FLCTL_IRQHandler               
00000b33  FPU_IRQHandler                 
00000b33  HardFault_Handler              
00000b33  MemManage_Handler              
00000b33  NMI_Handler                    
00000b33  PCM_IRQHandler                 
00000b33  PORT1_IRQHandler               
00000b33  PORT2_IRQHandler               
00000b33  PORT3_IRQHandler               
00000b33  PORT4_IRQHandler               
00000b33  PORT5_IRQHandler               
00000b33  PORT6_IRQHandler               
00000b33  PSS_IRQHandler                 
00000b33  PendSV_Handler                 
00000b33  RTC_C_IRQHandler               
00000b33  SVC_Handler                    
00000b33  SysTick_Handler                
00000b33  T32_INT1_IRQHandler            
00000b33  T32_INT2_IRQHandler            
00000b33  T32_INTC_IRQHandler            
00000b33  TA0_0_IRQHandler               
00000b33  TA0_N_IRQHandler               
00000b33  TA1_0_IRQHandler               
00000b33  TA1_N_IRQHandler               
00000b33  TA2_0_IRQHandler               
00000b33  TA2_N_IRQHandler               
00000b33  TA3_0_IRQHandler               
00000b33  TA3_N_IRQHandler               
00000b33  UsageFault_Handler             
00000b33  WDT_A_IRQHandler               
00000f75  __aeabi_dsub                   
00000f7f  __aeabi_dadd                   
0000112b  _nop                           
0000112d  main                           
000012bd  delay_ms                       
00001545  __aeabi_ddiv                   
0000167b  __aeabi_idiv0                  
0000167b  __aeabi_ldiv0                  
000017a1  fputs                          
000018b5  ldexp                          
000018b5  ldexpl                         
000018b5  scalbn                         
000018b5  scalbnl                        
000019c5  aligned_alloc                  
000019c5  memalign                       
00001bd1  __aeabi_dmul                   
00001ccd  CS_getDCOFrequency             
00001dc5  free                           
00001ea9  setvbuf                        
00002037  __aeabi_memcpy                 
00002037  __aeabi_memcpy4                
00002037  __aeabi_memcpy8                
00002037  memcpy                         
000020d3  __aeabi_uldivmod               
00002169  SysCtl_A_getTLVInfo            
000021fd  fputc                          
000021fd  putc                           
00002289  __aeabi_cdcmpeq                
00002289  __aeabi_cdcmple                
0000230f  __aeabi_cdrcmple               
00002411  __aeabi_memclr                 
00002411  __aeabi_memclr4                
00002411  __aeabi_memclr8                
00002413  __aeabi_memset                 
00002413  __aeabi_memset4                
00002413  __aeabi_memset8                
00002419  memset                         
0000248d  SystemInit                     
00002505  __TI_closefile                 
00002659  HOSTrename                     
000026c5  HOSTlseek                      
0000272d  __TI_decompress_lzss           
00002795  printf                         
000027fd  frexp                          
000027fd  frexpl                         
00002861  fseek                          
00002927  __TI_wrt_ok                    
00002989  HOSTopen                       
000029e9  close                          
00002a45  HOSTread                       
00002a9d  HOSTwrite                      
00002b4b  __TI_ltoa                      
00002bf1  __TI_doflush                   
00002c3d  atoi                           
00002c89  exit                           
00002cd1  __aeabi_d2iz                   
00002d19  HOSTclose                      
00002d5d  HOSTunlink                     
00002da1  __TI_auto_init_nobinit_nopinit 
00002de5  getdevice                      
00002e69  __TI_writemsg                  
00002e97  C$$IO$$                        
00002ea1  __aeabi_f2d                    
00002ed9  strncpy                        
00002f11  __TI_cleanup                   
00002f45  __TI_readmsg                   
00002f79  _c_int00_noargs                
00002fad  CS_clearInterruptFlag          
00002fdd  finddevice                     
0000300d  __aeabi_i2d                    
0000303d  remove                         
0000303d  unlink                         
00003069  CS_getMCLK                     
000030b9  lseek                          
000030e1  write                          
00003109  memchr                         
00003129  __TI_zero_init_nomemset        
00003161  memccpy                        
0000317d  copysign                       
0000317d  copysignl                      
00003197  strcmp                         
000031af  strchr                         
000031c5  strcpy                         
000031d9  strlen                         
000031ed  wcslen                         
000031ff  __TI_decompress_none           
0000320d  Reset_Handler                  
00003219  __aeabi_errno_addr             
00003221  malloc                         
00003231  _system_pre_init               
00003235  C$$EXIT                        
00003235  abort                          
00003238  _ctypes_                       
000033c8  __TI_Handler_Table_Base        
000033d4  __TI_Handler_Table_Limit       
000033e0  __TI_CINIT_Base                
000033f0  __TI_CINIT_Limit               
20000000  __start___llvm_prf_cnts        
20000000  __stop___llvm_prf_cnts         
20000000  _sys_memory                    
20000800  _ftable                        
200008f0  _device                        
20000968  _stream                        
200009b8  delayValues                    
200009e0  __TI_ft_end                    
200009e4  __aeabi_stdin                  
200009e8  __aeabi_stdout                 
200009ec  __aeabi_stderr                 
200009f0  __TI_cleanup_ptr               
200009f4  __TI_dtors_ptr                 
200009f8  __TI_enable_exit_profile_output
200009fc  _lock                          
20000a00  _unlock                        
20000a0c  errno                          
20000a10  __CIOBUF_                      
20000b30  __TI_tmpnams                   
20000bd8  parmbuf                        
20000be0  current                        
20000be4  delay                          
20000be8  duration                       
20000bec  frequency                      
20000bf0  previous                       
20000bf4  t0                             
20000bf8  t1                             
20000bfc  timer                          
2000fe00  __stack                        
20010000  __STACK_END                    
4000480c  WDTCTL_SYM                     
ffffffff  __TI_pprof_out_hndl            
ffffffff  __TI_prof_data_size            
ffffffff  __TI_prof_data_start           
ffffffff  __binit__                      
ffffffff  __c_args__                     
ffffffff  binit                          
UNDEFED   __mpu_init                     
UNDEFED   _system_post_cinit             

[192 symbols]
