******************************************************************************
                  TI ARM Linker PC v20.2.1                     
******************************************************************************
>> Linked Sun Nov  8 13:11:29 2020

OUTPUT FILE NAME:   <lab6_2.1.out>
ENTRY POINT SYMBOL: "_c_int00_noargs"  address: 000031b1


MEMORY CONFIGURATION

         name            origin    length      used     unused   attr    fill
----------------------  --------  ---------  --------  --------  ----  --------
  MAIN                  00000000   00040000  0000388c  0003c774  R  X
  INFO                  00200000   00004000  00000000  00004000  R  X
  SRAM_CODE             01000000   00010000  00000db9  0000f247  RW X
  SRAM_DATA             20000000   00010000  00000db9  0000f247  RW  


SEGMENT ALLOCATION MAP

run origin  load origin   length   init length attrs members
----------  ----------- ---------- ----------- ----- -------
00000000    00000000    00003890   00003890    r-x
  00000000    00000000    000000e4   000000e4    r-- .intvecs
  000000e4    000000e4    0000358c   0000358c    r-x .text
  00003670    00003670    0000018c   0000018c    r-- .const
  00003800    00003800    00000090   00000090    r-- .cinit
20000000    20000000    00000bb9   00000000    rw-
  20000000    20000000    00000800   00000000    rw- .sysmem
  20000800    20000800    000001e8   00000000    rw- .data
  200009e8    200009e8    000001d1   00000000    rw- .bss
2000fe00    2000fe00    00000200   00000000    rw-
  2000fe00    2000fe00    00000200   00000000    rw- .stack


SECTION ALLOCATION MAP

 output                                  attributes/
section   page    origin      length       input sections
--------  ----  ----------  ----------   ----------------
.intvecs   0    00000000    000000e4     
                  00000000    000000e4     startup_msp432p401r_ccs.obj (.intvecs:retain)

.text      0    000000e4    0000358c     
                  000000e4    00000a4e     rtsv7M4_T_le_v4SPD16_eabi.lib : _printfi.c.obj (.text:__TI_printfi)
                  00000b32    00000002     startup_msp432p401r_ccs.obj (.text:Default_Handler)
                  00000b34    00000270     rtsv7M4_T_le_v4SPD16_eabi.lib : _printfi.c.obj (.text:_pconv_a)
                  00000da4    000001d0                                   : _printfi.c.obj (.text:_pconv_g)
                  00000f74    000001b6                                   : fd_add_t2.asm.obj (.text)
                  0000112a    00000002                                   : _lock.c.obj (.text:_nop)
                  0000112c    00000160     msp432p4xx_driverlib.lib : adc14.o (.text:_getIndexForMemRegister)
                  0000128c    00000148     main.obj (.text:main)
                  000013d4    0000013c     rtsv7M4_T_le_v4SPD16_eabi.lib : _printfi.c.obj (.text:_pconv_e)
                  00001510    00000136                                   : fd_div_t2.asm.obj (.text)
                  00001646    00000002                                   : div0.asm.obj (.text)
                  00001648    00000124                                   : _printfi.c.obj (.text:fcvt)
                  0000176c    00000114                                   : fputs.c.obj (.text:fputs)
                  00001880    00000110                                   : s_scalbn.c.obj (.text:scalbn)
                  00001990    00000108                                   : memory.c.obj (.text:aligned_alloc)
                  00001a98    00000104     msp432p4xx_driverlib.lib : cs.o (.text:_CSComputeCLKFrequency)
                  00001b9c    000000fc     rtsv7M4_T_le_v4SPD16_eabi.lib : fd_mul_t2.asm.obj (.text)
                  00001c98    000000f8     msp432p4xx_driverlib.lib : cs.o (.text:CS_getDCOFrequency)
                  00001d90    000000e4     rtsv7M4_T_le_v4SPD16_eabi.lib : memory.c.obj (.text:free)
                  00001e74    000000dc                                   : setvbuf.c.obj (.text:setvbuf)
                  00001f50    000000b4     msp432p4xx_driverlib.lib : adc14.o (.text:ADC14_configureConversionMemory)
                  00002004    000000b1     rtsv7M4_T_le_v4SPD16_eabi.lib : _printfi.c.obj (.text:_ltostr)
                  000020b5    00000001     --HOLE-- [fill = 0]
                  000020b6    0000009c                                   : memcpy_t2.asm.obj (.text)
                  00002152    00000096                                   : ull_div_t2.asm.obj (.text)
                  000021e8    00000094     msp432p4xx_driverlib.lib : sysctl_a.o (.text:SysCtl_A_getTLVInfo)
                  0000227c    0000008c     rtsv7M4_T_le_v4SPD16_eabi.lib : fputc.c.obj (.text:fputc)
                  00002308    00000086                                   : fd_cmp_t2.asm.obj (.text:__aeabi_cdcmple)
                  0000238e    00000086                                   : fd_cmp_t2.asm.obj (.text:__aeabi_cdrcmple)
                  00002414    00000080     msp432p4xx_driverlib.lib : interrupt.o (.text:Interrupt_enableInterrupt)
                  00002494    0000007c                              : cs.o (.text:_CSGetDOCFrequency)
                  00002510    0000007a     rtsv7M4_T_le_v4SPD16_eabi.lib : memset_t2.asm.obj (.text)
                  0000258a    00000002     --HOLE-- [fill = 0]
                  0000258c    00000078     system_msp432p401r.obj (.text:SystemInit)
                  00002604    00000074     rtsv7M4_T_le_v4SPD16_eabi.lib : fclose.c.obj (.text:__TI_closefile)
                  00002678    00000070                                   : memory.c.obj (.text:split)
                  000026e8    0000006e                                   : _printfi.c.obj (.text:_mcpy)
                  00002756    00000002     --HOLE-- [fill = 0]
                  00002758    0000006c                                   : hostrename.c.obj (.text:HOSTrename)
                  000027c4    00000068                                   : hostlseek.c.obj (.text:HOSTlseek)
                  0000282c    00000068                                   : copy_decompress_lzss.c.obj (.text:decompress:lzss:__TI_decompress_lzss)
                  00002894    00000068                                   : printf.c.obj (.text:printf)
                  000028fc    00000064                                   : s_frexp.c.obj (.text:frexp)
                  00002960    00000064                                   : fseek.c.obj (.text:fseek)
                  000029c4    00000062     msp432p4xx_driverlib.lib : cs.o (.text:_CSGetDividerValue)
                  00002a26    00000062     rtsv7M4_T_le_v4SPD16_eabi.lib : _io_perm.c.obj (.text:__TI_wrt_ok)
                  00002a88    00000060                                   : hostopen.c.obj (.text:HOSTopen)
                  00002ae8    0000005c                                   : close.c.obj (.text:close)
                  00002b44    00000058     msp432p4xx_driverlib.lib : adc14.o (.text:ADC14_configureSingleSampleMode)
                  00002b9c    00000058     rtsv7M4_T_le_v4SPD16_eabi.lib : hostread.c.obj (.text:HOSTread)
                  00002bf4    00000058                                   : hostwrite.c.obj (.text:HOSTwrite)
                  00002c4c    00000056                                   : _printfi.c.obj (.text:_pconv_f)
                  00002ca2    00000002     --HOLE-- [fill = 0]
                  00002ca4    00000054     msp432p4xx_driverlib.lib : adc14.o (.text:ADC14_initModule)
                  00002cf8    00000054     rtsv7M4_T_le_v4SPD16_eabi.lib : _ltoa.c.obj (.text:__TI_ltoa)
                  00002d4c    00000054     main.obj (.text:delay_ms)
                  00002da0    00000052     rtsv7M4_T_le_v4SPD16_eabi.lib : _printfi.c.obj (.text:_ecpy)
                  00002df2    0000004c                                   : fflush.c.obj (.text:__TI_doflush)
                  00002e3e    00000002     --HOLE-- [fill = 0]
                  00002e40    0000004c                                   : atoi.c.obj (.text:atoi)
                  00002e8c    00000048                                   : exit.c.obj (.text:exit)
                  00002ed4    00000048                                   : fd_toi_t2.asm.obj (.text)
                  00002f1c    00000044                                   : hostclose.c.obj (.text:HOSTclose)
                  00002f60    00000044                                   : hostunlink.c.obj (.text:HOSTunlink)
                  00002fa4    00000044                                   : autoinit.c.obj (.text:__TI_auto_init_nobinit_nopinit:__TI_auto_init_nobinit_nopinit)
                  00002fe8    00000044                                   : getdevice.c.obj (.text:getdevice)
                  0000302c    0000003e                                   : _printfi.c.obj (.text:_fcpy)
                  0000306a    00000002     --HOLE-- [fill = 0]
                  0000306c    00000038     msp432p4xx_driverlib.lib : adc14.o (.text:ADC14_getEnabledInterruptStatus)
                  000030a4    00000038     rtsv7M4_T_le_v4SPD16_eabi.lib : trgmsg.c.obj (.text:__TI_writemsg)
                  000030dc    00000036                                   : strncpy.c.obj (.text:strncpy)
                  00003112    00000002     --HOLE-- [fill = 0]
                  00003114    00000034     msp432p4xx_driverlib.lib : adc14.o (.text:ADC14_enableSampleTimer)
                  00003148    00000034     rtsv7M4_T_le_v4SPD16_eabi.lib : fopen.c.obj (.text:__TI_cleanup)
                  0000317c    00000034                                   : trgmsg.c.obj (.text:__TI_readmsg)
                  000031b0    00000034                                   : boot_cortex_m.c.obj (.text:_c_int00_noargs:_c_int00_noargs)
                  000031e4    00000030     main.obj (.text:ADC14_IRQHandler)
                  00003214    00000030     msp432p4xx_driverlib.lib : adc14.o (.text:ADC14_clearInterruptFlag)
                  00003244    00000030                              : adc14.o (.text:ADC14_enableInterrupt)
                  00003274    00000030                              : adc14.o (.text:ADC14_setSampleHoldTime)
                  000032a4    00000030                              : cs.o (.text:CS_clearInterruptFlag)
                  000032d4    00000030     rtsv7M4_T_le_v4SPD16_eabi.lib : getdevice.c.obj (.text:finddevice)
                  00003304    0000002e                                   : i_tofd_t2.asm.obj (.text)
                  00003332    00000002     --HOLE-- [fill = 0]
                  00003334    0000002c     msp432p4xx_driverlib.lib : adc14.o (.text:ADC14_getInterruptStatus)
                  00003360    0000002c                              : adc14.o (.text:ADC14_toggleConversionTrigger)
                  0000338c    0000002c     rtsv7M4_T_le_v4SPD16_eabi.lib : unlink.c.obj (.text:unlink)
                  000033b8    00000028     msp432p4xx_driverlib.lib : adc14.o (.text:ADC14_enableConversion)
                  000033e0    00000028                              : adc14.o (.text:ADC14_getResult)
                  00003408    00000028                              : cs.o (.text:CS_getMCLK)
                  00003430    00000028     rtsv7M4_T_le_v4SPD16_eabi.lib : memory.c.obj (.text:free_list_insert)
                  00003458    00000028                                   : lseek.c.obj (.text:lseek)
                  00003480    00000028                                   : write.c.obj (.text:write)
                  000034a8    00000024     msp432p4xx_driverlib.lib : wdt_a.o (.text:WDT_A_holdTimer)
                  000034cc    00000020                              : ref_a.o (.text:REF_A_setReferenceVoltage)
                  000034ec    00000020     rtsv7M4_T_le_v4SPD16_eabi.lib : memchr.c.obj (.text:memchr)
                  0000350c    0000001c                                   : copy_zero_init.c.obj (.text:decompress:ZI:__TI_zero_init_nomemset:__TI_zero_init_nomemset)
                  00003528    0000001c                                   : memory.c.obj (.text:free_list_remove)
                  00003544    0000001c                                   : memccpy.c.obj (.text:memccpy)
                  00003560    0000001a                                   : s_copysign.c.obj (.text:copysign)
                  0000357a    00000018                                   : strcmp.c.obj (.text:strcmp)
                  00003592    00000016                                   : strchr.c.obj (.text:strchr)
                  000035a8    00000014                                   : strcpy.c.obj (.text:strcpy)
                  000035bc    00000014                                   : strlen.c.obj (.text:strlen)
                  000035d0    00000012                                   : wcslen.c.obj (.text:wcslen)
                  000035e2    00000002     --HOLE-- [fill = 0]
                  000035e4    00000010     msp432p4xx_driverlib.lib : adc14.o (.text:ADCIsConversionRunning)
                  000035f4    00000010                              : interrupt.o (.text:Interrupt_enableMaster)
                  00003604    0000000e     rtsv7M4_T_le_v4SPD16_eabi.lib : copy_decompress_none.c.obj (.text:decompress:none:__TI_decompress_none)
                  00003612    00000002     --HOLE-- [fill = 0]
                  00003614    0000000c     msp432p4xx_driverlib.lib : adc14.o (.text:ADC14_enableModule)
                  00003620    0000000c                              : cpu.o (.text:CPU_cpsie)
                  0000362c    0000000c                              : ref_a.o (.text:REF_A_enableReferenceVoltage)
                  00003638    0000000c                              : ref_a.o (.text:REF_A_enableTempSensor)
                  00003644    0000000c     startup_msp432p401r_ccs.obj (.text:Reset_Handler)
                  00003650    00000008     rtsv7M4_T_le_v4SPD16_eabi.lib : errno.c.obj (.text:__aeabi_errno_addr)
                  00003658    00000008                                   : memory.c.obj (.text:malloc)
                  00003660    00000004                                   : printf.c.obj (.text:_outc)
                  00003664    00000004                                   : printf.c.obj (.text:_outs)
                  00003668    00000004                                   : pre_init.c.obj (.text:_system_pre_init)
                  0000366c    00000004                                   : exit.c.obj (.text:abort:abort)

.const     0    00003670    0000018c     
                  00003670    00000101     rtsv7M4_T_le_v4SPD16_eabi.lib : ctype.c.obj (.const:.string:_ctypes_)
                  00003771    00000003     --HOLE-- [fill = 0]
                  00003774    00000080     msp432p4xx_driverlib.lib : adc14.o (.const:_ctlRegs)
                  000037f4    00000008                              : interrupt.o (.const:g_pulEnRegs)

.cinit     0    00003800    00000090     
                  00003800    00000068     (.cinit..data.load) [load image, compression = lzss]
                  00003868    0000000c     (__TI_handler_table)
                  00003874    00000004     --HOLE-- [fill = 0]
                  00003878    00000008     (.cinit..bss.load) [load image, compression = zero_init]
                  00003880    00000010     (__TI_cinit_table)

.init_array 
*          0    00000000    00000000     UNINITIALIZED

.binit     0    00000000    00000000     

.sysmem    0    20000000    00000800     UNINITIALIZED
                  20000000    00000010     rtsv7M4_T_le_v4SPD16_eabi.lib : memory.c.obj (.sysmem)
                  20000010    000007f0     --HOLE--

.data      0    20000800    000001e8     UNINITIALIZED
                  20000800    000000f0     rtsv7M4_T_le_v4SPD16_eabi.lib : defs.c.obj (.data:_ftable)
                  200008f0    00000078                                   : host_device.c.obj (.data:_device)
                  20000968    00000050                                   : host_device.c.obj (.data:_stream)
                  200009b8    00000010                                   : defs.c.obj (.data)
                  200009c8    0000000c                                   : exit.c.obj (.data:$O1$$)
                  200009d4    00000008                                   : _lock.c.obj (.data:$O1$$)
                  200009dc    00000008                                   : memory.c.obj (.data:$O1$$)
                  200009e4    00000004                                   : errno.c.obj (.data)

.bss       0    200009e8    000001d1     UNINITIALIZED
                  200009e8    00000120     rtsv7M4_T_le_v4SPD16_eabi.lib : trgmsg.c.obj (.bss:_CIOBUF_)
                  20000b08    000000a0     (.common:__TI_tmpnams)
                  20000ba8    00000008     msp432p4xx_driverlib.lib : cs.o (.bss)
                  20000bb0    00000008     (.common:parmbuf)
                  20000bb8    00000001     (.common:adc_done)

.stack     0    2000fe00    00000200     UNINITIALIZED
                  2000fe00    00000004     rtsv7M4_T_le_v4SPD16_eabi.lib : boot_cortex_m.c.obj (.stack)
                  2000fe04    000001fc     --HOLE--

__llvm_prf_cnts 
*          0    20000000    00000000     UNINITIALIZED

MODULE SUMMARY

       Module                        code    ro data   rw data
       ------                        ----    -------   -------
    .\
       main.obj                      460     0         2      
       system_msp432p401r.obj        120     0         0      
    +--+-----------------------------+-------+---------+---------+
       Total:                        580     0         2      
                                                              
    .\ccs\
       startup_msp432p401r_ccs.obj   14      228       0      
    +--+-----------------------------+-------+---------+---------+
       Total:                        14      228       0      
                                                              
    C:/ti/simplelink_msp432p4_sdk_3_40_01_02/source/ti/devices/msp432p4xx/driverlib/ccs/msp432p4xx_driverlib.lib
       adc14.o                       1152    128       0      
       cs.o                          818     0         16     
       interrupt.o                   144     8         0      
       sysctl_a.o                    148     0         0      
       ref_a.o                       56      0         0      
       wdt_a.o                       36      0         0      
       cpu.o                         12      0         0      
    +--+-----------------------------+-------+---------+---------+
       Total:                        2366    136       16     
                                                              
    C:\ti\ccs1010\ccs\tools\compiler\ti-cgt-arm_20.2.1.LTS\lib\rtsv7M4_T_le_v4SPD16_eabi.lib
       _printfi.c.obj                4851    0         0      
       defs.c.obj                    0       0         832    
       memory.c.obj                  680     0         16     
       trgmsg.c.obj                  108     0         576    
       fd_add_t2.asm.obj             438     0         0      
       host_device.c.obj             0       0         400    
       fd_div_t2.asm.obj             310     0         0      
       fputs.c.obj                   276     0         0      
       s_scalbn.c.obj                272     0         0      
       fd_cmp_t2.asm.obj             268     0         0      
       ctype.c.obj                   0       257       0      
       fd_mul_t2.asm.obj             252     0         0      
       setvbuf.c.obj                 220     0         0      
       memcpy_t2.asm.obj             156     0         0      
       ull_div_t2.asm.obj            150     0         0      
       fputc.c.obj                   140     0         0      
       memset_t2.asm.obj             122     0         0      
       fclose.c.obj                  116     0         0      
       getdevice.c.obj               116     0         0      
       hostopen.c.obj                96      0         16     
       printf.c.obj                  112     0         0      
       hostrename.c.obj              108     0         0      
       copy_decompress_lzss.c.obj    104     0         0      
       hostlseek.c.obj               104     0         0      
       exit.c.obj                    76      0         24     
       fseek.c.obj                   100     0         0      
       s_frexp.c.obj                 100     0         0      
       _io_perm.c.obj                98      0         0      
       close.c.obj                   92      0         0      
       hostread.c.obj                88      0         0      
       hostwrite.c.obj               88      0         0      
       _ltoa.c.obj                   84      0         0      
       atoi.c.obj                    76      0         0      
       fflush.c.obj                  76      0         0      
       fd_toi_t2.asm.obj             72      0         0      
       autoinit.c.obj                68      0         0      
       hostclose.c.obj               68      0         0      
       hostunlink.c.obj              68      0         0      
       strncpy.c.obj                 54      0         0      
       boot_cortex_m.c.obj           52      0         0      
       fopen.c.obj                   52      0         0      
       i_tofd_t2.asm.obj             46      0         0      
       unlink.c.obj                  44      0         0      
       lseek.c.obj                   40      0         0      
       write.c.obj                   40      0         0      
       memchr.c.obj                  32      0         0      
       copy_zero_init.c.obj          28      0         0      
       memccpy.c.obj                 28      0         0      
       s_copysign.c.obj              26      0         0      
       strcmp.c.obj                  24      0         0      
       strchr.c.obj                  22      0         0      
       strcpy.c.obj                  20      0         0      
       strlen.c.obj                  20      0         0      
       _lock.c.obj                   2       0         16     
       wcslen.c.obj                  18      0         0      
       errno.c.obj                   8       0         8      
       copy_decompress_none.c.obj    14      0         0      
       pre_init.c.obj                4       0         0      
       div0.asm.obj                  2       0         0      
    +--+-----------------------------+-------+---------+---------+
       Total:                        10729   257       1888   
                                                              
       Heap:                         0       0         4096   
       Stack:                        0       0         1024   
       Linker Generated:             0       140       0      
    +--+-----------------------------+-------+---------+---------+
       Grand Total:                  13689   761       7026   


LINKER GENERATED COPY TABLES

__TI_cinit_table @ 00003880 records: 2, size/record: 8, table size: 16
	.data: load addr=00003800, load size=00000068 bytes, run addr=20000800, run size=000001e8 bytes, compression=lzss
	.bss: load addr=00003878, load size=00000008 bytes, run addr=200009e8, run size=000001d1 bytes, compression=zero_init


LINKER GENERATED HANDLER TABLE

__TI_handler_table @ 00003868 records: 3, size/record: 4, table size: 12
	index: 0, handler: __TI_decompress_lzss
	index: 1, handler: __TI_decompress_none
	index: 2, handler: __TI_zero_init


GLOBAL SYMBOLS: SORTED ALPHABETICALLY BY Name 

address   name                           
-------   ----                           
000031e5  ADC14_IRQHandler               
000031e5  ADC14_IRQHandler               
00003215  ADC14_clearInterruptFlag       
00001f51  ADC14_configureConversionMemory
00002b45  ADC14_configureSingleSampleMode
000033b9  ADC14_enableConversion         
00003245  ADC14_enableInterrupt          
00003615  ADC14_enableModule             
00003115  ADC14_enableSampleTimer        
0000306d  ADC14_getEnabledInterruptStatus
00003335  ADC14_getInterruptStatus       
000033e1  ADC14_getResult                
00002ca5  ADC14_initModule               
00003275  ADC14_setSampleHoldTime        
00003361  ADC14_toggleConversionTrigger  
00000b33  AES256_IRQHandler              
00000b33  BusFault_Handler               
0000366d  C$$EXIT                        
000030d3  C$$IO$$                        
00000b33  COMP_E0_IRQHandler             
00000b33  COMP_E1_IRQHandler             
00003621  CPU_cpsie                      
00000b33  CS_IRQHandler                  
000032a5  CS_clearInterruptFlag          
00001c99  CS_getDCOFrequency             
00003409  CS_getMCLK                     
00000b33  DMA_ERR_IRQHandler             
00000b33  DMA_INT0_IRQHandler            
00000b33  DMA_INT1_IRQHandler            
00000b33  DMA_INT2_IRQHandler            
00000b33  DMA_INT3_IRQHandler            
00000b33  DebugMon_Handler               
00000b33  Default_Handler                
00000b33  EUSCIA0_IRQHandler             
00000b33  EUSCIA1_IRQHandler             
00000b33  EUSCIA2_IRQHandler             
00000b33  EUSCIA3_IRQHandler             
00000b33  EUSCIB0_IRQHandler             
00000b33  EUSCIB1_IRQHandler             
00000b33  EUSCIB2_IRQHandler             
00000b33  EUSCIB3_IRQHandler             
00000b33  FLCTL_IRQHandler               
00000b33  FPU_IRQHandler                 
00002f1d  HOSTclose                      
000027c5  HOSTlseek                      
00002a89  HOSTopen                       
00002b9d  HOSTread                       
00002759  HOSTrename                     
00002f61  HOSTunlink                     
00002bf5  HOSTwrite                      
00000b33  HardFault_Handler              
00002415  Interrupt_enableInterrupt      
000035f5  Interrupt_enableMaster         
00000b33  MemManage_Handler              
00000b33  NMI_Handler                    
00000b33  PCM_IRQHandler                 
00000b33  PORT1_IRQHandler               
00000b33  PORT2_IRQHandler               
00000b33  PORT3_IRQHandler               
00000b33  PORT4_IRQHandler               
00000b33  PORT5_IRQHandler               
00000b33  PORT6_IRQHandler               
00000b33  PSS_IRQHandler                 
00000b33  PendSV_Handler                 
0000362d  REF_A_enableReferenceVoltage   
00003639  REF_A_enableTempSensor         
000034cd  REF_A_setReferenceVoltage      
00000b33  RTC_C_IRQHandler               
00003645  Reset_Handler                  
00000b33  SVC_Handler                    
000021e9  SysCtl_A_getTLVInfo            
00000b33  SysTick_Handler                
0000258d  SystemInit                     
00000b33  T32_INT1_IRQHandler            
00000b33  T32_INT2_IRQHandler            
00000b33  T32_INTC_IRQHandler            
00000b33  TA0_0_IRQHandler               
00000b33  TA0_N_IRQHandler               
00000b33  TA1_0_IRQHandler               
00000b33  TA1_N_IRQHandler               
00000b33  TA2_0_IRQHandler               
00000b33  TA2_N_IRQHandler               
00000b33  TA3_0_IRQHandler               
00000b33  TA3_N_IRQHandler               
00000b33  UsageFault_Handler             
4000480c  WDTCTL_SYM                     
00000b33  WDT_A_IRQHandler               
000034a9  WDT_A_holdTimer                
200009e8  __CIOBUF_                      
20010000  __STACK_END                    
00000200  __STACK_SIZE                   
00000800  __SYSMEM_SIZE                  
00003880  __TI_CINIT_Base                
00003890  __TI_CINIT_Limit               
00003868  __TI_Handler_Table_Base        
00003874  __TI_Handler_Table_Limit       
00002fa5  __TI_auto_init_nobinit_nopinit 
00003149  __TI_cleanup                   
200009c8  __TI_cleanup_ptr               
00002605  __TI_closefile                 
0000282d  __TI_decompress_lzss           
00003605  __TI_decompress_none           
00002df3  __TI_doflush                   
200009cc  __TI_dtors_ptr                 
200009d0  __TI_enable_exit_profile_output
200009b8  __TI_ft_end                    
00002cf9  __TI_ltoa                      
ffffffff  __TI_pprof_out_hndl            
000000e5  __TI_printfi                   
ffffffff  __TI_prof_data_size            
ffffffff  __TI_prof_data_start           
0000317d  __TI_readmsg                   
00000000  __TI_static_base__             
20000b08  __TI_tmpnams                   
000030a5  __TI_writemsg                  
00002a27  __TI_wrt_ok                    
0000350d  __TI_zero_init_nomemset        
00002309  __aeabi_cdcmpeq                
00002309  __aeabi_cdcmple                
0000238f  __aeabi_cdrcmple               
00002ed5  __aeabi_d2iz                   
00000f7f  __aeabi_dadd                   
00001511  __aeabi_ddiv                   
00001b9d  __aeabi_dmul                   
00000f75  __aeabi_dsub                   
00003651  __aeabi_errno_addr             
00003305  __aeabi_i2d                    
00001647  __aeabi_idiv0                  
00001647  __aeabi_ldiv0                  
00002511  __aeabi_memclr                 
00002511  __aeabi_memclr4                
00002511  __aeabi_memclr8                
000020b7  __aeabi_memcpy                 
000020b7  __aeabi_memcpy4                
000020b7  __aeabi_memcpy8                
00002513  __aeabi_memset                 
00002513  __aeabi_memset4                
00002513  __aeabi_memset8                
200009c4  __aeabi_stderr                 
200009bc  __aeabi_stdin                  
200009c0  __aeabi_stdout                 
00002153  __aeabi_uldivmod               
ffffffff  __binit__                      
ffffffff  __c_args__                     
UNDEFED   __mpu_init                     
2000fe00  __stack                        
20000000  __start___llvm_prf_cnts        
20000000  __stop___llvm_prf_cnts         
000031b1  _c_int00_noargs                
00003670  _ctypes_                       
200008f0  _device                        
20000800  _ftable                        
200009d4  _lock                          
0000112b  _nop                           
20000968  _stream                        
20000000  _sys_memory                    
UNDEFED   _system_post_cinit             
00003669  _system_pre_init               
200009d8  _unlock                        
0000366d  abort                          
20000bb8  adc_done                       
00001991  aligned_alloc                  
00002e41  atoi                           
ffffffff  binit                          
00002ae9  close                          
00003561  copysign                       
00003561  copysignl                      
00002d4d  delay_ms                       
200009e4  errno                          
00002e8d  exit                           
000032d5  finddevice                     
0000227d  fputc                          
0000176d  fputs                          
00001d91  free                           
000028fd  frexp                          
000028fd  frexpl                         
00002961  fseek                          
00002fe9  getdevice                      
00000000  interruptVectors               
00001881  ldexp                          
00001881  ldexpl                         
00003459  lseek                          
0000128d  main                           
00003659  malloc                         
00001991  memalign                       
00003545  memccpy                        
000034ed  memchr                         
000020b7  memcpy                         
00002519  memset                         
20000bb0  parmbuf                        
00002895  printf                         
0000227d  putc                           
0000338d  remove                         
00001881  scalbn                         
00001881  scalbnl                        
00001e75  setvbuf                        
00003593  strchr                         
0000357b  strcmp                         
000035a9  strcpy                         
000035bd  strlen                         
000030dd  strncpy                        
0000338d  unlink                         
000035d1  wcslen                         
00003481  write                          


GLOBAL SYMBOLS: SORTED BY Symbol Address 

address   name                           
-------   ----                           
00000000  __TI_static_base__             
00000000  interruptVectors               
000000e5  __TI_printfi                   
00000200  __STACK_SIZE                   
00000800  __SYSMEM_SIZE                  
00000b33  AES256_IRQHandler              
00000b33  BusFault_Handler               
00000b33  COMP_E0_IRQHandler             
00000b33  COMP_E1_IRQHandler             
00000b33  CS_IRQHandler                  
00000b33  DMA_ERR_IRQHandler             
00000b33  DMA_INT0_IRQHandler            
00000b33  DMA_INT1_IRQHandler            
00000b33  DMA_INT2_IRQHandler            
00000b33  DMA_INT3_IRQHandler            
00000b33  DebugMon_Handler               
00000b33  Default_Handler                
00000b33  EUSCIA0_IRQHandler             
00000b33  EUSCIA1_IRQHandler             
00000b33  EUSCIA2_IRQHandler             
00000b33  EUSCIA3_IRQHandler             
00000b33  EUSCIB0_IRQHandler             
00000b33  EUSCIB1_IRQHandler             
00000b33  EUSCIB2_IRQHandler             
00000b33  EUSCIB3_IRQHandler             
00000b33  FLCTL_IRQHandler               
00000b33  FPU_IRQHandler                 
00000b33  HardFault_Handler              
00000b33  MemManage_Handler              
00000b33  NMI_Handler                    
00000b33  PCM_IRQHandler                 
00000b33  PORT1_IRQHandler               
00000b33  PORT2_IRQHandler               
00000b33  PORT3_IRQHandler               
00000b33  PORT4_IRQHandler               
00000b33  PORT5_IRQHandler               
00000b33  PORT6_IRQHandler               
00000b33  PSS_IRQHandler                 
00000b33  PendSV_Handler                 
00000b33  RTC_C_IRQHandler               
00000b33  SVC_Handler                    
00000b33  SysTick_Handler                
00000b33  T32_INT1_IRQHandler            
00000b33  T32_INT2_IRQHandler            
00000b33  T32_INTC_IRQHandler            
00000b33  TA0_0_IRQHandler               
00000b33  TA0_N_IRQHandler               
00000b33  TA1_0_IRQHandler               
00000b33  TA1_N_IRQHandler               
00000b33  TA2_0_IRQHandler               
00000b33  TA2_N_IRQHandler               
00000b33  TA3_0_IRQHandler               
00000b33  TA3_N_IRQHandler               
00000b33  UsageFault_Handler             
00000b33  WDT_A_IRQHandler               
00000f75  __aeabi_dsub                   
00000f7f  __aeabi_dadd                   
0000112b  _nop                           
0000128d  main                           
00001511  __aeabi_ddiv                   
00001647  __aeabi_idiv0                  
00001647  __aeabi_ldiv0                  
0000176d  fputs                          
00001881  ldexp                          
00001881  ldexpl                         
00001881  scalbn                         
00001881  scalbnl                        
00001991  aligned_alloc                  
00001991  memalign                       
00001b9d  __aeabi_dmul                   
00001c99  CS_getDCOFrequency             
00001d91  free                           
00001e75  setvbuf                        
00001f51  ADC14_configureConversionMemory
000020b7  __aeabi_memcpy                 
000020b7  __aeabi_memcpy4                
000020b7  __aeabi_memcpy8                
000020b7  memcpy                         
00002153  __aeabi_uldivmod               
000021e9  SysCtl_A_getTLVInfo            
0000227d  fputc                          
0000227d  putc                           
00002309  __aeabi_cdcmpeq                
00002309  __aeabi_cdcmple                
0000238f  __aeabi_cdrcmple               
00002415  Interrupt_enableInterrupt      
00002511  __aeabi_memclr                 
00002511  __aeabi_memclr4                
00002511  __aeabi_memclr8                
00002513  __aeabi_memset                 
00002513  __aeabi_memset4                
00002513  __aeabi_memset8                
00002519  memset                         
0000258d  SystemInit                     
00002605  __TI_closefile                 
00002759  HOSTrename                     
000027c5  HOSTlseek                      
0000282d  __TI_decompress_lzss           
00002895  printf                         
000028fd  frexp                          
000028fd  frexpl                         
00002961  fseek                          
00002a27  __TI_wrt_ok                    
00002a89  HOSTopen                       
00002ae9  close                          
00002b45  ADC14_configureSingleSampleMode
00002b9d  HOSTread                       
00002bf5  HOSTwrite                      
00002ca5  ADC14_initModule               
00002cf9  __TI_ltoa                      
00002d4d  delay_ms                       
00002df3  __TI_doflush                   
00002e41  atoi                           
00002e8d  exit                           
00002ed5  __aeabi_d2iz                   
00002f1d  HOSTclose                      
00002f61  HOSTunlink                     
00002fa5  __TI_auto_init_nobinit_nopinit 
00002fe9  getdevice                      
0000306d  ADC14_getEnabledInterruptStatus
000030a5  __TI_writemsg                  
000030d3  C$$IO$$                        
000030dd  strncpy                        
00003115  ADC14_enableSampleTimer        
00003149  __TI_cleanup                   
0000317d  __TI_readmsg                   
000031b1  _c_int00_noargs                
000031e5  ADC14_IRQHandler               
000031e5  ADC14_IRQHandler               
00003215  ADC14_clearInterruptFlag       
00003245  ADC14_enableInterrupt          
00003275  ADC14_setSampleHoldTime        
000032a5  CS_clearInterruptFlag          
000032d5  finddevice                     
00003305  __aeabi_i2d                    
00003335  ADC14_getInterruptStatus       
00003361  ADC14_toggleConversionTrigger  
0000338d  remove                         
0000338d  unlink                         
000033b9  ADC14_enableConversion         
000033e1  ADC14_getResult                
00003409  CS_getMCLK                     
00003459  lseek                          
00003481  write                          
000034a9  WDT_A_holdTimer                
000034cd  REF_A_setReferenceVoltage      
000034ed  memchr                         
0000350d  __TI_zero_init_nomemset        
00003545  memccpy                        
00003561  copysign                       
00003561  copysignl                      
0000357b  strcmp                         
00003593  strchr                         
000035a9  strcpy                         
000035bd  strlen                         
000035d1  wcslen                         
000035f5  Interrupt_enableMaster         
00003605  __TI_decompress_none           
00003615  ADC14_enableModule             
00003621  CPU_cpsie                      
0000362d  REF_A_enableReferenceVoltage   
00003639  REF_A_enableTempSensor         
00003645  Reset_Handler                  
00003651  __aeabi_errno_addr             
00003659  malloc                         
00003669  _system_pre_init               
0000366d  C$$EXIT                        
0000366d  abort                          
00003670  _ctypes_                       
00003868  __TI_Handler_Table_Base        
00003874  __TI_Handler_Table_Limit       
00003880  __TI_CINIT_Base                
00003890  __TI_CINIT_Limit               
20000000  __start___llvm_prf_cnts        
20000000  __stop___llvm_prf_cnts         
20000000  _sys_memory                    
20000800  _ftable                        
200008f0  _device                        
20000968  _stream                        
200009b8  __TI_ft_end                    
200009bc  __aeabi_stdin                  
200009c0  __aeabi_stdout                 
200009c4  __aeabi_stderr                 
200009c8  __TI_cleanup_ptr               
200009cc  __TI_dtors_ptr                 
200009d0  __TI_enable_exit_profile_output
200009d4  _lock                          
200009d8  _unlock                        
200009e4  errno                          
200009e8  __CIOBUF_                      
20000b08  __TI_tmpnams                   
20000bb0  parmbuf                        
20000bb8  adc_done                       
2000fe00  __stack                        
20010000  __STACK_END                    
4000480c  WDTCTL_SYM                     
ffffffff  __TI_pprof_out_hndl            
ffffffff  __TI_prof_data_size            
ffffffff  __TI_prof_data_start           
ffffffff  __binit__                      
ffffffff  __c_args__                     
ffffffff  binit                          
UNDEFED   __mpu_init                     
UNDEFED   _system_post_cinit             

[204 symbols]
