******************************************************************************
                  TI ARM Linker PC v20.2.1                     
******************************************************************************
>> Linked Sun Sep 27 18:58:07 2020

OUTPUT FILE NAME:   <lab3_4.out>
ENTRY POINT SYMBOL: "_c_int00_noargs"  address: 000030b1


MEMORY CONFIGURATION

         name            origin    length      used     unused   attr    fill
----------------------  --------  ---------  --------  --------  ----  --------
  MAIN                  00000000   00040000  00003541  0003cabf  R  X
  INFO                  00200000   00004000  00000000  00004000  R  X
  SRAM_CODE             01000000   00010000  000039e8  0000c618  RW X
  SRAM_DATA             20000000   00010000  000039e8  0000c618  RW  


SEGMENT ALLOCATION MAP

run origin  load origin   length   init length attrs members
----------  ----------- ---------- ----------- ----- -------
00000000    00000000    00003548   00003548    r-x
  00000000    00000000    000000e4   000000e4    r-- .intvecs
  000000e4    000000e4    000032ac   000032ac    r-x .text
  00003390    00003390    00000101   00000101    r-- .const
  00003498    00003498    000000b0   000000b0    r-- .cinit
20000000    20000000    000037e8   00000000    rw-
  20000000    20000000    00002de0   00000000    rw- .bss
  20002de0    20002de0    00000800   00000000    rw- .sysmem
  200035e0    200035e0    00000208   00000000    rw- .data
2000fe00    2000fe00    00000200   00000000    rw-
  2000fe00    2000fe00    00000200   00000000    rw- .stack


SECTION ALLOCATION MAP

 output                                  attributes/
section   page    origin      length       input sections
--------  ----  ----------  ----------   ----------------
.intvecs   0    00000000    000000e4     
                  00000000    000000e4     startup_msp432p401r_ccs.obj (.intvecs:retain)

.text      0    000000e4    000032ac     
                  000000e4    00000a4e     rtsv7M4_T_le_v4SPD16_eabi.lib : _printfi.c.obj (.text:__TI_printfi)
                  00000b32    00000002     startup_msp432p401r_ccs.obj (.text:Default_Handler)
                  00000b34    00000324     dma_crc32_transfer_calculation.obj (.text:main)
                  00000e58    00000270     rtsv7M4_T_le_v4SPD16_eabi.lib : _printfi.c.obj (.text:_pconv_a)
                  000010c8    000001d0                                   : _printfi.c.obj (.text:_pconv_g)
                  00001298    000001b6                                   : fd_add_t2.asm.obj (.text)
                  0000144e    00000002                                   : _lock.c.obj (.text:_nop)
                  00001450    0000013c                                   : _printfi.c.obj (.text:_pconv_e)
                  0000158c    00000136                                   : fd_div_t2.asm.obj (.text)
                  000016c2    00000002                                   : div0.asm.obj (.text)
                  000016c4    00000124                                   : _printfi.c.obj (.text:fcvt)
                  000017e8    00000114                                   : fputs.c.obj (.text:fputs)
                  000018fc    00000110                                   : s_scalbn.c.obj (.text:scalbn)
                  00001a0c    00000108                                   : memory.c.obj (.text:aligned_alloc)
                  00001b14    00000104     msp432p4xx_driverlib.lib : cs.o (.text:_CSComputeCLKFrequency)
                  00001c18    000000fc     rtsv7M4_T_le_v4SPD16_eabi.lib : fd_mul_t2.asm.obj (.text)
                  00001d14    000000f8     msp432p4xx_driverlib.lib : cs.o (.text:CS_getDCOFrequency)
                  00001e0c    000000f0                              : dma.o (.text:DMA_setChannelTransfer)
                  00001efc    000000e4     rtsv7M4_T_le_v4SPD16_eabi.lib : memory.c.obj (.text:free)
                  00001fe0    000000dc                                   : setvbuf.c.obj (.text:setvbuf)
                  000020bc    000000b1                                   : _printfi.c.obj (.text:_ltostr)
                  0000216d    00000001     --HOLE-- [fill = 0]
                  0000216e    0000009c                                   : memcpy_t2.asm.obj (.text)
                  0000220a    00000096                                   : ull_div_t2.asm.obj (.text)
                  000022a0    00000094     msp432p4xx_driverlib.lib : sysctl_a.o (.text:SysCtl_A_getTLVInfo)
                  00002334    0000008c     rtsv7M4_T_le_v4SPD16_eabi.lib : fputc.c.obj (.text:fputc)
                  000023c0    00000086                                   : fd_cmp_t2.asm.obj (.text:__aeabi_cdcmple)
                  00002446    00000086                                   : fd_cmp_t2.asm.obj (.text:__aeabi_cdrcmple)
                  000024cc    0000007c     msp432p4xx_driverlib.lib : cs.o (.text:_CSGetDOCFrequency)
                  00002548    0000007a     rtsv7M4_T_le_v4SPD16_eabi.lib : memset_t2.asm.obj (.text)
                  000025c2    00000002     --HOLE-- [fill = 0]
                  000025c4    00000078     system_msp432p401r.obj (.text:SystemInit)
                  0000263c    00000074     rtsv7M4_T_le_v4SPD16_eabi.lib : fclose.c.obj (.text:__TI_closefile)
                  000026b0    00000070                                   : memory.c.obj (.text:split)
                  00002720    0000006e                                   : _printfi.c.obj (.text:_mcpy)
                  0000278e    00000002     --HOLE-- [fill = 0]
                  00002790    0000006c                                   : hostrename.c.obj (.text:HOSTrename)
                  000027fc    00000068                                   : hostlseek.c.obj (.text:HOSTlseek)
                  00002864    00000068                                   : copy_decompress_lzss.c.obj (.text:decompress:lzss:__TI_decompress_lzss)
                  000028cc    00000068                                   : printf.c.obj (.text:printf)
                  00002934    00000064                                   : s_frexp.c.obj (.text:frexp)
                  00002998    00000064                                   : fseek.c.obj (.text:fseek)
                  000029fc    00000062     msp432p4xx_driverlib.lib : cs.o (.text:_CSGetDividerValue)
                  00002a5e    00000062     rtsv7M4_T_le_v4SPD16_eabi.lib : _io_perm.c.obj (.text:__TI_wrt_ok)
                  00002ac0    00000060                                   : hostopen.c.obj (.text:HOSTopen)
                  00002b20    0000005c                                   : close.c.obj (.text:close)
                  00002b7c    00000058                                   : hostread.c.obj (.text:HOSTread)
                  00002bd4    00000058                                   : hostwrite.c.obj (.text:HOSTwrite)
                  00002c2c    00000056                                   : _printfi.c.obj (.text:_pconv_f)
                  00002c82    00000054                                   : _ltoa.c.obj (.text:__TI_ltoa)
                  00002cd6    00000052                                   : _printfi.c.obj (.text:_ecpy)
                  00002d28    0000004c                                   : fflush.c.obj (.text:__TI_doflush)
                  00002d74    0000004c                                   : atoi.c.obj (.text:atoi)
                  00002dc0    00000048                                   : exit.c.obj (.text:exit)
                  00002e08    00000048                                   : fd_toi_t2.asm.obj (.text)
                  00002e50    00000044                                   : hostclose.c.obj (.text:HOSTclose)
                  00002e94    00000044                                   : hostunlink.c.obj (.text:HOSTunlink)
                  00002ed8    00000044                                   : autoinit.c.obj (.text:__TI_auto_init_nobinit_nopinit:__TI_auto_init_nobinit_nopinit)
                  00002f1c    00000044                                   : getdevice.c.obj (.text:getdevice)
                  00002f60    0000003e                                   : _printfi.c.obj (.text:_fcpy)
                  00002f9e    00000002     --HOLE-- [fill = 0]
                  00002fa0    00000038     msp432p4xx_driverlib.lib : crc32.o (.text:CRC32_getResult)
                  00002fd8    00000038     rtsv7M4_T_le_v4SPD16_eabi.lib : trgmsg.c.obj (.text:__TI_writemsg)
                  00003010    00000036                                   : strncpy.c.obj (.text:strncpy)
                  00003046    00000002     --HOLE-- [fill = 0]
                  00003048    00000034                                   : fopen.c.obj (.text:__TI_cleanup)
                  0000307c    00000034                                   : trgmsg.c.obj (.text:__TI_readmsg)
                  000030b0    00000034                                   : boot_cortex_m.c.obj (.text:_c_int00_noargs:_c_int00_noargs)
                  000030e4    00000030     msp432p4xx_driverlib.lib : cs.o (.text:CS_clearInterruptFlag)
                  00003114    00000030     dma_crc32_transfer_calculation.obj (.text:DMA_INT1_IRQHandler)
                  00003144    00000030     rtsv7M4_T_le_v4SPD16_eabi.lib : getdevice.c.obj (.text:finddevice)
                  00003174    0000002e                                   : i_tofd_t2.asm.obj (.text)
                  000031a2    00000002     --HOLE-- [fill = 0]
                  000031a4    0000002c                                   : unlink.c.obj (.text:unlink)
                  000031d0    00000028     msp432p4xx_driverlib.lib : cs.o (.text:CS_getMCLK)
                  000031f8    00000028     rtsv7M4_T_le_v4SPD16_eabi.lib : memory.c.obj (.text:free_list_insert)
                  00003220    00000028                                   : lseek.c.obj (.text:lseek)
                  00003248    00000028                                   : write.c.obj (.text:write)
                  00003270    00000020                                   : memchr.c.obj (.text:memchr)
                  00003290    0000001c                                   : memory.c.obj (.text:free_list_remove)
                  000032ac    0000001c                                   : memccpy.c.obj (.text:memccpy)
                  000032c8    0000001a                                   : s_copysign.c.obj (.text:copysign)
                  000032e2    00000018                                   : strcmp.c.obj (.text:strcmp)
                  000032fa    00000016                                   : strchr.c.obj (.text:strchr)
                  00003310    00000014                                   : strcpy.c.obj (.text:strcpy)
                  00003324    00000014                                   : strlen.c.obj (.text:strlen)
                  00003338    00000012                                   : wcslen.c.obj (.text:wcslen)
                  0000334a    0000000e                                   : copy_decompress_none.c.obj (.text:decompress:none:__TI_decompress_none)
                  00003358    0000000c     startup_msp432p401r_ccs.obj (.text:Reset_Handler)
                  00003364    0000000c     rtsv7M4_T_le_v4SPD16_eabi.lib : copy_zero_init.c.obj (.text:decompress:ZI:__TI_zero_init)
                  00003370    00000008                                   : errno.c.obj (.text:__aeabi_errno_addr)
                  00003378    00000008                                   : memory.c.obj (.text:malloc)
                  00003380    00000004                                   : printf.c.obj (.text:_outc)
                  00003384    00000004                                   : printf.c.obj (.text:_outs)
                  00003388    00000004                                   : pre_init.c.obj (.text:_system_pre_init)
                  0000338c    00000004                                   : exit.c.obj (.text:abort:abort)

.const     0    00003390    00000101     
                  00003390    00000101     rtsv7M4_T_le_v4SPD16_eabi.lib : ctype.c.obj (.const:.string:_ctypes_)

.cinit     0    00003498    000000b0     
                  00003498    00000085     (.cinit..data.load) [load image, compression = lzss]
                  0000351d    00000003     --HOLE-- [fill = 0]
                  00003520    0000000c     (__TI_handler_table)
                  0000352c    00000004     --HOLE-- [fill = 0]
                  00003530    00000008     (.cinit..bss.load) [load image, compression = zero_init]
                  00003538    00000010     (__TI_cinit_table)

.init_array 
*          0    00000000    00000000     UNINITIALIZED

.binit     0    00000000    00000000     

.bss       0    20000000    00002de0     UNINITIALIZED
                  20000000    00002800     (.common:data_array)
                  20002800    00000400     (.common:controlTable)
                  20002c00    00000120     rtsv7M4_T_le_v4SPD16_eabi.lib : trgmsg.c.obj (.bss:_CIOBUF_)
                  20002d20    000000a0     (.common:__TI_tmpnams)
                  20002dc0    00000008     msp432p4xx_driverlib.lib : cs.o (.bss)
                  20002dc8    00000008     (.common:parmbuf)
                  20002dd0    00000004     dma_crc32_transfer_calculation.obj (.bss)
                  20002dd4    00000004     (.common:dma_done)
                  20002dd8    00000004     (.common:num_blocks)
                  20002ddc    00000004     (.common:size)

.sysmem    0    20002de0    00000800     UNINITIALIZED
                  20002de0    00000010     rtsv7M4_T_le_v4SPD16_eabi.lib : memory.c.obj (.sysmem)
                  20002df0    000007f0     --HOLE--

.data      0    200035e0    00000208     UNINITIALIZED
                  200035e0    000000f0     rtsv7M4_T_le_v4SPD16_eabi.lib : defs.c.obj (.data:_ftable)
                  200036d0    00000078                                   : host_device.c.obj (.data:_device)
                  20003748    00000050                                   : host_device.c.obj (.data:_stream)
                  20003798    00000020     dma_crc32_transfer_calculation.obj (.data:size_array)
                  200037b8    00000010     rtsv7M4_T_le_v4SPD16_eabi.lib : defs.c.obj (.data)
                  200037c8    0000000c                                   : exit.c.obj (.data:$O1$$)
                  200037d4    00000008                                   : _lock.c.obj (.data:$O1$$)
                  200037dc    00000008                                   : memory.c.obj (.data:$O1$$)
                  200037e4    00000004                                   : errno.c.obj (.data)

.stack     0    2000fe00    00000200     UNINITIALIZED
                  2000fe00    00000004     rtsv7M4_T_le_v4SPD16_eabi.lib : boot_cortex_m.c.obj (.stack)
                  2000fe04    000001fc     --HOLE--

__llvm_prf_cnts 
*          0    20000000    00000000     UNINITIALIZED

MODULE SUMMARY

       Module                               code    ro data   rw data
       ------                               ----    -------   -------
    .\
       dma_crc32_transfer_calculation.obj   852     0         22624  
       system_msp432p401r.obj               120     0         0      
    +--+------------------------------------+-------+---------+---------+
       Total:                               972     0         22624  
                                                                     
    .\ccs\
       startup_msp432p401r_ccs.obj          14      228       0      
    +--+------------------------------------+-------+---------+---------+
       Total:                               14      228       0      
                                                                     
    C:/ti/simplelink_msp432p4_sdk_3_40_01_02/source/ti/devices/msp432p4xx/driverlib/ccs/msp432p4xx_driverlib.lib
       cs.o                                 818     0         16     
       dma.o                                240     0         0      
       sysctl_a.o                           148     0         0      
       crc32.o                              56      0         0      
    +--+------------------------------------+-------+---------+---------+
       Total:                               1262    0         16     
                                                                     
    C:\ti\ccs1010\ccs\tools\compiler\ti-cgt-arm_20.2.1.LTS\lib\rtsv7M4_T_le_v4SPD16_eabi.lib
       _printfi.c.obj                       4851    0         0      
       defs.c.obj                           0       0         832    
       memory.c.obj                         680     0         16     
       trgmsg.c.obj                         108     0         576    
       fd_add_t2.asm.obj                    438     0         0      
       host_device.c.obj                    0       0         400    
       fd_div_t2.asm.obj                    310     0         0      
       fputs.c.obj                          276     0         0      
       s_scalbn.c.obj                       272     0         0      
       fd_cmp_t2.asm.obj                    268     0         0      
       ctype.c.obj                          0       257       0      
       fd_mul_t2.asm.obj                    252     0         0      
       setvbuf.c.obj                        220     0         0      
       memcpy_t2.asm.obj                    156     0         0      
       ull_div_t2.asm.obj                   150     0         0      
       fputc.c.obj                          140     0         0      
       memset_t2.asm.obj                    122     0         0      
       fclose.c.obj                         116     0         0      
       getdevice.c.obj                      116     0         0      
       hostopen.c.obj                       96      0         16     
       printf.c.obj                         112     0         0      
       hostrename.c.obj                     108     0         0      
       copy_decompress_lzss.c.obj           104     0         0      
       hostlseek.c.obj                      104     0         0      
       exit.c.obj                           76      0         24     
       fseek.c.obj                          100     0         0      
       s_frexp.c.obj                        100     0         0      
       _io_perm.c.obj                       98      0         0      
       close.c.obj                          92      0         0      
       hostread.c.obj                       88      0         0      
       hostwrite.c.obj                      88      0         0      
       _ltoa.c.obj                          84      0         0      
       atoi.c.obj                           76      0         0      
       fflush.c.obj                         76      0         0      
       fd_toi_t2.asm.obj                    72      0         0      
       autoinit.c.obj                       68      0         0      
       hostclose.c.obj                      68      0         0      
       hostunlink.c.obj                     68      0         0      
       strncpy.c.obj                        54      0         0      
       boot_cortex_m.c.obj                  52      0         0      
       fopen.c.obj                          52      0         0      
       i_tofd_t2.asm.obj                    46      0         0      
       unlink.c.obj                         44      0         0      
       lseek.c.obj                          40      0         0      
       write.c.obj                          40      0         0      
       memchr.c.obj                         32      0         0      
       memccpy.c.obj                        28      0         0      
       s_copysign.c.obj                     26      0         0      
       strcmp.c.obj                         24      0         0      
       strchr.c.obj                         22      0         0      
       strcpy.c.obj                         20      0         0      
       strlen.c.obj                         20      0         0      
       _lock.c.obj                          2       0         16     
       wcslen.c.obj                         18      0         0      
       errno.c.obj                          8       0         8      
       copy_decompress_none.c.obj           14      0         0      
       copy_zero_init.c.obj                 12      0         0      
       pre_init.c.obj                       4       0         0      
       div0.asm.obj                         2       0         0      
    +--+------------------------------------+-------+---------+---------+
       Total:                               10713   257       1888   
                                                                     
       Heap:                                0       0         4096   
       Stack:                               0       0         1024   
       Linker Generated:                    0       169       0      
    +--+------------------------------------+-------+---------+---------+
       Grand Total:                         12961   654       29648  


LINKER GENERATED COPY TABLES

__TI_cinit_table @ 00003538 records: 2, size/record: 8, table size: 16
	.data: load addr=00003498, load size=00000085 bytes, run addr=200035e0, run size=00000208 bytes, compression=lzss
	.bss: load addr=00003530, load size=00000008 bytes, run addr=20000000, run size=00002de0 bytes, compression=zero_init


LINKER GENERATED HANDLER TABLE

__TI_handler_table @ 00003520 records: 3, size/record: 4, table size: 12
	index: 0, handler: __TI_decompress_lzss
	index: 1, handler: __TI_decompress_none
	index: 2, handler: __TI_zero_init


GLOBAL SYMBOLS: SORTED ALPHABETICALLY BY Name 

address   name                           
-------   ----                           
00000b33  ADC14_IRQHandler               
00000b33  AES256_IRQHandler              
00000b33  BusFault_Handler               
0000338d  C$$EXIT                        
00003007  C$$IO$$                        
00000b33  COMP_E0_IRQHandler             
00000b33  COMP_E1_IRQHandler             
00002fa1  CRC32_getResult                
00000b33  CS_IRQHandler                  
000030e5  CS_clearInterruptFlag          
00001d15  CS_getDCOFrequency             
000031d1  CS_getMCLK                     
00000b33  DMA_ERR_IRQHandler             
00000b33  DMA_INT0_IRQHandler            
00003115  DMA_INT1_IRQHandler            
00003115  DMA_INT1_IRQHandler            
00000b33  DMA_INT2_IRQHandler            
00000b33  DMA_INT3_IRQHandler            
00001e0d  DMA_setChannelTransfer         
00000b33  DebugMon_Handler               
00000b33  Default_Handler                
00000b33  EUSCIA0_IRQHandler             
00000b33  EUSCIA1_IRQHandler             
00000b33  EUSCIA2_IRQHandler             
00000b33  EUSCIA3_IRQHandler             
00000b33  EUSCIB0_IRQHandler             
00000b33  EUSCIB1_IRQHandler             
00000b33  EUSCIB2_IRQHandler             
00000b33  EUSCIB3_IRQHandler             
00000b33  FLCTL_IRQHandler               
00000b33  FPU_IRQHandler                 
00002e51  HOSTclose                      
000027fd  HOSTlseek                      
00002ac1  HOSTopen                       
00002b7d  HOSTread                       
00002791  HOSTrename                     
00002e95  HOSTunlink                     
00002bd5  HOSTwrite                      
00000b33  HardFault_Handler              
00000b33  MemManage_Handler              
00000b33  NMI_Handler                    
00000b33  PCM_IRQHandler                 
00000b33  PORT1_IRQHandler               
00000b33  PORT2_IRQHandler               
00000b33  PORT3_IRQHandler               
00000b33  PORT4_IRQHandler               
00000b33  PORT5_IRQHandler               
00000b33  PORT6_IRQHandler               
00000b33  PSS_IRQHandler                 
00000b33  PendSV_Handler                 
00000b33  RTC_C_IRQHandler               
00003359  Reset_Handler                  
00000b33  SVC_Handler                    
000022a1  SysCtl_A_getTLVInfo            
00000b33  SysTick_Handler                
000025c5  SystemInit                     
00000b33  T32_INT1_IRQHandler            
00000b33  T32_INT2_IRQHandler            
00000b33  T32_INTC_IRQHandler            
00000b33  TA0_0_IRQHandler               
00000b33  TA0_N_IRQHandler               
00000b33  TA1_0_IRQHandler               
00000b33  TA1_N_IRQHandler               
00000b33  TA2_0_IRQHandler               
00000b33  TA2_N_IRQHandler               
00000b33  TA3_0_IRQHandler               
00000b33  TA3_N_IRQHandler               
00000b33  UsageFault_Handler             
4000480c  WDTCTL_SYM                     
00000b33  WDT_A_IRQHandler               
20002c00  __CIOBUF_                      
20010000  __STACK_END                    
00000200  __STACK_SIZE                   
00000800  __SYSMEM_SIZE                  
00003538  __TI_CINIT_Base                
00003548  __TI_CINIT_Limit               
00003520  __TI_Handler_Table_Base        
0000352c  __TI_Handler_Table_Limit       
00002ed9  __TI_auto_init_nobinit_nopinit 
00003049  __TI_cleanup                   
200037c8  __TI_cleanup_ptr               
0000263d  __TI_closefile                 
00002865  __TI_decompress_lzss           
0000334b  __TI_decompress_none           
00002d29  __TI_doflush                   
200037cc  __TI_dtors_ptr                 
200037d0  __TI_enable_exit_profile_output
200037b8  __TI_ft_end                    
00002c83  __TI_ltoa                      
ffffffff  __TI_pprof_out_hndl            
000000e5  __TI_printfi                   
ffffffff  __TI_prof_data_size            
ffffffff  __TI_prof_data_start           
0000307d  __TI_readmsg                   
00000000  __TI_static_base__             
20002d20  __TI_tmpnams                   
00002fd9  __TI_writemsg                  
00002a5f  __TI_wrt_ok                    
00003365  __TI_zero_init                 
000023c1  __aeabi_cdcmpeq                
000023c1  __aeabi_cdcmple                
00002447  __aeabi_cdrcmple               
00002e09  __aeabi_d2iz                   
000012a3  __aeabi_dadd                   
0000158d  __aeabi_ddiv                   
00001c19  __aeabi_dmul                   
00001299  __aeabi_dsub                   
00003371  __aeabi_errno_addr             
00003175  __aeabi_i2d                    
000016c3  __aeabi_idiv0                  
000016c3  __aeabi_ldiv0                  
00002549  __aeabi_memclr                 
00002549  __aeabi_memclr4                
00002549  __aeabi_memclr8                
0000216f  __aeabi_memcpy                 
0000216f  __aeabi_memcpy4                
0000216f  __aeabi_memcpy8                
0000254b  __aeabi_memset                 
0000254b  __aeabi_memset4                
0000254b  __aeabi_memset8                
200037c4  __aeabi_stderr                 
200037bc  __aeabi_stdin                  
200037c0  __aeabi_stdout                 
0000220b  __aeabi_uldivmod               
ffffffff  __binit__                      
ffffffff  __c_args__                     
UNDEFED   __mpu_init                     
2000fe00  __stack                        
20000000  __start___llvm_prf_cnts        
20000000  __stop___llvm_prf_cnts         
000030b1  _c_int00_noargs                
00003390  _ctypes_                       
200036d0  _device                        
200035e0  _ftable                        
200037d4  _lock                          
0000144f  _nop                           
20003748  _stream                        
20002de0  _sys_memory                    
UNDEFED   _system_post_cinit             
00003389  _system_pre_init               
200037d8  _unlock                        
0000338d  abort                          
00001a0d  aligned_alloc                  
00002d75  atoi                           
ffffffff  binit                          
00002b21  close                          
20002800  controlTable                   
000032c9  copysign                       
000032c9  copysignl                      
20000000  data_array                     
20002dd4  dma_done                       
200037e4  errno                          
00002dc1  exit                           
00003145  finddevice                     
00002335  fputc                          
000017e9  fputs                          
00001efd  free                           
00002935  frexp                          
00002935  frexpl                         
00002999  fseek                          
00002f1d  getdevice                      
00000000  interruptVectors               
000018fd  ldexp                          
000018fd  ldexpl                         
00003221  lseek                          
00000b35  main                           
00003379  malloc                         
00001a0d  memalign                       
000032ad  memccpy                        
00003271  memchr                         
0000216f  memcpy                         
00002551  memset                         
20002dd8  num_blocks                     
20002dc8  parmbuf                        
000028cd  printf                         
00002335  putc                           
000031a5  remove                         
000018fd  scalbn                         
000018fd  scalbnl                        
00001fe1  setvbuf                        
20002ddc  size                           
20003798  size_array                     
000032fb  strchr                         
000032e3  strcmp                         
00003311  strcpy                         
00003325  strlen                         
00003011  strncpy                        
000031a5  unlink                         
00003339  wcslen                         
00003249  write                          


GLOBAL SYMBOLS: SORTED BY Symbol Address 

address   name                           
-------   ----                           
00000000  __TI_static_base__             
00000000  interruptVectors               
000000e5  __TI_printfi                   
00000200  __STACK_SIZE                   
00000800  __SYSMEM_SIZE                  
00000b33  ADC14_IRQHandler               
00000b33  AES256_IRQHandler              
00000b33  BusFault_Handler               
00000b33  COMP_E0_IRQHandler             
00000b33  COMP_E1_IRQHandler             
00000b33  CS_IRQHandler                  
00000b33  DMA_ERR_IRQHandler             
00000b33  DMA_INT0_IRQHandler            
00000b33  DMA_INT2_IRQHandler            
00000b33  DMA_INT3_IRQHandler            
00000b33  DebugMon_Handler               
00000b33  Default_Handler                
00000b33  EUSCIA0_IRQHandler             
00000b33  EUSCIA1_IRQHandler             
00000b33  EUSCIA2_IRQHandler             
00000b33  EUSCIA3_IRQHandler             
00000b33  EUSCIB0_IRQHandler             
00000b33  EUSCIB1_IRQHandler             
00000b33  EUSCIB2_IRQHandler             
00000b33  EUSCIB3_IRQHandler             
00000b33  FLCTL_IRQHandler               
00000b33  FPU_IRQHandler                 
00000b33  HardFault_Handler              
00000b33  MemManage_Handler              
00000b33  NMI_Handler                    
00000b33  PCM_IRQHandler                 
00000b33  PORT1_IRQHandler               
00000b33  PORT2_IRQHandler               
00000b33  PORT3_IRQHandler               
00000b33  PORT4_IRQHandler               
00000b33  PORT5_IRQHandler               
00000b33  PORT6_IRQHandler               
00000b33  PSS_IRQHandler                 
00000b33  PendSV_Handler                 
00000b33  RTC_C_IRQHandler               
00000b33  SVC_Handler                    
00000b33  SysTick_Handler                
00000b33  T32_INT1_IRQHandler            
00000b33  T32_INT2_IRQHandler            
00000b33  T32_INTC_IRQHandler            
00000b33  TA0_0_IRQHandler               
00000b33  TA0_N_IRQHandler               
00000b33  TA1_0_IRQHandler               
00000b33  TA1_N_IRQHandler               
00000b33  TA2_0_IRQHandler               
00000b33  TA2_N_IRQHandler               
00000b33  TA3_0_IRQHandler               
00000b33  TA3_N_IRQHandler               
00000b33  UsageFault_Handler             
00000b33  WDT_A_IRQHandler               
00000b35  main                           
00001299  __aeabi_dsub                   
000012a3  __aeabi_dadd                   
0000144f  _nop                           
0000158d  __aeabi_ddiv                   
000016c3  __aeabi_idiv0                  
000016c3  __aeabi_ldiv0                  
000017e9  fputs                          
000018fd  ldexp                          
000018fd  ldexpl                         
000018fd  scalbn                         
000018fd  scalbnl                        
00001a0d  aligned_alloc                  
00001a0d  memalign                       
00001c19  __aeabi_dmul                   
00001d15  CS_getDCOFrequency             
00001e0d  DMA_setChannelTransfer         
00001efd  free                           
00001fe1  setvbuf                        
0000216f  __aeabi_memcpy                 
0000216f  __aeabi_memcpy4                
0000216f  __aeabi_memcpy8                
0000216f  memcpy                         
0000220b  __aeabi_uldivmod               
000022a1  SysCtl_A_getTLVInfo            
00002335  fputc                          
00002335  putc                           
000023c1  __aeabi_cdcmpeq                
000023c1  __aeabi_cdcmple                
00002447  __aeabi_cdrcmple               
00002549  __aeabi_memclr                 
00002549  __aeabi_memclr4                
00002549  __aeabi_memclr8                
0000254b  __aeabi_memset                 
0000254b  __aeabi_memset4                
0000254b  __aeabi_memset8                
00002551  memset                         
000025c5  SystemInit                     
0000263d  __TI_closefile                 
00002791  HOSTrename                     
000027fd  HOSTlseek                      
00002865  __TI_decompress_lzss           
000028cd  printf                         
00002935  frexp                          
00002935  frexpl                         
00002999  fseek                          
00002a5f  __TI_wrt_ok                    
00002ac1  HOSTopen                       
00002b21  close                          
00002b7d  HOSTread                       
00002bd5  HOSTwrite                      
00002c83  __TI_ltoa                      
00002d29  __TI_doflush                   
00002d75  atoi                           
00002dc1  exit                           
00002e09  __aeabi_d2iz                   
00002e51  HOSTclose                      
00002e95  HOSTunlink                     
00002ed9  __TI_auto_init_nobinit_nopinit 
00002f1d  getdevice                      
00002fa1  CRC32_getResult                
00002fd9  __TI_writemsg                  
00003007  C$$IO$$                        
00003011  strncpy                        
00003049  __TI_cleanup                   
0000307d  __TI_readmsg                   
000030b1  _c_int00_noargs                
000030e5  CS_clearInterruptFlag          
00003115  DMA_INT1_IRQHandler            
00003115  DMA_INT1_IRQHandler            
00003145  finddevice                     
00003175  __aeabi_i2d                    
000031a5  remove                         
000031a5  unlink                         
000031d1  CS_getMCLK                     
00003221  lseek                          
00003249  write                          
00003271  memchr                         
000032ad  memccpy                        
000032c9  copysign                       
000032c9  copysignl                      
000032e3  strcmp                         
000032fb  strchr                         
00003311  strcpy                         
00003325  strlen                         
00003339  wcslen                         
0000334b  __TI_decompress_none           
00003359  Reset_Handler                  
00003365  __TI_zero_init                 
00003371  __aeabi_errno_addr             
00003379  malloc                         
00003389  _system_pre_init               
0000338d  C$$EXIT                        
0000338d  abort                          
00003390  _ctypes_                       
00003520  __TI_Handler_Table_Base        
0000352c  __TI_Handler_Table_Limit       
00003538  __TI_CINIT_Base                
00003548  __TI_CINIT_Limit               
20000000  __start___llvm_prf_cnts        
20000000  __stop___llvm_prf_cnts         
20000000  data_array                     
20002800  controlTable                   
20002c00  __CIOBUF_                      
20002d20  __TI_tmpnams                   
20002dc8  parmbuf                        
20002dd4  dma_done                       
20002dd8  num_blocks                     
20002ddc  size                           
20002de0  _sys_memory                    
200035e0  _ftable                        
200036d0  _device                        
20003748  _stream                        
20003798  size_array                     
200037b8  __TI_ft_end                    
200037bc  __aeabi_stdin                  
200037c0  __aeabi_stdout                 
200037c4  __aeabi_stderr                 
200037c8  __TI_cleanup_ptr               
200037cc  __TI_dtors_ptr                 
200037d0  __TI_enable_exit_profile_output
200037d4  _lock                          
200037d8  _unlock                        
200037e4  errno                          
2000fe00  __stack                        
20010000  __STACK_END                    
4000480c  WDTCTL_SYM                     
ffffffff  __TI_pprof_out_hndl            
ffffffff  __TI_prof_data_size            
ffffffff  __TI_prof_data_start           
ffffffff  __binit__                      
ffffffff  __c_args__                     
ffffffff  binit                          
UNDEFED   __mpu_init                     
UNDEFED   _system_post_cinit             

[190 symbols]
